74.108.36.131 - - [08/Nov/2017:13:32:49 -0500] "GET /plugins/revolutionslider/assets/large_left.png HTTP/1.1" 200 1113 "http://getrepsheet.com/plugins/revolutionslider/css/settings.css" "Mozilla/5.0 (Windows NT 10.0; Win64; x64) AppleWebKit/537.36 (KHTML, like Gecko) Chrome/62.0.3202.89 Safari/537.36"
74.108.36.131 - - [08/Nov/2017:13:32:49 -0500] "GET /favicon.ico HTTP/1.1" 200 1406 "http://getrepsheet.com/" "Mozilla/5.0 (Windows NT 10.0; Win64; x64) AppleWebKit/537.36 (KHTML, like Gecko) Chrome/62.0.3202.89 Safari/537.36"
120.52.120.5 - - [08/Nov/2017:13:39:05 -0500] "POST /xmlrpc.php HTTP/1.0" 403 3652 "-" "Mozilla/5.0 (compatible; Googlebot/2.1;  http://www.google.com/bot.html)"
120.52.120.5 - - [08/Nov/2017:13:51:33 -0500] "POST /xmlrpc.php HTTP/1.0" 403 3652 "-" "Mozilla/5.0 (compatible; Googlebot/2.1;  http://www.google.com/bot.html)"
120.52.120.5 - - [08/Nov/2017:13:56:11 -0500] "POST /xmlrpc.php HTTP/1.0" 403 3652 "-" "Mozilla/5.0 (compatible; Googlebot/2.1;  http://www.google.com/bot.html)"
45.77.243.168 - - [08/Nov/2017:13:59:14 -0500] "GET /index.php?m=Home&c=New&a=news_content&language=zh-cn&id=10 HTTP/1.1" 403 3652 "-" "-"
120.52.120.5 - - [08/Nov/2017:13:59:21 -0500] "POST /xmlrpc.php HTTP/1.0" 403 3652 "-" "Mozilla/5.0 (compatible; Googlebot/2.1;  http://www.google.com/bot.html)"
120.52.120.5 - - [08/Nov/2017:14:02:13 -0500] "POST /xmlrpc.php HTTP/1.0" 403 3652 "-" "Mozilla/5.0 (compatible; Googlebot/2.1;  http://www.google.com/bot.html)"
120.52.120.5 - - [08/Nov/2017:14:11:14 -0500] "POST /xmlrpc.php HTTP/1.0" 403 3652 "-" "Mozilla/5.0 (compatible; Googlebot/2.1;  http://www.google.com/bot.html)"
120.52.120.5 - - [08/Nov/2017:14:27:47 -0500] "POST /xmlrpc.php HTTP/1.0" 403 3652 "-" "Mozilla/5.0 (compatible; Googlebot/2.1;  http://www.google.com/bot.html)"
120.52.120.5 - - [08/Nov/2017:14:30:56 -0500] "POST /xmlrpc.php HTTP/1.0" 403 3652 "-" "Mozilla/5.0 (compatible; Googlebot/2.1;  http://www.google.com/bot.html)"
109.173.145.78 - - [08/Nov/2017:14:38:49 -0500] "GET / HTTP/1.1" 200 2947 "https://www.google.pl/" "Mozilla/5.0 (X11; Linux x86_64) AppleWebKit/537.36 (KHTML, like Gecko) Chrome/55.0.2883.87 Safari/537.36"
109.173.145.78 - - [08/Nov/2017:14:38:49 -0500] "GET /assets/css/framework.css HTTP/1.1" 200 15179 "https://getrepsheet.com/" "Mozilla/5.0 (X11; Linux x86_64) AppleWebKit/537.36 (KHTML, like Gecko) Chrome/55.0.2883.87 Safari/537.36"
109.173.145.78 - - [08/Nov/2017:14:38:50 -0500] "GET /assets/css/typography.css HTTP/1.1" 200 4508 "https://getrepsheet.com/" "Mozilla/5.0 (X11; Linux x86_64) AppleWebKit/537.36 (KHTML, like Gecko) Chrome/55.0.2883.87 Safari/537.36"
109.173.145.78 - - [08/Nov/2017:14:38:50 -0500] "GET /assets/js/jquery-1.9.1.min.js HTTP/1.1" 200 92629 "https://getrepsheet.com/" "Mozilla/5.0 (X11; Linux x86_64) AppleWebKit/537.36 (KHTML, like Gecko) Chrome/55.0.2883.87 Safari/537.36"
109.173.145.78 - - [08/Nov/2017:14:38:50 -0500] "GET /assets/css/main.css HTTP/1.1" 200 21384 "https://getrepsheet.com/" "Mozilla/5.0 (X11; Linux x86_64) AppleWebKit/537.36 (KHTML, like Gecko) Chrome/55.0.2883.87 Safari/537.36"
109.173.145.78 - - [08/Nov/2017:14:38:50 -0500] "GET /assets/css/widgets.css HTTP/1.1" 200 55021 "https://getrepsheet.com/" "Mozilla/5.0 (X11; Linux x86_64) AppleWebKit/537.36 (KHTML, like Gecko) Chrome/55.0.2883.87 Safari/537.36"
109.173.145.78 - - [08/Nov/2017:14:38:50 -0500] "GET /assets/css/icons.css HTTP/1.1" 200 4965 "https://getrepsheet.com/" "Mozilla/5.0 (X11; Linux x86_64) AppleWebKit/537.36 (KHTML, like Gecko) Chrome/55.0.2883.87 Safari/537.36"
109.173.145.78 - - [08/Nov/2017:14:38:50 -0500] "GET /assets/css/colors.css HTTP/1.1" 200 2308 "https://getrepsheet.com/" "Mozilla/5.0 (X11; Linux x86_64) AppleWebKit/537.36 (KHTML, like Gecko) Chrome/55.0.2883.87 Safari/537.36"
109.173.145.78 - - [08/Nov/2017:14:38:50 -0500] "GET /assets/css/fonts/glyphicons/style.css HTTP/1.1" 200 19984 "https://getrepsheet.com/" "Mozilla/5.0 (X11; Linux x86_64) AppleWebKit/537.36 (KHTML, like Gecko) Chrome/55.0.2883.87 Safari/537.36"
109.173.145.78 - - [08/Nov/2017:14:38:50 -0500] "GET /assets/css/customizer.css HTTP/1.1" 200 5845 "https://getrepsheet.com/" "Mozilla/5.0 (X11; Linux x86_64) AppleWebKit/537.36 (KHTML, like Gecko) Chrome/55.0.2883.87 Safari/537.36"
109.173.145.78 - - [08/Nov/2017:14:38:50 -0500] "GET /plugins/revolutionslider/css/settings.css HTTP/1.1" 200 23805 "https://getrepsheet.com/" "Mozilla/5.0 (X11; Linux x86_64) AppleWebKit/537.36 (KHTML, like Gecko) Chrome/55.0.2883.87 Safari/537.36"
109.173.145.78 - - [08/Nov/2017:14:38:50 -0500] "GET /assets/img/bg.png HTTP/1.1" 200 711 "https://getrepsheet.com/" "Mozilla/5.0 (X11; Linux x86_64) AppleWebKit/537.36 (KHTML, like Gecko) Chrome/55.0.2883.87 Safari/537.36"
109.173.145.78 - - [08/Nov/2017:14:38:50 -0500] "GET /plugins/revolutionslider/js/jquery.themepunch.plugins.min.js HTTP/1.1" 200 17162 "https://getrepsheet.com/" "Mozilla/5.0 (X11; Linux x86_64) AppleWebKit/537.36 (KHTML, like Gecko) Chrome/55.0.2883.87 Safari/537.36"
109.173.145.78 - - [08/Nov/2017:14:38:50 -0500] "GET /plugins/revolutionslider/js/jquery.themepunch.revolution.min.js HTTP/1.1" 200 55943 "https://getrepsheet.com/" "Mozilla/5.0 (X11; Linux x86_64) AppleWebKit/537.36 (KHTML, like Gecko) Chrome/55.0.2883.87 Safari/537.36"
109.173.145.78 - - [08/Nov/2017:14:38:50 -0500] "GET /assets/js/joiee.setup.js HTTP/1.1" 200 9184 "https://getrepsheet.com/" "Mozilla/5.0 (X11; Linux x86_64) AppleWebKit/537.36 (KHTML, like Gecko) Chrome/55.0.2883.87 Safari/537.36"
109.173.145.78 - - [08/Nov/2017:14:38:50 -0500] "GET /assets/js/joiee.plugins.js HTTP/1.1" 200 18035 "https://getrepsheet.com/" "Mozilla/5.0 (X11; Linux x86_64) AppleWebKit/537.36 (KHTML, like Gecko) Chrome/55.0.2883.87 Safari/537.36"
109.173.145.78 - - [08/Nov/2017:14:38:50 -0500] "GET /assets/img/noise.png HTTP/1.1" 200 5903 "https://getrepsheet.com/assets/css/main.css" "Mozilla/5.0 (X11; Linux x86_64) AppleWebKit/537.36 (KHTML, like Gecko) Chrome/55.0.2883.87 Safari/537.36"
109.173.145.78 - - [08/Nov/2017:14:38:50 -0500] "GET /assets/img/slider-wrap-bg.png HTTP/1.1" 200 253 "https://getrepsheet.com/assets/css/main.css" "Mozilla/5.0 (X11; Linux x86_64) AppleWebKit/537.36 (KHTML, like Gecko) Chrome/55.0.2883.87 Safari/537.36"
109.173.145.78 - - [08/Nov/2017:14:38:50 -0500] "GET /plugins/revolutionslider/assets/loader.gif HTTP/1.1" 200 2545 "https://getrepsheet.com/plugins/revolutionslider/css/settings.css" "Mozilla/5.0 (X11; Linux x86_64) AppleWebKit/537.36 (KHTML, like Gecko) Chrome/55.0.2883.87 Safari/537.36"
109.173.145.78 - - [08/Nov/2017:14:38:50 -0500] "GET /plugins/revolutionslider/assets/large_right.png HTTP/1.1" 200 1111 "https://getrepsheet.com/plugins/revolutionslider/css/settings.css" "Mozilla/5.0 (X11; Linux x86_64) AppleWebKit/537.36 (KHTML, like Gecko) Chrome/55.0.2883.87 Safari/537.36"
109.173.145.78 - - [08/Nov/2017:14:38:50 -0500] "GET /plugins/revolutionslider/assets/large_left.png HTTP/1.1" 200 1113 "https://getrepsheet.com/plugins/revolutionslider/css/settings.css" "Mozilla/5.0 (X11; Linux x86_64) AppleWebKit/537.36 (KHTML, like Gecko) Chrome/55.0.2883.87 Safari/537.36"
109.173.145.78 - - [08/Nov/2017:14:38:50 -0500] "GET /assets/css/fonts/glyphicons/glyphicons.woff HTTP/1.1" 200 134328 "https://getrepsheet.com/assets/css/fonts/glyphicons/style.css" "Mozilla/5.0 (X11; Linux x86_64) AppleWebKit/537.36 (KHTML, like Gecko) Chrome/55.0.2883.87 Safari/537.36"
109.173.145.78 - - [08/Nov/2017:14:38:51 -0500] "GET /favicon.ico HTTP/1.1" 200 1406 "https://getrepsheet.com/" "Mozilla/5.0 (X11; Linux x86_64) AppleWebKit/537.36 (KHTML, like Gecko) Chrome/55.0.2883.87 Safari/537.36"
109.173.145.78 - - [08/Nov/2017:14:39:09 -0500] "GET /assets/img/bg.png HTTP/1.1" 200 711 "https://getrepsheet.com/" "Mozilla/5.0 (X11; Linux x86_64) AppleWebKit/537.36 (KHTML, like Gecko) Chrome/55.0.2883.87 Safari/537.36"
120.52.120.5 - - [08/Nov/2017:14:54:16 -0500] "POST /xmlrpc.php HTTP/1.0" 403 3652 "-" "Mozilla/5.0 (compatible; Googlebot/2.1;  http://www.google.com/bot.html)"
120.52.120.5 - - [08/Nov/2017:14:57:20 -0500] "POST /xmlrpc.php HTTP/1.0" 403 3652 "-" "Mozilla/5.0 (compatible; Googlebot/2.1;  http://www.google.com/bot.html)"
120.52.120.5 - - [08/Nov/2017:15:00:35 -0500] "POST /xmlrpc.php HTTP/1.0" 403 3652 "-" "Mozilla/5.0 (compatible; Googlebot/2.1;  http://www.google.com/bot.html)"
120.52.120.5 - - [08/Nov/2017:15:03:52 -0500] "POST /xmlrpc.php HTTP/1.0" 403 3652 "-" "Mozilla/5.0 (compatible; Googlebot/2.1;  http://www.google.com/bot.html)"
120.52.120.5 - - [08/Nov/2017:15:06:39 -0500] "POST /xmlrpc.php HTTP/1.0" 403 3652 "-" "Mozilla/5.0 (compatible; Googlebot/2.1;  http://www.google.com/bot.html)"
120.52.120.5 - - [08/Nov/2017:15:15:54 -0500] "POST /xmlrpc.php HTTP/1.0" 403 3652 "-" "Mozilla/5.0 (compatible; Googlebot/2.1;  http://www.google.com/bot.html)"
120.52.120.5 - - [08/Nov/2017:15:32:45 -0500] "POST /xmlrpc.php HTTP/1.0" 403 3652 "-" "Mozilla/5.0 (compatible; Googlebot/2.1;  http://www.google.com/bot.html)"
120.52.120.5 - - [08/Nov/2017:15:36:00 -0500] "POST /xmlrpc.php HTTP/1.0" 403 3652 "-" "Mozilla/5.0 (compatible; Googlebot/2.1;  http://www.google.com/bot.html)"
177.161.18.244 - - [08/Nov/2017:15:37:52 -0500] "GET / HTTP/1.0" 200 10397 "-" "masscan/1.0"
177.161.18.244 - - [08/Nov/2017:15:37:53 -0500] "GET / HTTP/1.0" 200 10397 "-" "masscan/1.0"
177.161.18.244 - - [08/Nov/2017:15:37:54 -0500] "GET / HTTP/1.0" 200 10397 "-" "masscan/1.0"
120.52.120.5 - - [08/Nov/2017:15:43:32 -0500] "POST /xmlrpc.php HTTP/1.0" 403 3652 "-" "Mozilla/5.0 (compatible; Googlebot/2.1;  http://www.google.com/bot.html)"
120.52.120.5 - - [08/Nov/2017:15:49:21 -0500] "POST /xmlrpc.php HTTP/1.0" 403 3652 "-" "Mozilla/5.0 (compatible; Googlebot/2.1;  http://www.google.com/bot.html)"
120.52.120.5 - - [08/Nov/2017:15:58:44 -0500] "POST /xmlrpc.php HTTP/1.0" 403 3652 "-" "Mozilla/5.0 (compatible; Googlebot/2.1;  http://www.google.com/bot.html)"
120.52.120.5 - - [08/Nov/2017:16:01:36 -0500] "POST /xmlrpc.php HTTP/1.0" 403 3652 "-" "Mozilla/5.0 (compatible; Googlebot/2.1;  http://www.google.com/bot.html)"
120.52.120.5 - - [08/Nov/2017:16:05:42 -0500] "POST /xmlrpc.php HTTP/1.0" 403 3652 "-" "Mozilla/5.0 (compatible; Googlebot/2.1;  http://www.google.com/bot.html)"
84.201.133.71 - - [08/Nov/2017:16:12:38 -0500] "GET /robots.txt HTTP/1.1" 200 24 "-" "Mozilla/5.0 (compatible; YandexBot/3.0; +http://yandex.com/bots)"
93.158.161.42 - - [08/Nov/2017:16:12:38 -0500] "GET /robots.txt HTTP/1.1" 200 24 "-" "Mozilla/5.0 (compatible; YandexBot/3.0; +http://yandex.com/bots)"
84.201.133.71 - - [08/Nov/2017:16:12:41 -0500] "GET / HTTP/1.1" 200 2947 "-" "Mozilla/5.0 (compatible; YandexBot/3.0; +http://yandex.com/bots)"
93.158.161.42 - - [08/Nov/2017:16:12:42 -0500] "GET / HTTP/1.1" 200 2947 "-" "Mozilla/5.0 (compatible; YandexBot/3.0; +http://yandex.com/bots)"
120.52.120.5 - - [08/Nov/2017:16:15:32 -0500] "POST /xmlrpc.php HTTP/1.0" 403 3652 "-" "Mozilla/5.0 (compatible; Googlebot/2.1;  http://www.google.com/bot.html)"
164.132.91.13 - - [08/Nov/2017:16:16:14 -0500] "GET / HTTP/1.1" 200 10397 "-" "Mozilla/5.0 (Windows NT 6.3; WOW64) AppleWebKit/537.36"
120.52.120.5 - - [08/Nov/2017:16:18:50 -0500] "POST /xmlrpc.php HTTP/1.0" 403 3652 "-" "Mozilla/5.0 (compatible; Googlebot/2.1;  http://www.google.com/bot.html)"
120.52.120.5 - - [08/Nov/2017:16:22:06 -0500] "POST /xmlrpc.php HTTP/1.0" 403 3652 "-" "Mozilla/5.0 (compatible; Googlebot/2.1;  http://www.google.com/bot.html)"
120.52.120.5 - - [08/Nov/2017:16:35:48 -0500] "POST /xmlrpc.php HTTP/1.0" 403 3652 "-" "Mozilla/5.0 (compatible; Googlebot/2.1;  http://www.google.com/bot.html)"
120.52.120.5 - - [08/Nov/2017:16:38:48 -0500] "POST /xmlrpc.php HTTP/1.0" 403 3652 "-" "Mozilla/5.0 (compatible; Googlebot/2.1;  http://www.google.com/bot.html)"
120.52.120.5 - - [08/Nov/2017:16:41:33 -0500] "POST /xmlrpc.php HTTP/1.0" 403 3652 "-" "Mozilla/5.0 (compatible; Googlebot/2.1;  http://www.google.com/bot.html)"
120.52.120.5 - - [08/Nov/2017:16:44:25 -0500] "POST /xmlrpc.php HTTP/1.0" 403 3652 "-" "Mozilla/5.0 (compatible; Googlebot/2.1;  http://www.google.com/bot.html)"
120.52.120.5 - - [08/Nov/2017:16:58:14 -0500] "POST /xmlrpc.php HTTP/1.0" 403 3652 "-" "Mozilla/5.0 (compatible; Googlebot/2.1;  http://www.google.com/bot.html)"
84.201.133.71 - - [08/Nov/2017:17:00:31 -0500] "GET /favicon.ico HTTP/1.1" 200 1406 "-" "Mozilla/5.0 (compatible; YandexBot/3.0; +http://yandex.com/bots)"
120.52.120.5 - - [08/Nov/2017:17:01:26 -0500] "POST /xmlrpc.php HTTP/1.0" 403 3652 "-" "Mozilla/5.0 (compatible; Googlebot/2.1;  http://www.google.com/bot.html)"
120.52.120.5 - - [08/Nov/2017:17:05:57 -0500] "POST /xmlrpc.php HTTP/1.0" 403 3652 "-" "Mozilla/5.0 (compatible; Googlebot/2.1;  http://www.google.com/bot.html)"
120.52.120.5 - - [08/Nov/2017:17:10:23 -0500] "POST /xmlrpc.php HTTP/1.0" 403 3652 "-" "Mozilla/5.0 (compatible; Googlebot/2.1;  http://www.google.com/bot.html)"
120.52.120.5 - - [08/Nov/2017:17:13:45 -0500] "POST /xmlrpc.php HTTP/1.0" 403 3652 "-" "Mozilla/5.0 (compatible; Googlebot/2.1;  http://www.google.com/bot.html)"
69.30.210.242 - - [08/Nov/2017:17:15:08 -0500] "GET /robots.txt HTTP/1.1" 200 24 "-" "Mozilla/5.0 (compatible; MJ12bot/v1.4.7; http://mj12bot.com/)"
69.30.210.242 - - [08/Nov/2017:17:15:19 -0500] "GET /modsecurity.org HTTP/1.1" 404 3732 "-" "Mozilla/5.0 (compatible; MJ12bot/v1.4.7; http://mj12bot.com/)"
120.52.120.5 - - [08/Nov/2017:17:16:56 -0500] "POST /xmlrpc.php HTTP/1.0" 403 3652 "-" "Mozilla/5.0 (compatible; Googlebot/2.1;  http://www.google.com/bot.html)"
120.52.120.5 - - [08/Nov/2017:17:35:57 -0500] "POST /xmlrpc.php HTTP/1.0" 403 3652 "-" "Mozilla/5.0 (compatible; Googlebot/2.1;  http://www.google.com/bot.html)"
172.104.108.109 - - [08/Nov/2017:17:38:34 -0500] "GET / HTTP/1.1" 200 2947 "-" "Mozilla/5.0"
120.52.120.5 - - [08/Nov/2017:17:38:48 -0500] "POST /xmlrpc.php HTTP/1.0" 403 3652 "-" "Mozilla/5.0 (compatible; Googlebot/2.1;  http://www.google.com/bot.html)"
120.52.120.5 - - [08/Nov/2017:17:42:09 -0500] "POST /xmlrpc.php HTTP/1.0" 403 3652 "-" "Mozilla/5.0 (compatible; Googlebot/2.1;  http://www.google.com/bot.html)"
120.52.120.5 - - [08/Nov/2017:17:46:43 -0500] "POST /xmlrpc.php HTTP/1.0" 403 3652 "-" "Mozilla/5.0 (compatible; Googlebot/2.1;  http://www.google.com/bot.html)"
207.46.13.142 - - [08/Nov/2017:17:49:46 -0500] "GET / HTTP/1.1" 200 2947 "-" "Mozilla/5.0 (compatible; bingbot/2.0; +http://www.bing.com/bingbot.htm)"
120.52.120.5 - - [08/Nov/2017:17:50:52 -0500] "POST /xmlrpc.php HTTP/1.0" 403 3652 "-" "Mozilla/5.0 (compatible; Googlebot/2.1;  http://www.google.com/bot.html)"
174.221.130.253 - - [08/Nov/2017:17:54:02 -0500] "GET / HTTP/1.1" 200 2947 "-" "Mozilla/5.0 (Macintosh; Intel Mac OS X 10_12_6) AppleWebKit/537.36 (KHTML, like Gecko) Chrome/61.0.3163.100 Safari/537.36"
174.221.130.253 - - [08/Nov/2017:17:54:02 -0500] "GET /assets/css/framework.css HTTP/1.1" 200 15179 "https://getrepsheet.com/" "Mozilla/5.0 (Macintosh; Intel Mac OS X 10_12_6) AppleWebKit/537.36 (KHTML, like Gecko) Chrome/61.0.3163.100 Safari/537.36"
174.221.130.253 - - [08/Nov/2017:17:54:02 -0500] "GET /assets/css/typography.css HTTP/1.1" 200 4508 "https://getrepsheet.com/" "Mozilla/5.0 (Macintosh; Intel Mac OS X 10_12_6) AppleWebKit/537.36 (KHTML, like Gecko) Chrome/61.0.3163.100 Safari/537.36"
174.221.130.253 - - [08/Nov/2017:17:54:02 -0500] "GET /assets/css/main.css HTTP/1.1" 200 21384 "https://getrepsheet.com/" "Mozilla/5.0 (Macintosh; Intel Mac OS X 10_12_6) AppleWebKit/537.36 (KHTML, like Gecko) Chrome/61.0.3163.100 Safari/537.36"
174.221.130.253 - - [08/Nov/2017:17:54:02 -0500] "GET /assets/css/widgets.css HTTP/1.1" 200 55021 "https://getrepsheet.com/" "Mozilla/5.0 (Macintosh; Intel Mac OS X 10_12_6) AppleWebKit/537.36 (KHTML, like Gecko) Chrome/61.0.3163.100 Safari/537.36"
174.221.130.253 - - [08/Nov/2017:17:54:02 -0500] "GET /assets/css/icons.css HTTP/1.1" 200 4965 "https://getrepsheet.com/" "Mozilla/5.0 (Macintosh; Intel Mac OS X 10_12_6) AppleWebKit/537.36 (KHTML, like Gecko) Chrome/61.0.3163.100 Safari/537.36"
174.221.130.253 - - [08/Nov/2017:17:54:02 -0500] "GET /assets/css/colors.css HTTP/1.1" 200 2308 "https://getrepsheet.com/" "Mozilla/5.0 (Macintosh; Intel Mac OS X 10_12_6) AppleWebKit/537.36 (KHTML, like Gecko) Chrome/61.0.3163.100 Safari/537.36"
174.221.130.253 - - [08/Nov/2017:17:54:02 -0500] "GET /assets/css/fonts/glyphicons/style.css HTTP/1.1" 200 19984 "https://getrepsheet.com/" "Mozilla/5.0 (Macintosh; Intel Mac OS X 10_12_6) AppleWebKit/537.36 (KHTML, like Gecko) Chrome/61.0.3163.100 Safari/537.36"
174.221.130.253 - - [08/Nov/2017:17:54:03 -0500] "GET /assets/css/customizer.css HTTP/1.1" 200 5845 "https://getrepsheet.com/" "Mozilla/5.0 (Macintosh; Intel Mac OS X 10_12_6) AppleWebKit/537.36 (KHTML, like Gecko) Chrome/61.0.3163.100 Safari/537.36"
174.221.130.253 - - [08/Nov/2017:17:54:03 -0500] "GET /plugins/revolutionslider/css/settings.css HTTP/1.1" 200 23805 "https://getrepsheet.com/" "Mozilla/5.0 (Macintosh; Intel Mac OS X 10_12_6) AppleWebKit/537.36 (KHTML, like Gecko) Chrome/61.0.3163.100 Safari/537.36"
174.221.130.253 - - [08/Nov/2017:17:54:03 -0500] "GET /assets/js/jquery-1.9.1.min.js HTTP/1.1" 200 92629 "https://getrepsheet.com/" "Mozilla/5.0 (Macintosh; Intel Mac OS X 10_12_6) AppleWebKit/537.36 (KHTML, like Gecko) Chrome/61.0.3163.100 Safari/537.36"
174.221.130.253 - - [08/Nov/2017:17:54:03 -0500] "GET /assets/img/bg.png HTTP/1.1" 200 711 "https://getrepsheet.com/" "Mozilla/5.0 (Macintosh; Intel Mac OS X 10_12_6) AppleWebKit/537.36 (KHTML, like Gecko) Chrome/61.0.3163.100 Safari/537.36"
174.221.130.253 - - [08/Nov/2017:17:54:04 -0500] "GET /assets/img/slider-wrap-bg.png HTTP/1.1" 200 253 "https://getrepsheet.com/assets/css/main.css" "Mozilla/5.0 (Macintosh; Intel Mac OS X 10_12_6) AppleWebKit/537.36 (KHTML, like Gecko) Chrome/61.0.3163.100 Safari/537.36"
174.221.130.253 - - [08/Nov/2017:17:54:04 -0500] "GET /assets/img/noise.png HTTP/1.1" 200 5903 "https://getrepsheet.com/assets/css/main.css" "Mozilla/5.0 (Macintosh; Intel Mac OS X 10_12_6) AppleWebKit/537.36 (KHTML, like Gecko) Chrome/61.0.3163.100 Safari/537.36"
174.221.130.253 - - [08/Nov/2017:17:54:04 -0500] "GET /plugins/revolutionslider/js/jquery.themepunch.plugins.min.js HTTP/1.1" 200 17162 "https://getrepsheet.com/" "Mozilla/5.0 (Macintosh; Intel Mac OS X 10_12_6) AppleWebKit/537.36 (KHTML, like Gecko) Chrome/61.0.3163.100 Safari/537.36"
174.221.130.253 - - [08/Nov/2017:17:54:04 -0500] "GET /plugins/revolutionslider/js/jquery.themepunch.revolution.min.js HTTP/1.1" 200 55943 "https://getrepsheet.com/" "Mozilla/5.0 (Macintosh; Intel Mac OS X 10_12_6) AppleWebKit/537.36 (KHTML, like Gecko) Chrome/61.0.3163.100 Safari/537.36"
174.221.130.253 - - [08/Nov/2017:17:54:04 -0500] "GET /assets/js/joiee.plugins.js HTTP/1.1" 200 18035 "https://getrepsheet.com/" "Mozilla/5.0 (Macintosh; Intel Mac OS X 10_12_6) AppleWebKit/537.36 (KHTML, like Gecko) Chrome/61.0.3163.100 Safari/537.36"
174.221.130.253 - - [08/Nov/2017:17:54:04 -0500] "GET /assets/js/joiee.setup.js HTTP/1.1" 200 9184 "https://getrepsheet.com/" "Mozilla/5.0 (Macintosh; Intel Mac OS X 10_12_6) AppleWebKit/537.36 (KHTML, like Gecko) Chrome/61.0.3163.100 Safari/537.36"
174.221.130.253 - - [08/Nov/2017:17:54:04 -0500] "GET /assets/css/fonts/glyphicons/glyphicons.woff HTTP/1.1" 200 134328 "https://getrepsheet.com/assets/css/fonts/glyphicons/style.css" "Mozilla/5.0 (Macintosh; Intel Mac OS X 10_12_6) AppleWebKit/537.36 (KHTML, like Gecko) Chrome/61.0.3163.100 Safari/537.36"
174.221.130.253 - - [08/Nov/2017:17:54:06 -0500] "GET /plugins/revolutionslider/assets/loader.gif HTTP/1.1" 200 2545 "https://getrepsheet.com/plugins/revolutionslider/css/settings.css" "Mozilla/5.0 (Macintosh; Intel Mac OS X 10_12_6) AppleWebKit/537.36 (KHTML, like Gecko) Chrome/61.0.3163.100 Safari/537.36"
174.221.130.253 - - [08/Nov/2017:17:54:06 -0500] "GET /assets/img/bg.png HTTP/1.1" 200 711 "https://getrepsheet.com/" "Mozilla/5.0 (Macintosh; Intel Mac OS X 10_12_6) AppleWebKit/537.36 (KHTML, like Gecko) Chrome/61.0.3163.100 Safari/537.36"
174.221.130.253 - - [08/Nov/2017:17:54:06 -0500] "GET /plugins/revolutionslider/assets/large_right.png HTTP/1.1" 200 1111 "https://getrepsheet.com/plugins/revolutionslider/css/settings.css" "Mozilla/5.0 (Macintosh; Intel Mac OS X 10_12_6) AppleWebKit/537.36 (KHTML, like Gecko) Chrome/61.0.3163.100 Safari/537.36"
174.221.130.253 - - [08/Nov/2017:17:54:06 -0500] "GET /plugins/revolutionslider/assets/large_left.png HTTP/1.1" 200 1113 "https://getrepsheet.com/plugins/revolutionslider/css/settings.css" "Mozilla/5.0 (Macintosh; Intel Mac OS X 10_12_6) AppleWebKit/537.36 (KHTML, like Gecko) Chrome/61.0.3163.100 Safari/537.36"
174.221.130.253 - - [08/Nov/2017:17:54:06 -0500] "GET /assets/img/bg.png HTTP/1.1" 200 711 "https://getrepsheet.com/" "Mozilla/5.0 (Macintosh; Intel Mac OS X 10_12_6) AppleWebKit/537.36 (KHTML, like Gecko) Chrome/61.0.3163.100 Safari/537.36"
120.52.120.5 - - [08/Nov/2017:17:54:11 -0500] "POST /xmlrpc.php HTTP/1.0" 403 3652 "-" "Mozilla/5.0 (compatible; Googlebot/2.1;  http://www.google.com/bot.html)"
120.52.120.5 - - [08/Nov/2017:17:57:34 -0500] "POST /xmlrpc.php HTTP/1.0" 403 3652 "-" "Mozilla/5.0 (compatible; Googlebot/2.1;  http://www.google.com/bot.html)"
120.52.120.5 - - [08/Nov/2017:18:00:22 -0500] "POST /xmlrpc.php HTTP/1.0" 403 3652 "-" "Mozilla/5.0 (compatible; Googlebot/2.1;  http://www.google.com/bot.html)"
120.52.120.5 - - [08/Nov/2017:18:03:20 -0500] "POST /xmlrpc.php HTTP/1.0" 403 3652 "-" "Mozilla/5.0 (compatible; Googlebot/2.1;  http://www.google.com/bot.html)"
120.52.120.5 - - [08/Nov/2017:18:12:23 -0500] "POST /xmlrpc.php HTTP/1.0" 403 3652 "-" "Mozilla/5.0 (compatible; Googlebot/2.1;  http://www.google.com/bot.html)"
120.52.120.5 - - [08/Nov/2017:18:14:55 -0500] "POST /xmlrpc.php HTTP/1.0" 403 3652 "-" "Mozilla/5.0 (compatible; Googlebot/2.1;  http://www.google.com/bot.html)"
120.52.120.5 - - [08/Nov/2017:18:23:58 -0500] "POST /xmlrpc.php HTTP/1.0" 403 3652 "-" "Mozilla/5.0 (compatible; Googlebot/2.1;  http://www.google.com/bot.html)"
120.52.120.5 - - [08/Nov/2017:18:27:43 -0500] "POST /xmlrpc.php HTTP/1.0" 403 3652 "-" "Mozilla/5.0 (compatible; Googlebot/2.1;  http://www.google.com/bot.html)"
120.52.120.5 - - [08/Nov/2017:18:30:25 -0500] "POST /xmlrpc.php HTTP/1.0" 403 3652 "-" "Mozilla/5.0 (compatible; Googlebot/2.1;  http://www.google.com/bot.html)"
120.52.120.5 - - [08/Nov/2017:18:42:42 -0500] "POST /xmlrpc.php HTTP/1.0" 403 3652 "-" "Mozilla/5.0 (compatible; Googlebot/2.1;  http://www.google.com/bot.html)"
120.52.120.5 - - [08/Nov/2017:19:05:36 -0500] "POST /xmlrpc.php HTTP/1.0" 403 3652 "-" "Mozilla/5.0 (compatible; Googlebot/2.1;  http://www.google.com/bot.html)"
120.52.120.5 - - [08/Nov/2017:19:10:11 -0500] "POST /xmlrpc.php HTTP/1.0" 403 3652 "-" "Mozilla/5.0 (compatible; Googlebot/2.1;  http://www.google.com/bot.html)"
120.52.120.5 - - [08/Nov/2017:19:23:51 -0500] "POST /xmlrpc.php HTTP/1.0" 403 3652 "-" "Mozilla/5.0 (compatible; Googlebot/2.1;  http://www.google.com/bot.html)"
120.52.120.5 - - [08/Nov/2017:19:26:41 -0500] "POST /xmlrpc.php HTTP/1.0" 403 3652 "-" "Mozilla/5.0 (compatible; Googlebot/2.1;  http://www.google.com/bot.html)"
120.52.120.5 - - [08/Nov/2017:19:29:38 -0500] "POST /xmlrpc.php HTTP/1.0" 403 3652 "-" "Mozilla/5.0 (compatible; Googlebot/2.1;  http://www.google.com/bot.html)"
180.76.15.147 - - [08/Nov/2017:19:38:24 -0500] "GET /robots.txt HTTP/1.1" 200 24 "-" "Mozilla/5.0 (Windows NT 5.1; rv:6.0.2) Gecko/20100101 Firefox/6.0.2"
180.76.15.134 - - [08/Nov/2017:19:38:24 -0500] "GET /robots.txt HTTP/1.1" 200 24 "-" "Mozilla/5.0 (Windows NT 5.1; rv:6.0.2) Gecko/20100101 Firefox/6.0.2"
180.76.15.30 - - [08/Nov/2017:19:39:52 -0500] "GET /plugins/revolutionslider/js/jquery.themepunch.plugins.min.js HTTP/1.1" 200 17162 "-" "Mozilla/5.0 (compatible; Baiduspider/2.0; +http://www.baidu.com/search/spider.html)"
120.52.120.5 - - [08/Nov/2017:19:46:55 -0500] "POST /xmlrpc.php HTTP/1.0" 403 3652 "-" "Mozilla/5.0 (compatible; Googlebot/2.1;  http://www.google.com/bot.html)"
120.52.120.5 - - [08/Nov/2017:19:50:02 -0500] "POST /xmlrpc.php HTTP/1.0" 403 3652 "-" "Mozilla/5.0 (compatible; Googlebot/2.1;  http://www.google.com/bot.html)"
120.52.120.5 - - [08/Nov/2017:19:58:28 -0500] "POST /xmlrpc.php HTTP/1.0" 403 3652 "-" "Mozilla/5.0 (compatible; Googlebot/2.1;  http://www.google.com/bot.html)"
120.52.120.5 - - [08/Nov/2017:20:02:51 -0500] "POST /xmlrpc.php HTTP/1.0" 403 3652 "-" "Mozilla/5.0 (compatible; Googlebot/2.1;  http://www.google.com/bot.html)"
120.52.120.5 - - [08/Nov/2017:20:18:21 -0500] "POST /xmlrpc.php HTTP/1.0" 403 3652 "-" "Mozilla/5.0 (compatible; Googlebot/2.1;  http://www.google.com/bot.html)"
120.52.120.5 - - [08/Nov/2017:20:21:23 -0500] "POST /xmlrpc.php HTTP/1.0" 403 3652 "-" "Mozilla/5.0 (compatible; Googlebot/2.1;  http://www.google.com/bot.html)"
120.52.120.5 - - [08/Nov/2017:20:24:25 -0500] "POST /xmlrpc.php HTTP/1.0" 403 3652 "-" "Mozilla/5.0 (compatible; Googlebot/2.1;  http://www.google.com/bot.html)"
45.55.25.178 - - [08/Nov/2017:20:33:43 -0500] "GET / HTTP/1.1" 200 2947 "-" "Mozilla/5.0 zgrab/0.x"
204.12.241.98 - - [08/Nov/2017:20:40:24 -0500] "GET /wp-login.php HTTP/1.1" 403 3652 "http://getrepsheet.com/wp-login.php" "Mozilla/4.0 (compatible; MSIE 9.0; Windows NT 6.1; 125LA; .NET CLR 2.0.50727; .NET CLR 3.0.04506.648; .NET CLR 3.5.21022)"
204.12.241.98 - - [08/Nov/2017:20:40:24 -0500] "GET /wp-login.php HTTP/1.1" 403 3652 "http://getrepsheet.com/wp-login.php" "Mozilla/4.0 (compatible; MSIE 9.0; Windows NT 6.1; 125LA; .NET CLR 2.0.50727; .NET CLR 3.0.04506.648; .NET CLR 3.5.21022)"
120.52.120.5 - - [08/Nov/2017:20:53:28 -0500] "POST /xmlrpc.php HTTP/1.0" 403 3652 "-" "Mozilla/5.0 (compatible; Googlebot/2.1;  http://www.google.com/bot.html)"
120.52.120.5 - - [08/Nov/2017:21:01:06 -0500] "POST /xmlrpc.php HTTP/1.0" 403 3652 "-" "Mozilla/5.0 (compatible; Googlebot/2.1;  http://www.google.com/bot.html)"
120.52.120.5 - - [08/Nov/2017:21:07:02 -0500] "POST /xmlrpc.php HTTP/1.0" 403 3652 "-" "Mozilla/5.0 (compatible; Googlebot/2.1;  http://www.google.com/bot.html)"
120.52.120.5 - - [08/Nov/2017:21:09:56 -0500] "POST /xmlrpc.php HTTP/1.0" 403 3652 "-" "Mozilla/5.0 (compatible; Googlebot/2.1;  http://www.google.com/bot.html)"
123.125.71.53 - - [08/Nov/2017:21:14:01 -0500] "GET / HTTP/1.1" 200 2947 "-" "Mozilla/5.0 (compatible; Baiduspider/2.0; +http://www.baidu.com/search/spider.html)"
120.52.120.5 - - [08/Nov/2017:21:27:05 -0500] "POST /xmlrpc.php HTTP/1.0" 403 3652 "-" "Mozilla/5.0 (compatible; Googlebot/2.1;  http://www.google.com/bot.html)"
120.52.120.5 - - [08/Nov/2017:21:30:06 -0500] "POST /xmlrpc.php HTTP/1.0" 403 3652 "-" "Mozilla/5.0 (compatible; Googlebot/2.1;  http://www.google.com/bot.html)"
120.52.120.5 - - [08/Nov/2017:21:33:11 -0500] "POST /xmlrpc.php HTTP/1.0" 403 3652 "-" "Mozilla/5.0 (compatible; Googlebot/2.1;  http://www.google.com/bot.html)"
120.52.120.5 - - [08/Nov/2017:21:38:24 -0500] "POST /xmlrpc.php HTTP/1.0" 403 3652 "-" "Mozilla/5.0 (compatible; Googlebot/2.1;  http://www.google.com/bot.html)"
120.52.120.5 - - [08/Nov/2017:21:41:19 -0500] "POST /xmlrpc.php HTTP/1.0" 403 3652 "-" "Mozilla/5.0 (compatible; Googlebot/2.1;  http://www.google.com/bot.html)"
178.171.31.90 - - [08/Nov/2017:21:44:10 -0500] "GET / HTTP/1.1" 200 2947 "-" "Mozilla/5.0 (Macintosh; Intel Mac OS X 10_12_5) AppleWebKit/537.36 (KHTML, like Gecko) Chrome/58.0.3029.110 Safari/537.36"
120.52.120.5 - - [08/Nov/2017:21:44:13 -0500] "POST /xmlrpc.php HTTP/1.0" 403 3652 "-" "Mozilla/5.0 (compatible; Googlebot/2.1;  http://www.google.com/bot.html)"
141.212.122.81 - - [08/Nov/2017:21:47:47 -0500] "GET / HTTP/1.1" 200 2947 "-" "Mozilla/5.0 zgrab/0.x"
120.52.120.5 - - [08/Nov/2017:21:57:46 -0500] "POST /xmlrpc.php HTTP/1.0" 403 3652 "-" "Mozilla/5.0 (compatible; Googlebot/2.1;  http://www.google.com/bot.html)"
120.52.120.5 - - [08/Nov/2017:22:00:50 -0500] "POST /xmlrpc.php HTTP/1.0" 403 3652 "-" "Mozilla/5.0 (compatible; Googlebot/2.1;  http://www.google.com/bot.html)"
120.52.120.5 - - [08/Nov/2017:22:12:06 -0500] "POST /xmlrpc.php HTTP/1.0" 403 3652 "-" "Mozilla/5.0 (compatible; Googlebot/2.1;  http://www.google.com/bot.html)"
5.196.87.63 - - [08/Nov/2017:22:12:56 -0500] "GET /robots.txt HTTP/1.1" 200 24 "-" "Mozilla/5.0 (compatible; AhrefsBot/5.2; +http://ahrefs.com/robot/)"
217.182.132.172 - - [08/Nov/2017:22:12:56 -0500] "GET / HTTP/1.1" 200 2947 "-" "Mozilla/5.0 (compatible; AhrefsBot/5.2; +http://ahrefs.com/robot/)"
120.52.120.5 - - [08/Nov/2017:22:15:17 -0500] "POST /xmlrpc.php HTTP/1.0" 403 3652 "-" "Mozilla/5.0 (compatible; Googlebot/2.1;  http://www.google.com/bot.html)"
120.127.233.233 - - [08/Nov/2017:22:19:10 -0500] "GET /cgi-bin/test-cgi HTTP/1.1" 404 3732 "-" "Mozilla/5.0 (Macintosh; Intel Mac OS X 10_12_3) AppleWebKit/537.36 (KHTML, like Gecko) Chrome/56.0.2924.87 Safari/537.36"
120.127.233.233 - - [08/Nov/2017:22:19:11 -0500] "GET /cgi-bin/test HTTP/1.1" 404 3732 "-" "Mozilla/5.0 (Macintosh; Intel Mac OS X 10_12_3) AppleWebKit/537.36 (KHTML, like Gecko) Chrome/56.0.2924.87 Safari/537.36"
120.127.233.233 - - [08/Nov/2017:22:19:12 -0500] "GET /cgi-bin/test.cgi HTTP/1.1" 404 3732 "-" "Mozilla/5.0 (Macintosh; Intel Mac OS X 10_12_3) AppleWebKit/537.36 (KHTML, like Gecko) Chrome/56.0.2924.87 Safari/537.36"
120.127.233.233 - - [08/Nov/2017:22:19:13 -0500] "GET /cgi-bin/test.sh HTTP/1.1" 404 3732 "-" "Mozilla/5.0 (Macintosh; Intel Mac OS X 10_12_3) AppleWebKit/537.36 (KHTML, like Gecko) Chrome/56.0.2924.87 Safari/537.36"
120.127.233.233 - - [08/Nov/2017:22:19:13 -0500] "GET /cgi-bin/test/test.cgi HTTP/1.1" 404 3732 "-" "Mozilla/5.0 (Macintosh; Intel Mac OS X 10_12_3) AppleWebKit/537.36 (KHTML, like Gecko) Chrome/56.0.2924.87 Safari/537.36"
120.127.233.233 - - [08/Nov/2017:22:19:14 -0500] "GET /cgi-bin/test-cgi.pl HTTP/1.1" 404 3732 "-" "Mozilla/5.0 (Macintosh; Intel Mac OS X 10_12_3) AppleWebKit/537.36 (KHTML, like Gecko) Chrome/56.0.2924.87 Safari/537.36"
120.127.233.233 - - [08/Nov/2017:22:19:15 -0500] "GET /cgi-bin-sdb/printenv HTTP/1.1" 404 3732 "-" "Mozilla/5.0 (Macintosh; Intel Mac OS X 10_12_3) AppleWebKit/537.36 (KHTML, like Gecko) Chrome/56.0.2924.87 Safari/537.36"
120.127.233.233 - - [08/Nov/2017:22:19:16 -0500] "GET /cgi-sys/entropysearch.cgi HTTP/1.1" 404 3732 "-" "Mozilla/5.0 (Macintosh; Intel Mac OS X 10_12_3) AppleWebKit/537.36 (KHTML, like Gecko) Chrome/56.0.2924.87 Safari/537.36"
120.127.233.233 - - [08/Nov/2017:22:19:17 -0500] "GET /cgi-sys/redirect.cgi HTTP/1.1" 404 3732 "-" "Mozilla/5.0 (Macintosh; Intel Mac OS X 10_12_3) AppleWebKit/537.36 (KHTML, like Gecko) Chrome/56.0.2924.87 Safari/537.36"
120.127.233.233 - - [08/Nov/2017:22:19:17 -0500] "GET /cgi-sys/suspendedpage.cgi HTTP/1.1" 404 3732 "-" "Mozilla/5.0 (Macintosh; Intel Mac OS X 10_12_3) AppleWebKit/537.36 (KHTML, like Gecko) Chrome/56.0.2924.87 Safari/537.36"
120.127.233.233 - - [08/Nov/2017:22:19:18 -0500] "GET /cgi-sys/test-cgi HTTP/1.1" 404 3732 "-" "Mozilla/5.0 (Macintosh; Intel Mac OS X 10_12_3) AppleWebKit/537.36 (KHTML, like Gecko) Chrome/56.0.2924.87 Safari/537.36"
120.52.120.5 - - [08/Nov/2017:22:28:26 -0500] "POST /xmlrpc.php HTTP/1.0" 403 3652 "-" "Mozilla/5.0 (compatible; Googlebot/2.1;  http://www.google.com/bot.html)"
120.52.120.5 - - [08/Nov/2017:22:32:53 -0500] "POST /xmlrpc.php HTTP/1.0" 403 3652 "-" "Mozilla/5.0 (compatible; Googlebot/2.1;  http://www.google.com/bot.html)"
120.52.120.5 - - [08/Nov/2017:22:42:31 -0500] "POST /xmlrpc.php HTTP/1.0" 403 3652 "-" "Mozilla/5.0 (compatible; Googlebot/2.1;  http://www.google.com/bot.html)"
120.52.120.5 - - [08/Nov/2017:22:57:43 -0500] "POST /xmlrpc.php HTTP/1.0" 403 3652 "-" "Mozilla/5.0 (compatible; Googlebot/2.1;  http://www.google.com/bot.html)"
120.52.120.5 - - [08/Nov/2017:23:01:13 -0500] "POST /xmlrpc.php HTTP/1.0" 403 3652 "-" "Mozilla/5.0 (compatible; Googlebot/2.1;  http://www.google.com/bot.html)"
157.55.39.49 - - [08/Nov/2017:23:07:16 -0500] "GET / HTTP/1.1" 200 2947 "-" "Mozilla/5.0 (compatible; bingbot/2.0; +http://www.bing.com/bingbot.htm)"
120.52.120.5 - - [08/Nov/2017:23:19:39 -0500] "POST /xmlrpc.php HTTP/1.0" 403 3652 "-" "Mozilla/5.0 (compatible; Googlebot/2.1;  http://www.google.com/bot.html)"
120.52.120.5 - - [08/Nov/2017:23:22:28 -0500] "POST /xmlrpc.php HTTP/1.0" 403 3652 "-" "Mozilla/5.0 (compatible; Googlebot/2.1;  http://www.google.com/bot.html)"
120.52.120.5 - - [08/Nov/2017:23:30:09 -0500] "POST /xmlrpc.php HTTP/1.0" 403 3652 "-" "Mozilla/5.0 (compatible; Googlebot/2.1;  http://www.google.com/bot.html)"
120.52.120.5 - - [08/Nov/2017:23:39:35 -0500] "POST /xmlrpc.php HTTP/1.0" 403 3652 "-" "Mozilla/5.0 (compatible; Googlebot/2.1;  http://www.google.com/bot.html)"
120.52.120.5 - - [08/Nov/2017:23:42:27 -0500] "POST /xmlrpc.php HTTP/1.0" 403 3652 "-" "Mozilla/5.0 (compatible; Googlebot/2.1;  http://www.google.com/bot.html)"
120.52.120.5 - - [08/Nov/2017:23:46:42 -0500] "POST /xmlrpc.php HTTP/1.0" 403 3652 "-" "Mozilla/5.0 (compatible; Googlebot/2.1;  http://www.google.com/bot.html)"
120.52.120.5 - - [08/Nov/2017:23:51:41 -0500] "POST /xmlrpc.php HTTP/1.0" 403 3652 "-" "Mozilla/5.0 (compatible; Googlebot/2.1;  http://www.google.com/bot.html)"
120.52.120.5 - - [08/Nov/2017:23:56:00 -0500] "POST /xmlrpc.php HTTP/1.0" 403 3652 "-" "Mozilla/5.0 (compatible; Googlebot/2.1;  http://www.google.com/bot.html)"
120.52.120.5 - - [09/Nov/2017:00:05:13 -0500] "POST /xmlrpc.php HTTP/1.0" 403 3652 "-" "Mozilla/5.0 (compatible; Googlebot/2.1;  http://www.google.com/bot.html)"
120.52.120.5 - - [09/Nov/2017:00:08:34 -0500] "POST /xmlrpc.php HTTP/1.0" 403 3652 "-" "Mozilla/5.0 (compatible; Googlebot/2.1;  http://www.google.com/bot.html)"
67.229.34.210 - - [09/Nov/2017:00:27:53 -0500] "GET http://www.supremenewyork.com/ HTTP/1.1" 200 2947 "-" "Mozilla/5.0 (Windows NT 10.0; WOW64) AppleWebKit/537.36 (KHTML, like Gecko) Chrome/55.0.2883.87 Safari/537.36"
120.52.120.5 - - [09/Nov/2017:00:32:00 -0500] "POST /xmlrpc.php HTTP/1.0" 403 3652 "-" "Mozilla/5.0 (compatible; Googlebot/2.1;  http://www.google.com/bot.html)"
120.52.120.5 - - [09/Nov/2017:00:35:04 -0500] "POST /xmlrpc.php HTTP/1.0" 403 3652 "-" "Mozilla/5.0 (compatible; Googlebot/2.1;  http://www.google.com/bot.html)"
155.94.88.58 - - [09/Nov/2017:00:44:52 -0500] "GET / HTTP/1.0" 200 10397 "-" "sysscan/1.0 (https://github.com/robertdavidgraham/sysscan)"
104.236.70.129 - - [09/Nov/2017:00:55:10 -0500] "GET / HTTP/1.1" 200 2947 "http://getrepsheet.com" "Mozilla/5.0 (compatible; DnyzBot/1.0)"
104.236.70.129 - - [09/Nov/2017:00:55:18 -0500] "GET /plugins/revolutionslider/js/jquery.themepunch.plugins.min.js HTTP/1.1" 200 17162 "-" "Mozilla/5.0 (compatible; DnyzBot/1.0)"
104.236.70.129 - - [09/Nov/2017:00:55:18 -0500] "GET /plugins/revolutionslider/js/jquery.themepunch.revolution.min.js HTTP/1.1" 200 55943 "-" "Mozilla/5.0 (compatible; DnyzBot/1.0)"
104.236.70.129 - - [09/Nov/2017:00:55:18 -0500] "GET /assets/js/joiee.plugins.js HTTP/1.1" 200 18035 "-" "Mozilla/5.0 (compatible; DnyzBot/1.0)"
104.236.70.129 - - [09/Nov/2017:00:55:18 -0500] "GET /assets/js/joiee.setup.js HTTP/1.1" 200 9184 "-" "Mozilla/5.0 (compatible; DnyzBot/1.0)"
104.236.70.129 - - [09/Nov/2017:00:55:18 -0500] "GET /assets/js/jquery-1.9.1.min.js HTTP/1.1" 200 92629 "-" "Mozilla/5.0 (compatible; DnyzBot/1.0)"
104.236.70.129 - - [09/Nov/2017:00:55:18 -0500] "GET /assets/css/typography.css HTTP/1.1" 200 4508 "-" "Mozilla/5.0 (compatible; DnyzBot/1.0)"
104.236.70.129 - - [09/Nov/2017:00:55:18 -0500] "GET /assets/css/framework.css HTTP/1.1" 200 15179 "-" "Mozilla/5.0 (compatible; DnyzBot/1.0)"
104.236.70.129 - - [09/Nov/2017:00:55:18 -0500] "GET /assets/css/icons.css HTTP/1.1" 200 4965 "-" "Mozilla/5.0 (compatible; DnyzBot/1.0)"
104.236.70.129 - - [09/Nov/2017:00:55:18 -0500] "GET /assets/css/main.css HTTP/1.1" 200 21384 "-" "Mozilla/5.0 (compatible; DnyzBot/1.0)"
104.236.70.129 - - [09/Nov/2017:00:55:18 -0500] "GET /assets/css/widgets.css HTTP/1.1" 200 55021 "-" "Mozilla/5.0 (compatible; DnyzBot/1.0)"
104.236.70.129 - - [09/Nov/2017:00:55:18 -0500] "GET /assets/css/colors.css HTTP/1.1" 200 2308 "-" "Mozilla/5.0 (compatible; DnyzBot/1.0)"
104.236.70.129 - - [09/Nov/2017:00:55:18 -0500] "GET /assets/css/fonts/glyphicons/style.css HTTP/1.1" 200 19984 "-" "Mozilla/5.0 (compatible; DnyzBot/1.0)"
104.236.70.129 - - [09/Nov/2017:00:55:18 -0500] "GET /assets/css/customizer.css HTTP/1.1" 200 5845 "-" "Mozilla/5.0 (compatible; DnyzBot/1.0)"
104.236.70.129 - - [09/Nov/2017:00:55:18 -0500] "GET /plugins/revolutionslider/css/settings.css HTTP/1.1" 200 23805 "-" "Mozilla/5.0 (compatible; DnyzBot/1.0)"
104.236.70.129 - - [09/Nov/2017:00:55:24 -0500] "GET / HTTP/1.1" 200 10397 "-" "-"
104.236.70.129 - - [09/Nov/2017:00:55:30 -0500] "GET /robots.txt HTTP/1.1" 200 24 "-" "Mozilla/5.0 (Windows NT 6.1; WOW64; rv:28.0) Gecko/20100101 Firefox/28.0"
104.236.70.129 - - [09/Nov/2017:00:56:36 -0500] "GET /index.html HTTP/1.1" 200 2947 "http://getrepsheet.com" "Mozilla/5.0 (compatible; DnyzBot/1.0)"
120.52.120.5 - - [09/Nov/2017:01:18:00 -0500] "POST /xmlrpc.php HTTP/1.0" 403 3652 "-" "Mozilla/5.0 (compatible; Googlebot/2.1;  http://www.google.com/bot.html)"
120.52.120.5 - - [09/Nov/2017:01:36:45 -0500] "POST /xmlrpc.php HTTP/1.0" 403 3652 "-" "Mozilla/5.0 (compatible; Googlebot/2.1;  http://www.google.com/bot.html)"
120.52.120.5 - - [09/Nov/2017:01:49:12 -0500] "POST /xmlrpc.php HTTP/1.0" 403 3652 "-" "Mozilla/5.0 (compatible; Googlebot/2.1;  http://www.google.com/bot.html)"
120.52.120.5 - - [09/Nov/2017:01:52:38 -0500] "POST /xmlrpc.php HTTP/1.0" 403 3652 "-" "Mozilla/5.0 (compatible; Googlebot/2.1;  http://www.google.com/bot.html)"
45.77.243.168 - - [09/Nov/2017:02:11:17 -0500] "HEAD /Public/Home/Images/C_3.png HTTP/1.1" 404 0 "-" "-"
120.52.120.5 - - [09/Nov/2017:02:30:25 -0500] "POST /xmlrpc.php HTTP/1.0" 403 3652 "-" "Mozilla/5.0 (compatible; Googlebot/2.1;  http://www.google.com/bot.html)"
120.52.120.5 - - [09/Nov/2017:02:43:25 -0500] "POST /xmlrpc.php HTTP/1.0" 403 3652 "-" "Mozilla/5.0 (compatible; Googlebot/2.1;  http://www.google.com/bot.html)"
120.52.120.5 - - [09/Nov/2017:02:46:22 -0500] "POST /xmlrpc.php HTTP/1.0" 403 3652 "-" "Mozilla/5.0 (compatible; Googlebot/2.1;  http://www.google.com/bot.html)"
120.52.120.5 - - [09/Nov/2017:02:48:52 -0500] "POST /xmlrpc.php HTTP/1.0" 403 3652 "-" "Mozilla/5.0 (compatible; Googlebot/2.1;  http://www.google.com/bot.html)"
120.52.120.5 - - [09/Nov/2017:02:57:06 -0500] "POST /xmlrpc.php HTTP/1.0" 403 3652 "-" "Mozilla/5.0 (compatible; Googlebot/2.1;  http://www.google.com/bot.html)"
157.55.39.49 - - [09/Nov/2017:03:03:42 -0500] "GET / HTTP/1.1" 200 2947 "-" "Mozilla/5.0 (compatible; bingbot/2.0; +http://www.bing.com/bingbot.htm)"
120.52.120.5 - - [09/Nov/2017:03:05:41 -0500] "POST /xmlrpc.php HTTP/1.0" 403 3652 "-" "Mozilla/5.0 (compatible; Googlebot/2.1;  http://www.google.com/bot.html)"
120.52.120.5 - - [09/Nov/2017:03:08:20 -0500] "POST /xmlrpc.php HTTP/1.0" 403 3652 "-" "Mozilla/5.0 (compatible; Googlebot/2.1;  http://www.google.com/bot.html)"
120.52.120.5 - - [09/Nov/2017:03:22:32 -0500] "POST /xmlrpc.php HTTP/1.0" 403 3652 "-" "Mozilla/5.0 (compatible; Googlebot/2.1;  http://www.google.com/bot.html)"
120.52.120.5 - - [09/Nov/2017:03:25:29 -0500] "POST /xmlrpc.php HTTP/1.0" 403 3652 "-" "Mozilla/5.0 (compatible; Googlebot/2.1;  http://www.google.com/bot.html)"
120.52.120.5 - - [09/Nov/2017:03:28:17 -0500] "POST /xmlrpc.php HTTP/1.0" 403 3652 "-" "Mozilla/5.0 (compatible; Googlebot/2.1;  http://www.google.com/bot.html)"
120.52.120.5 - - [09/Nov/2017:03:31:17 -0500] "POST /xmlrpc.php HTTP/1.0" 403 3652 "-" "Mozilla/5.0 (compatible; Googlebot/2.1;  http://www.google.com/bot.html)"
220.181.108.95 - - [09/Nov/2017:03:31:42 -0500] "GET / HTTP/1.1" 200 2947 "-" "Mozilla/5.0 (compatible; Baiduspider/2.0; +http://www.baidu.com/search/spider.html)"
120.52.120.5 - - [09/Nov/2017:03:35:50 -0500] "POST /xmlrpc.php HTTP/1.0" 403 3652 "-" "Mozilla/5.0 (compatible; Googlebot/2.1;  http://www.google.com/bot.html)"
120.52.120.5 - - [09/Nov/2017:03:40:43 -0500] "POST /xmlrpc.php HTTP/1.0" 403 3652 "-" "Mozilla/5.0 (compatible; Googlebot/2.1;  http://www.google.com/bot.html)"
120.52.120.5 - - [09/Nov/2017:03:43:29 -0500] "POST /xmlrpc.php HTTP/1.0" 403 3652 "-" "Mozilla/5.0 (compatible; Googlebot/2.1;  http://www.google.com/bot.html)"
