193.169.57.105 - - [19/Oct/2017:03:35:43 -0400] "GET /users.sql HTTP/1.1" 404 3732 "http://getrepsheet.com" "-"
120.52.120.5 - - [19/Oct/2017:03:49:11 -0400] "POST /xmlrpc.php HTTP/1.0" 403 3652 "-" "Mozilla/5.0 (compatible; Googlebot/2.1;  http://www.google.com/bot.html)"
120.52.120.5 - - [19/Oct/2017:03:52:31 -0400] "POST /xmlrpc.php HTTP/1.0" 403 3652 "-" "Mozilla/5.0 (compatible; Googlebot/2.1;  http://www.google.com/bot.html)"
120.52.120.5 - - [19/Oct/2017:04:05:00 -0400] "POST /xmlrpc.php HTTP/1.0" 403 3652 "-" "Mozilla/5.0 (compatible; Googlebot/2.1;  http://www.google.com/bot.html)"
120.52.120.5 - - [19/Oct/2017:04:11:05 -0400] "POST /xmlrpc.php HTTP/1.0" 403 3652 "-" "Mozilla/5.0 (compatible; Googlebot/2.1;  http://www.google.com/bot.html)"
43.241.229.153 - - [19/Oct/2017:04:11:12 -0400] "GET / HTTP/1.1" 200 2947 "-" "Mozilla/5.0 (Windows NT 6.2; WOW64) AppleWebKit/537.36 (KHTML, like Gecko) Chrome/27.0.1453.94 Safari/537.36"
120.52.120.5 - - [19/Oct/2017:04:36:03 -0400] "POST /xmlrpc.php HTTP/1.0" 403 3652 "-" "Mozilla/5.0 (compatible; Googlebot/2.1;  http://www.google.com/bot.html)"
120.52.120.5 - - [19/Oct/2017:04:38:52 -0400] "POST /xmlrpc.php HTTP/1.0" 403 3652 "-" "Mozilla/5.0 (compatible; Googlebot/2.1;  http://www.google.com/bot.html)"
120.52.120.5 - - [19/Oct/2017:04:41:38 -0400] "POST /xmlrpc.php HTTP/1.0" 403 3652 "-" "Mozilla/5.0 (compatible; Googlebot/2.1;  http://www.google.com/bot.html)"
123.125.67.226 - - [19/Oct/2017:04:44:59 -0400] "GET /robots.txt HTTP/1.1" 200 24 "-" "Mozilla/5.0 (Windows NT 10.0; WOW64) AppleWebKit/537.36 (KHTML, like Gecko) Chrome/45.0.2454.93 Safari/537.36"
120.52.120.5 - - [19/Oct/2017:05:03:53 -0400] "POST /xmlrpc.php HTTP/1.0" 403 3652 "-" "Mozilla/5.0 (compatible; Googlebot/2.1;  http://www.google.com/bot.html)"
120.52.120.5 - - [19/Oct/2017:05:17:31 -0400] "POST /xmlrpc.php HTTP/1.0" 403 3652 "-" "Mozilla/5.0 (compatible; Googlebot/2.1;  http://www.google.com/bot.html)"
120.52.120.5 - - [19/Oct/2017:05:35:00 -0400] "POST /xmlrpc.php HTTP/1.0" 403 3652 "-" "Mozilla/5.0 (compatible; Googlebot/2.1;  http://www.google.com/bot.html)"
120.52.120.5 - - [19/Oct/2017:05:37:43 -0400] "POST /xmlrpc.php HTTP/1.0" 403 3652 "-" "Mozilla/5.0 (compatible; Googlebot/2.1;  http://www.google.com/bot.html)"
120.52.120.5 - - [19/Oct/2017:05:40:22 -0400] "POST /xmlrpc.php HTTP/1.0" 403 3652 "-" "Mozilla/5.0 (compatible; Googlebot/2.1;  http://www.google.com/bot.html)"
123.125.71.70 - - [19/Oct/2017:05:54:27 -0400] "GET / HTTP/1.1" 200 2947 "-" "Mozilla/5.0 (compatible; Baiduspider/2.0; +http://www.baidu.com/search/spider.html)"
120.52.120.5 - - [19/Oct/2017:06:08:45 -0400] "POST /xmlrpc.php HTTP/1.0" 403 3652 "-" "Mozilla/5.0 (compatible; Googlebot/2.1;  http://www.google.com/bot.html)"
120.52.120.5 - - [19/Oct/2017:06:11:51 -0400] "POST /xmlrpc.php HTTP/1.0" 403 3652 "-" "Mozilla/5.0 (compatible; Googlebot/2.1;  http://www.google.com/bot.html)"
120.52.120.5 - - [19/Oct/2017:06:22:47 -0400] "POST /xmlrpc.php HTTP/1.0" 403 3652 "-" "Mozilla/5.0 (compatible; Googlebot/2.1;  http://www.google.com/bot.html)"
120.52.120.5 - - [19/Oct/2017:06:27:16 -0400] "POST /xmlrpc.php HTTP/1.0" 403 3652 "-" "Mozilla/5.0 (compatible; Googlebot/2.1;  http://www.google.com/bot.html)"
120.52.120.5 - - [19/Oct/2017:06:38:20 -0400] "POST /xmlrpc.php HTTP/1.0" 403 3652 "-" "Mozilla/5.0 (compatible; Googlebot/2.1;  http://www.google.com/bot.html)"
120.52.120.5 - - [19/Oct/2017:06:41:30 -0400] "POST /xmlrpc.php HTTP/1.0" 403 3652 "-" "Mozilla/5.0 (compatible; Googlebot/2.1;  http://www.google.com/bot.html)"
120.52.120.5 - - [19/Oct/2017:06:44:47 -0400] "POST /xmlrpc.php HTTP/1.0" 403 3652 "-" "Mozilla/5.0 (compatible; Googlebot/2.1;  http://www.google.com/bot.html)"
104.236.171.165 - - [19/Oct/2017:07:03:35 -0400] "GET / HTTP/1.1" 200 2947 "-" "Mozilla/5.0 zgrab/0.x"
120.52.120.5 - - [19/Oct/2017:07:04:19 -0400] "POST /xmlrpc.php HTTP/1.0" 403 3652 "-" "Mozilla/5.0 (compatible; Googlebot/2.1;  http://www.google.com/bot.html)"
180.76.15.135 - - [19/Oct/2017:07:05:57 -0400] "GET /downloads.html HTTP/1.1" 304 0 "-" "Mozilla/5.0 (compatible; Baiduspider/2.0; +http://www.baidu.com/search/spider.html)"
120.52.120.5 - - [19/Oct/2017:07:07:51 -0400] "POST /xmlrpc.php HTTP/1.0" 403 3652 "-" "Mozilla/5.0 (compatible; Googlebot/2.1;  http://www.google.com/bot.html)"
45.55.13.222 - - [19/Oct/2017:07:18:45 -0400] "GET / HTTP/1.1" 200 2947 "-" "Mozilla/5.0 zgrab/0.x"
120.52.120.5 - - [19/Oct/2017:07:37:22 -0400] "POST /xmlrpc.php HTTP/1.0" 403 3652 "-" "Mozilla/5.0 (compatible; Googlebot/2.1;  http://www.google.com/bot.html)"
120.52.120.5 - - [19/Oct/2017:08:18:54 -0400] "POST /xmlrpc.php HTTP/1.0" 403 3652 "-" "Mozilla/5.0 (compatible; Googlebot/2.1;  http://www.google.com/bot.html)"
120.52.120.5 - - [19/Oct/2017:08:27:59 -0400] "POST /xmlrpc.php HTTP/1.0" 403 3652 "-" "Mozilla/5.0 (compatible; Googlebot/2.1;  http://www.google.com/bot.html)"
184.105.139.68 - - [19/Oct/2017:08:29:20 -0400] "GET / HTTP/1.1" 403 169 "-" "-"
120.52.120.5 - - [19/Oct/2017:08:34:10 -0400] "POST /xmlrpc.php HTTP/1.0" 403 3652 "-" "Mozilla/5.0 (compatible; Googlebot/2.1;  http://www.google.com/bot.html)"
216.244.66.203 - - [19/Oct/2017:08:35:51 -0400] "GET /robots.txt HTTP/1.1" 200 24 "-" "Mozilla/5.0 (compatible; DotBot/1.1; http://www.opensiteexplorer.org/dotbot, help@moz.com)"
120.52.120.5 - - [19/Oct/2017:08:46:41 -0400] "POST /xmlrpc.php HTTP/1.0" 403 3652 "-" "Mozilla/5.0 (compatible; Googlebot/2.1;  http://www.google.com/bot.html)"
120.52.120.5 - - [19/Oct/2017:08:58:58 -0400] "POST /xmlrpc.php HTTP/1.0" 403 3652 "-" "Mozilla/5.0 (compatible; Googlebot/2.1;  http://www.google.com/bot.html)"
92.68.217.19 - - [19/Oct/2017:09:01:29 -0400] "GET / HTTP/1.1" 200 2947 "-" "Mozilla/5.0 (Macintosh; Intel Mac OS X 10_12_6) AppleWebKit/604.1.38 (KHTML, like Gecko)"
92.68.217.19 - - [19/Oct/2017:09:01:29 -0400] "GET /assets/css/framework.css HTTP/1.1" 200 15179 "http://getrepsheet.com/" "Mozilla/5.0 (Macintosh; Intel Mac OS X 10_12_6) AppleWebKit/604.1.38 (KHTML, like Gecko)"
92.68.217.19 - - [19/Oct/2017:09:01:29 -0400] "GET /assets/css/colors.css HTTP/1.1" 200 2308 "http://getrepsheet.com/" "Mozilla/5.0 (Macintosh; Intel Mac OS X 10_12_6) AppleWebKit/604.1.38 (KHTML, like Gecko)"
92.68.217.19 - - [19/Oct/2017:09:01:29 -0400] "GET /assets/css/main.css HTTP/1.1" 200 21384 "http://getrepsheet.com/" "Mozilla/5.0 (Macintosh; Intel Mac OS X 10_12_6) AppleWebKit/604.1.38 (KHTML, like Gecko)"
92.68.217.19 - - [19/Oct/2017:09:01:29 -0400] "GET /assets/css/typography.css HTTP/1.1" 200 4508 "http://getrepsheet.com/" "Mozilla/5.0 (Macintosh; Intel Mac OS X 10_12_6) AppleWebKit/604.1.38 (KHTML, like Gecko)"
92.68.217.19 - - [19/Oct/2017:09:01:29 -0400] "GET /assets/css/icons.css HTTP/1.1" 200 4965 "http://getrepsheet.com/" "Mozilla/5.0 (Macintosh; Intel Mac OS X 10_12_6) AppleWebKit/604.1.38 (KHTML, like Gecko)"
92.68.217.19 - - [19/Oct/2017:09:01:29 -0400] "GET /assets/css/widgets.css HTTP/1.1" 200 55021 "http://getrepsheet.com/" "Mozilla/5.0 (Macintosh; Intel Mac OS X 10_12_6) AppleWebKit/604.1.38 (KHTML, like Gecko)"
92.68.217.19 - - [19/Oct/2017:09:01:29 -0400] "GET /assets/css/fonts/glyphicons/style.css HTTP/1.1" 200 19984 "http://getrepsheet.com/" "Mozilla/5.0 (Macintosh; Intel Mac OS X 10_12_6) AppleWebKit/604.1.38 (KHTML, like Gecko)"
92.68.217.19 - - [19/Oct/2017:09:01:29 -0400] "GET /assets/css/customizer.css HTTP/1.1" 200 5845 "http://getrepsheet.com/" "Mozilla/5.0 (Macintosh; Intel Mac OS X 10_12_6) AppleWebKit/604.1.38 (KHTML, like Gecko)"
92.68.217.19 - - [19/Oct/2017:09:01:29 -0400] "GET /plugins/revolutionslider/css/settings.css HTTP/1.1" 200 23805 "http://getrepsheet.com/" "Mozilla/5.0 (Macintosh; Intel Mac OS X 10_12_6) AppleWebKit/604.1.38 (KHTML, like Gecko)"
92.68.217.19 - - [19/Oct/2017:09:01:29 -0400] "GET /plugins/revolutionslider/js/jquery.themepunch.plugins.min.js HTTP/1.1" 200 17162 "http://getrepsheet.com/" "Mozilla/5.0 (Macintosh; Intel Mac OS X 10_12_6) AppleWebKit/604.1.38 (KHTML, like Gecko)"
92.68.217.19 - - [19/Oct/2017:09:01:29 -0400] "GET /plugins/revolutionslider/js/jquery.themepunch.revolution.min.js HTTP/1.1" 200 55943 "http://getrepsheet.com/" "Mozilla/5.0 (Macintosh; Intel Mac OS X 10_12_6) AppleWebKit/604.1.38 (KHTML, like Gecko)"
92.68.217.19 - - [19/Oct/2017:09:01:29 -0400] "GET /assets/js/joiee.plugins.js HTTP/1.1" 200 18035 "http://getrepsheet.com/" "Mozilla/5.0 (Macintosh; Intel Mac OS X 10_12_6) AppleWebKit/604.1.38 (KHTML, like Gecko)"
92.68.217.19 - - [19/Oct/2017:09:01:29 -0400] "GET /assets/js/joiee.setup.js HTTP/1.1" 200 9184 "http://getrepsheet.com/" "Mozilla/5.0 (Macintosh; Intel Mac OS X 10_12_6) AppleWebKit/604.1.38 (KHTML, like Gecko)"
92.68.217.19 - - [19/Oct/2017:09:01:29 -0400] "GET /assets/img/bg.png HTTP/1.1" 200 711 "http://getrepsheet.com/" "Mozilla/5.0 (Macintosh; Intel Mac OS X 10_12_6) AppleWebKit/604.1.38 (KHTML, like Gecko)"
92.68.217.19 - - [19/Oct/2017:09:01:30 -0400] "GET /assets/js/jquery-1.9.1.min.js HTTP/1.1" 200 92629 "http://getrepsheet.com/" "Mozilla/5.0 (Macintosh; Intel Mac OS X 10_12_6) AppleWebKit/604.1.38 (KHTML, like Gecko)"
92.68.217.19 - - [19/Oct/2017:09:01:30 -0400] "GET /assets/img/slider-wrap-bg.png HTTP/1.1" 200 253 "http://getrepsheet.com/" "Mozilla/5.0 (Macintosh; Intel Mac OS X 10_12_6) AppleWebKit/604.1.38 (KHTML, like Gecko)"
92.68.217.19 - - [19/Oct/2017:09:01:30 -0400] "GET /assets/img/noise.png HTTP/1.1" 200 5903 "http://getrepsheet.com/" "Mozilla/5.0 (Macintosh; Intel Mac OS X 10_12_6) AppleWebKit/604.1.38 (KHTML, like Gecko)"
92.68.217.19 - - [19/Oct/2017:09:01:30 -0400] "GET /plugins/revolutionslider/assets/loader.gif HTTP/1.1" 200 2545 "http://getrepsheet.com/" "Mozilla/5.0 (Macintosh; Intel Mac OS X 10_12_6) AppleWebKit/604.1.38 (KHTML, like Gecko)"
92.68.217.19 - - [19/Oct/2017:09:01:30 -0400] "GET /plugins/revolutionslider/assets/large_left.png HTTP/1.1" 200 1113 "http://getrepsheet.com/" "Mozilla/5.0 (Macintosh; Intel Mac OS X 10_12_6) AppleWebKit/604.1.38 (KHTML, like Gecko)"
92.68.217.19 - - [19/Oct/2017:09:01:30 -0400] "GET /plugins/revolutionslider/assets/large_right.png HTTP/1.1" 200 1111 "http://getrepsheet.com/" "Mozilla/5.0 (Macintosh; Intel Mac OS X 10_12_6) AppleWebKit/604.1.38 (KHTML, like Gecko)"
92.68.217.19 - - [19/Oct/2017:09:01:30 -0400] "GET /assets/css/fonts/glyphicons/glyphicons.svg HTTP/1.1" 200 435024 "http://getrepsheet.com/" "Mozilla/5.0 (Macintosh; Intel Mac OS X 10_12_6) AppleWebKit/604.1.38 (KHTML, like Gecko)"
120.52.120.5 - - [19/Oct/2017:09:14:34 -0400] "POST /xmlrpc.php HTTP/1.0" 403 3652 "-" "Mozilla/5.0 (compatible; Googlebot/2.1;  http://www.google.com/bot.html)"
120.52.120.5 - - [19/Oct/2017:09:17:42 -0400] "POST /xmlrpc.php HTTP/1.0" 403 3652 "-" "Mozilla/5.0 (compatible; Googlebot/2.1;  http://www.google.com/bot.html)"
120.52.120.5 - - [19/Oct/2017:09:20:55 -0400] "POST /xmlrpc.php HTTP/1.0" 403 3652 "-" "Mozilla/5.0 (compatible; Googlebot/2.1;  http://www.google.com/bot.html)"
120.52.120.5 - - [19/Oct/2017:09:35:03 -0400] "POST /xmlrpc.php HTTP/1.0" 403 3652 "-" "Mozilla/5.0 (compatible; Googlebot/2.1;  http://www.google.com/bot.html)"
120.52.120.5 - - [19/Oct/2017:09:38:03 -0400] "POST /xmlrpc.php HTTP/1.0" 403 3652 "-" "Mozilla/5.0 (compatible; Googlebot/2.1;  http://www.google.com/bot.html)"
120.52.120.5 - - [19/Oct/2017:09:41:58 -0400] "POST /xmlrpc.php HTTP/1.0" 403 3652 "-" "Mozilla/5.0 (compatible; Googlebot/2.1;  http://www.google.com/bot.html)"
157.55.39.234 - - [19/Oct/2017:09:47:40 -0400] "GET / HTTP/1.1" 200 2947 "-" "Mozilla/5.0 (compatible; bingbot/2.0; +http://www.bing.com/bingbot.htm)"
117.222.158.129 - - [19/Oct/2017:09:48:42 -0400] "GET /wp-login.php HTTP/1.1" 403 3652 "-" "Mozilla/5.0 (Windows NT 6.1; WOW64; rv:40.0) Gecko/20100101 Firefox/40.1"
117.222.158.129 - - [19/Oct/2017:09:48:42 -0400] "GET / HTTP/1.1" 200 10397 "-" "Mozilla/5.0 (Windows NT 6.1; WOW64; rv:40.0) Gecko/20100101 Firefox/40.1"
179.146.38.180 - - [19/Oct/2017:09:59:27 -0400] "GET / HTTP/1.0" 200 10397 "-" "masscan/1.0"
179.146.38.180 - - [19/Oct/2017:09:59:57 -0400] "GET / HTTP/1.0" 200 10397 "-" "masscan/1.0"
179.146.38.180 - - [19/Oct/2017:09:59:57 -0400] "GET / HTTP/1.0" 200 10397 "-" "masscan/1.0"
179.146.38.180 - - [19/Oct/2017:09:59:58 -0400] "GET / HTTP/1.0" 200 10397 "-" "masscan/1.0"
120.52.120.5 - - [19/Oct/2017:10:00:49 -0400] "POST /xmlrpc.php HTTP/1.0" 403 3652 "-" "Mozilla/5.0 (compatible; Googlebot/2.1;  http://www.google.com/bot.html)"
216.244.66.203 - - [19/Oct/2017:10:02:36 -0400] "GET /index.html HTTP/1.1" 200 10397 "-" "Mozilla/5.0 (compatible; DotBot/1.1; http://www.opensiteexplorer.org/dotbot, help@moz.com)"
180.76.15.33 - - [19/Oct/2017:10:07:40 -0400] "GET /assets/css/fonts/glyphicons/style.css HTTP/1.1" 200 19984 "-" "Mozilla/5.0 (compatible; Baiduspider/2.0; +http://www.baidu.com/search/spider.html)"
120.52.120.5 - - [19/Oct/2017:10:16:26 -0400] "POST /xmlrpc.php HTTP/1.0" 403 3652 "-" "Mozilla/5.0 (compatible; Googlebot/2.1;  http://www.google.com/bot.html)"
120.52.120.5 - - [19/Oct/2017:10:25:37 -0400] "POST /xmlrpc.php HTTP/1.0" 403 3652 "-" "Mozilla/5.0 (compatible; Googlebot/2.1;  http://www.google.com/bot.html)"
77.75.78.166 - - [19/Oct/2017:10:26:53 -0400] "GET /robots.txt HTTP/1.1" 200 24 "-" "Mozilla/5.0 (compatible; SeznamBot/3.2; +http://napoveda.seznam.cz/en/seznambot-intro/)"
77.75.78.166 - - [19/Oct/2017:10:26:55 -0400] "GET / HTTP/1.1" 200 2947 "-" "Mozilla/5.0 (compatible; SeznamBot/3.2; +http://napoveda.seznam.cz/en/seznambot-intro/)"
77.75.78.166 - - [19/Oct/2017:10:26:57 -0400] "GET /robots.txt HTTP/1.1" 200 24 "-" "Mozilla/5.0 (compatible; SeznamBot/3.2; +http://napoveda.seznam.cz/en/seznambot-intro/)"
77.75.78.166 - - [19/Oct/2017:10:26:57 -0400] "GET /backend.html HTTP/1.1" 200 3944 "-" "Mozilla/5.0 (compatible; SeznamBot/3.2; +http://napoveda.seznam.cz/en/seznambot-intro/)"
120.52.120.5 - - [19/Oct/2017:10:30:42 -0400] "POST /xmlrpc.php HTTP/1.0" 403 3652 "-" "Mozilla/5.0 (compatible; Googlebot/2.1;  http://www.google.com/bot.html)"
120.52.120.5 - - [19/Oct/2017:11:24:49 -0400] "POST /xmlrpc.php HTTP/1.0" 403 3652 "-" "Mozilla/5.0 (compatible; Googlebot/2.1;  http://www.google.com/bot.html)"
120.52.120.5 - - [19/Oct/2017:11:27:35 -0400] "POST /xmlrpc.php HTTP/1.0" 403 3652 "-" "Mozilla/5.0 (compatible; Googlebot/2.1;  http://www.google.com/bot.html)"
120.52.120.5 - - [19/Oct/2017:11:30:37 -0400] "POST /xmlrpc.php HTTP/1.0" 403 3652 "-" "Mozilla/5.0 (compatible; Googlebot/2.1;  http://www.google.com/bot.html)"
120.52.120.5 - - [19/Oct/2017:11:33:15 -0400] "POST /xmlrpc.php HTTP/1.0" 403 3652 "-" "Mozilla/5.0 (compatible; Googlebot/2.1;  http://www.google.com/bot.html)"
120.52.120.5 - - [19/Oct/2017:11:36:05 -0400] "POST /xmlrpc.php HTTP/1.0" 403 3652 "-" "Mozilla/5.0 (compatible; Googlebot/2.1;  http://www.google.com/bot.html)"
120.52.120.5 - - [19/Oct/2017:11:43:29 -0400] "POST /xmlrpc.php HTTP/1.0" 403 3652 "-" "Mozilla/5.0 (compatible; Googlebot/2.1;  http://www.google.com/bot.html)"
120.52.120.5 - - [19/Oct/2017:11:46:26 -0400] "POST /xmlrpc.php HTTP/1.0" 403 3652 "-" "Mozilla/5.0 (compatible; Googlebot/2.1;  http://www.google.com/bot.html)"
120.52.120.5 - - [19/Oct/2017:11:49:06 -0400] "POST /xmlrpc.php HTTP/1.0" 403 3652 "-" "Mozilla/5.0 (compatible; Googlebot/2.1;  http://www.google.com/bot.html)"
120.52.120.5 - - [19/Oct/2017:11:52:08 -0400] "POST /xmlrpc.php HTTP/1.0" 403 3652 "-" "Mozilla/5.0 (compatible; Googlebot/2.1;  http://www.google.com/bot.html)"
213.136.80.124 - - [19/Oct/2017:11:53:56 -0400] "GET /?author=1 HTTP/1.1" 200 10397 "-" "Mozilla/5.0 (X11; Linux i686) AppleWebKit/537.36 (KHTML, like Gecko) Ubuntu Chromium/28.0.1500.52 Chrome/28.0.1500.52 Safari/537.36"
120.52.120.5 - - [19/Oct/2017:11:55:03 -0400] "POST /xmlrpc.php HTTP/1.0" 403 3652 "-" "Mozilla/5.0 (compatible; Googlebot/2.1;  http://www.google.com/bot.html)"
120.52.120.5 - - [19/Oct/2017:11:58:14 -0400] "POST /xmlrpc.php HTTP/1.0" 403 3652 "-" "Mozilla/5.0 (compatible; Googlebot/2.1;  http://www.google.com/bot.html)"
120.52.120.5 - - [19/Oct/2017:12:12:29 -0400] "POST /xmlrpc.php HTTP/1.0" 403 3652 "-" "Mozilla/5.0 (compatible; Googlebot/2.1;  http://www.google.com/bot.html)"
120.52.120.5 - - [19/Oct/2017:12:23:57 -0400] "POST /xmlrpc.php HTTP/1.0" 403 3652 "-" "Mozilla/5.0 (compatible; Googlebot/2.1;  http://www.google.com/bot.html)"
120.52.120.5 - - [19/Oct/2017:12:26:50 -0400] "POST /xmlrpc.php HTTP/1.0" 403 3652 "-" "Mozilla/5.0 (compatible; Googlebot/2.1;  http://www.google.com/bot.html)"
220.181.108.145 - - [19/Oct/2017:12:50:13 -0400] "GET / HTTP/1.1" 200 2947 "-" "Mozilla/5.0 (compatible; Baiduspider/2.0; +http://www.baidu.com/search/spider.html)"
120.52.120.5 - - [19/Oct/2017:12:56:25 -0400] "POST /xmlrpc.php HTTP/1.0" 403 3652 "-" "Mozilla/5.0 (compatible; Googlebot/2.1;  http://www.google.com/bot.html)"
120.52.120.5 - - [19/Oct/2017:12:59:26 -0400] "POST /xmlrpc.php HTTP/1.0" 403 3652 "-" "Mozilla/5.0 (compatible; Googlebot/2.1;  http://www.google.com/bot.html)"
69.17.128.14 - - [19/Oct/2017:13:20:57 -0400] "GET / HTTP/1.1" 200 2947 "-" "Mozilla/5.0 (Windows NT 10.0; Win64; x64) AppleWebKit/537.36 (KHTML, like Gecko) Chrome/61.0.3163.100 Safari/537.36"
69.17.128.14 - - [19/Oct/2017:13:20:57 -0400] "GET /assets/css/framework.css HTTP/1.1" 200 15179 "http://getrepsheet.com/" "Mozilla/5.0 (Windows NT 10.0; Win64; x64) AppleWebKit/537.36 (KHTML, like Gecko) Chrome/61.0.3163.100 Safari/537.36"
69.17.128.14 - - [19/Oct/2017:13:20:57 -0400] "GET /assets/css/typography.css HTTP/1.1" 200 4508 "http://getrepsheet.com/" "Mozilla/5.0 (Windows NT 10.0; Win64; x64) AppleWebKit/537.36 (KHTML, like Gecko) Chrome/61.0.3163.100 Safari/537.36"
69.17.128.14 - - [19/Oct/2017:13:20:57 -0400] "GET /assets/css/colors.css HTTP/1.1" 200 2308 "http://getrepsheet.com/" "Mozilla/5.0 (Windows NT 10.0; Win64; x64) AppleWebKit/537.36 (KHTML, like Gecko) Chrome/61.0.3163.100 Safari/537.36"
69.17.128.14 - - [19/Oct/2017:13:20:57 -0400] "GET /assets/css/main.css HTTP/1.1" 200 21384 "http://getrepsheet.com/" "Mozilla/5.0 (Windows NT 10.0; Win64; x64) AppleWebKit/537.36 (KHTML, like Gecko) Chrome/61.0.3163.100 Safari/537.36"
69.17.128.14 - - [19/Oct/2017:13:20:57 -0400] "GET /assets/css/icons.css HTTP/1.1" 200 4965 "http://getrepsheet.com/" "Mozilla/5.0 (Windows NT 10.0; Win64; x64) AppleWebKit/537.36 (KHTML, like Gecko) Chrome/61.0.3163.100 Safari/537.36"
69.17.128.14 - - [19/Oct/2017:13:20:57 -0400] "GET /assets/css/widgets.css HTTP/1.1" 200 55021 "http://getrepsheet.com/" "Mozilla/5.0 (Windows NT 10.0; Win64; x64) AppleWebKit/537.36 (KHTML, like Gecko) Chrome/61.0.3163.100 Safari/537.36"
69.17.128.14 - - [19/Oct/2017:13:20:57 -0400] "GET /plugins/revolutionslider/css/settings.css HTTP/1.1" 200 23805 "http://getrepsheet.com/" "Mozilla/5.0 (Windows NT 10.0; Win64; x64) AppleWebKit/537.36 (KHTML, like Gecko) Chrome/61.0.3163.100 Safari/537.36"
69.17.128.14 - - [19/Oct/2017:13:20:57 -0400] "GET /assets/css/fonts/glyphicons/style.css HTTP/1.1" 200 19984 "http://getrepsheet.com/" "Mozilla/5.0 (Windows NT 10.0; Win64; x64) AppleWebKit/537.36 (KHTML, like Gecko) Chrome/61.0.3163.100 Safari/537.36"
69.17.128.14 - - [19/Oct/2017:13:20:57 -0400] "GET /assets/css/customizer.css HTTP/1.1" 200 5845 "http://getrepsheet.com/" "Mozilla/5.0 (Windows NT 10.0; Win64; x64) AppleWebKit/537.36 (KHTML, like Gecko) Chrome/61.0.3163.100 Safari/537.36"
69.17.128.14 - - [19/Oct/2017:13:20:57 -0400] "GET /assets/img/bg.png HTTP/1.1" 200 711 "http://getrepsheet.com/" "Mozilla/5.0 (Windows NT 10.0; Win64; x64) AppleWebKit/537.36 (KHTML, like Gecko) Chrome/61.0.3163.100 Safari/537.36"
69.17.128.14 - - [19/Oct/2017:13:20:57 -0400] "GET /assets/js/jquery-1.9.1.min.js HTTP/1.1" 200 92629 "http://getrepsheet.com/" "Mozilla/5.0 (Windows NT 10.0; Win64; x64) AppleWebKit/537.36 (KHTML, like Gecko) Chrome/61.0.3163.100 Safari/537.36"
69.17.128.14 - - [19/Oct/2017:13:20:57 -0400] "GET /assets/js/joiee.setup.js HTTP/1.1" 200 9184 "http://getrepsheet.com/" "Mozilla/5.0 (Windows NT 10.0; Win64; x64) AppleWebKit/537.36 (KHTML, like Gecko) Chrome/61.0.3163.100 Safari/537.36"
69.17.128.14 - - [19/Oct/2017:13:20:57 -0400] "GET /assets/img/slider-wrap-bg.png HTTP/1.1" 200 253 "http://getrepsheet.com/assets/css/main.css" "Mozilla/5.0 (Windows NT 10.0; Win64; x64) AppleWebKit/537.36 (KHTML, like Gecko) Chrome/61.0.3163.100 Safari/537.36"
69.17.128.14 - - [19/Oct/2017:13:20:57 -0400] "GET /assets/js/joiee.plugins.js HTTP/1.1" 200 18035 "http://getrepsheet.com/" "Mozilla/5.0 (Windows NT 10.0; Win64; x64) AppleWebKit/537.36 (KHTML, like Gecko) Chrome/61.0.3163.100 Safari/537.36"
69.17.128.14 - - [19/Oct/2017:13:20:57 -0400] "GET /plugins/revolutionslider/js/jquery.themepunch.revolution.min.js HTTP/1.1" 200 55943 "http://getrepsheet.com/" "Mozilla/5.0 (Windows NT 10.0; Win64; x64) AppleWebKit/537.36 (KHTML, like Gecko) Chrome/61.0.3163.100 Safari/537.36"
69.17.128.14 - - [19/Oct/2017:13:20:57 -0400] "GET /plugins/revolutionslider/js/jquery.themepunch.plugins.min.js HTTP/1.1" 200 17162 "http://getrepsheet.com/" "Mozilla/5.0 (Windows NT 10.0; Win64; x64) AppleWebKit/537.36 (KHTML, like Gecko) Chrome/61.0.3163.100 Safari/537.36"
69.17.128.14 - - [19/Oct/2017:13:20:57 -0400] "GET /assets/img/noise.png HTTP/1.1" 200 5903 "http://getrepsheet.com/assets/css/main.css" "Mozilla/5.0 (Windows NT 10.0; Win64; x64) AppleWebKit/537.36 (KHTML, like Gecko) Chrome/61.0.3163.100 Safari/537.36"
69.17.128.14 - - [19/Oct/2017:13:20:57 -0400] "GET /assets/css/fonts/glyphicons/glyphicons.woff HTTP/1.1" 200 134328 "http://getrepsheet.com/assets/css/fonts/glyphicons/style.css" "Mozilla/5.0 (Windows NT 10.0; Win64; x64) AppleWebKit/537.36 (KHTML, like Gecko) Chrome/61.0.3163.100 Safari/537.36"
69.17.128.14 - - [19/Oct/2017:13:20:57 -0400] "GET /plugins/revolutionslider/assets/loader.gif HTTP/1.1" 200 2545 "http://getrepsheet.com/plugins/revolutionslider/css/settings.css" "Mozilla/5.0 (Windows NT 10.0; Win64; x64) AppleWebKit/537.36 (KHTML, like Gecko) Chrome/61.0.3163.100 Safari/537.36"
69.17.128.14 - - [19/Oct/2017:13:20:57 -0400] "GET /plugins/revolutionslider/assets/large_right.png HTTP/1.1" 200 1111 "http://getrepsheet.com/plugins/revolutionslider/css/settings.css" "Mozilla/5.0 (Windows NT 10.0; Win64; x64) AppleWebKit/537.36 (KHTML, like Gecko) Chrome/61.0.3163.100 Safari/537.36"
69.17.128.14 - - [19/Oct/2017:13:20:57 -0400] "GET /plugins/revolutionslider/assets/large_left.png HTTP/1.1" 200 1113 "http://getrepsheet.com/plugins/revolutionslider/css/settings.css" "Mozilla/5.0 (Windows NT 10.0; Win64; x64) AppleWebKit/537.36 (KHTML, like Gecko) Chrome/61.0.3163.100 Safari/537.36"
69.17.128.14 - - [19/Oct/2017:13:20:58 -0400] "GET /favicon.ico HTTP/1.1" 200 1406 "http://getrepsheet.com/" "Mozilla/5.0 (Windows NT 10.0; Win64; x64) AppleWebKit/537.36 (KHTML, like Gecko) Chrome/61.0.3163.100 Safari/537.36"
70.112.208.221 - - [19/Oct/2017:13:21:13 -0400] "GET / HTTP/1.0" 200 10397 "-" "-"
120.52.120.5 - - [19/Oct/2017:13:22:26 -0400] "POST /xmlrpc.php HTTP/1.0" 403 3652 "-" "Mozilla/5.0 (compatible; Googlebot/2.1;  http://www.google.com/bot.html)"
120.52.120.5 - - [19/Oct/2017:13:33:05 -0400] "POST /xmlrpc.php HTTP/1.0" 403 3652 "-" "Mozilla/5.0 (compatible; Googlebot/2.1;  http://www.google.com/bot.html)"
120.52.120.5 - - [19/Oct/2017:13:36:08 -0400] "POST /xmlrpc.php HTTP/1.0" 403 3652 "-" "Mozilla/5.0 (compatible; Googlebot/2.1;  http://www.google.com/bot.html)"
120.52.120.5 - - [19/Oct/2017:13:39:24 -0400] "POST /xmlrpc.php HTTP/1.0" 403 3652 "-" "Mozilla/5.0 (compatible; Googlebot/2.1;  http://www.google.com/bot.html)"
120.52.120.5 - - [19/Oct/2017:13:49:02 -0400] "POST /xmlrpc.php HTTP/1.0" 403 3652 "-" "Mozilla/5.0 (compatible; Googlebot/2.1;  http://www.google.com/bot.html)"
120.52.120.5 - - [19/Oct/2017:13:55:03 -0400] "POST /xmlrpc.php HTTP/1.0" 403 3652 "-" "Mozilla/5.0 (compatible; Googlebot/2.1;  http://www.google.com/bot.html)"
158.85.81.121 - - [19/Oct/2017:13:59:19 -0400] "GET / HTTP/1.0" 200 10397 "-" "Mozilla/5.0 (Windows NT 6.1; rv:31.0) Gecko/20100101 Firefox/31.0"
120.52.120.5 - - [19/Oct/2017:14:06:01 -0400] "POST /xmlrpc.php HTTP/1.0" 403 3652 "-" "Mozilla/5.0 (compatible; Googlebot/2.1;  http://www.google.com/bot.html)"
120.52.120.5 - - [19/Oct/2017:14:09:17 -0400] "POST /xmlrpc.php HTTP/1.0" 403 3652 "-" "Mozilla/5.0 (compatible; Googlebot/2.1;  http://www.google.com/bot.html)"
54.218.75.29 - - [19/Oct/2017:14:20:19 -0400] "GET / HTTP/1.1" 200 2947 "-" "Mozilla/5.0 (Macintosh; Intel Mac OS X 10_9_4) AppleWebKit/537.36 (KHTML, like Gecko) Chrome/43.0.2357.124 Safari/537.36"
61.147.125.175 - - [19/Oct/2017:14:28:08 -0400] "GET / HTTP/1.1" 200 10397 "-" "Mozilla/5.0 (Macintosh; Intel Mac OS X 10_12_3) AppleWebKit/537.36 (KHTML, like Gecko) Chrome/56.0.2924.87 Safari/537.36"
61.147.125.175 - - [19/Oct/2017:14:28:08 -0400] "GET /Struts2XMLHelloWorld/User/home.action HTTP/1.1" 404 3732 "-" "Mozilla/5.0 (Macintosh; Intel Mac OS X 10_12_3) AppleWebKit/537.36 (KHTML, like Gecko) Chrome/56.0.2924.87 Safari/537.36"
61.147.125.175 - - [19/Oct/2017:14:28:09 -0400] "GET /struts2-showcase/showcase.action HTTP/1.1" 404 3732 "-" "Mozilla/5.0 (Macintosh; Intel Mac OS X 10_12_3) AppleWebKit/537.36 (KHTML, like Gecko) Chrome/56.0.2924.87 Safari/537.36"
61.147.125.175 - - [19/Oct/2017:14:28:09 -0400] "GET / HTTP/1.1" 200 10397 "-" "Mozilla/5.0 (Macintosh; Intel Mac OS X 10_12_3) AppleWebKit/537.36 (KHTML, like Gecko) Chrome/56.0.2924.87 Safari/537.36"
61.147.125.175 - - [19/Oct/2017:14:28:10 -0400] "GET /Struts2XMLHelloWorld/User/home.action HTTP/1.1" 404 3732 "-" "Mozilla/5.0 (Macintosh; Intel Mac OS X 10_12_3) AppleWebKit/537.36 (KHTML, like Gecko) Chrome/56.0.2924.87 Safari/537.36"
61.147.125.175 - - [19/Oct/2017:14:28:10 -0400] "GET /struts2-showcase/showcase.action HTTP/1.1" 404 3732 "-" "Mozilla/5.0 (Macintosh; Intel Mac OS X 10_12_3) AppleWebKit/537.36 (KHTML, like Gecko) Chrome/56.0.2924.87 Safari/537.36"
61.147.125.175 - - [19/Oct/2017:14:28:11 -0400] "GET /struts2-showcase/titles/index.action HTTP/1.1" 404 3732 "-" "Mozilla/5.0 (Macintosh; Intel Mac OS X 10_12_3) AppleWebKit/537.36 (KHTML, like Gecko) Chrome/56.0.2924.87 Safari/537.36"
61.147.125.175 - - [19/Oct/2017:14:28:11 -0400] "GET /struts2-bootstrap-showcase/ HTTP/1.1" 404 3732 "-" "Mozilla/5.0 (Macintosh; Intel Mac OS X 10_12_3) AppleWebKit/537.36 (KHTML, like Gecko) Chrome/56.0.2924.87 Safari/537.36"
61.147.125.175 - - [19/Oct/2017:14:28:12 -0400] "GET /struts2-showcase/index.action HTTP/1.1" 404 3732 "-" "Mozilla/5.0 (Macintosh; Intel Mac OS X 10_12_3) AppleWebKit/537.36 (KHTML, like Gecko) Chrome/56.0.2924.87 Safari/537.36"
61.147.125.175 - - [19/Oct/2017:14:28:12 -0400] "GET /struts2-bootstrap-showcase/index.action HTTP/1.1" 404 3732 "-" "Mozilla/5.0 (Macintosh; Intel Mac OS X 10_12_3) AppleWebKit/537.36 (KHTML, like Gecko) Chrome/56.0.2924.87 Safari/537.36"
69.17.128.14 - - [19/Oct/2017:14:34:38 -0400] "GET /index.html HTTP/1.1" 200 2947 "http://getrepsheet.com/" "Mozilla/5.0 (Windows NT 10.0; Win64; x64) AppleWebKit/537.36 (KHTML, like Gecko) Chrome/61.0.3163.100 Safari/537.36"
120.52.120.5 - - [19/Oct/2017:14:39:55 -0400] "POST /xmlrpc.php HTTP/1.0" 403 3652 "-" "Mozilla/5.0 (compatible; Googlebot/2.1;  http://www.google.com/bot.html)"
120.52.120.5 - - [19/Oct/2017:14:42:55 -0400] "POST /xmlrpc.php HTTP/1.0" 403 3652 "-" "Mozilla/5.0 (compatible; Googlebot/2.1;  http://www.google.com/bot.html)"
120.52.120.5 - - [19/Oct/2017:14:46:37 -0400] "POST /xmlrpc.php HTTP/1.0" 403 3652 "-" "Mozilla/5.0 (compatible; Googlebot/2.1;  http://www.google.com/bot.html)"
85.125.81.189 - - [19/Oct/2017:14:48:54 -0400] "GET /phpmyadmin/scripts/setup.php HTTP/1.1" 403 3652 "-" "Mozilla/5.0 (Macintosh; Intel Mac OS X 10_12_3) AppleWebKit/537.36 (KHTML, like Gecko) Chrome/56.0.2924.87 Safari/537.36"
85.125.81.189 - - [19/Oct/2017:14:48:54 -0400] "GET /phpMyAdmin/scripts.setup.php HTTP/1.1" 403 3652 "-" "Mozilla/5.0 (Macintosh; Intel Mac OS X 10_12_3) AppleWebKit/537.36 (KHTML, like Gecko) Chrome/56.0.2924.87 Safari/537.36"
85.125.81.189 - - [19/Oct/2017:14:48:54 -0400] "GET /mysql/scripts/setup.php HTTP/1.1" 403 3652 "-" "Mozilla/5.0 (Macintosh; Intel Mac OS X 10_12_3) AppleWebKit/537.36 (KHTML, like Gecko) Chrome/56.0.2924.87 Safari/537.36"
85.125.81.189 - - [19/Oct/2017:14:48:55 -0400] "GET /pma/scripts/setup.php HTTP/1.1" 403 3652 "-" "Mozilla/5.0 (Macintosh; Intel Mac OS X 10_12_3) AppleWebKit/537.36 (KHTML, like Gecko) Chrome/56.0.2924.87 Safari/537.36"
85.125.81.189 - - [19/Oct/2017:14:48:55 -0400] "GET /MyAdmin/scripts/setup.php HTTP/1.1" 403 3652 "-" "Mozilla/5.0 (Macintosh; Intel Mac OS X 10_12_3) AppleWebKit/537.36 (KHTML, like Gecko) Chrome/56.0.2924.87 Safari/537.36"
85.125.81.189 - - [19/Oct/2017:14:48:55 -0400] "GET /xampp/phpmyadmin/scripts/setup.php HTTP/1.1" 403 3652 "-" "Mozilla/5.0 (Macintosh; Intel Mac OS X 10_12_3) AppleWebKit/537.36 (KHTML, like Gecko) Chrome/56.0.2924.87 Safari/537.36"
85.125.81.189 - - [19/Oct/2017:14:48:55 -0400] "GET /scripts/setup.php HTTP/1.1" 403 3652 "-" "Mozilla/5.0 (Macintosh; Intel Mac OS X 10_12_3) AppleWebKit/537.36 (KHTML, like Gecko) Chrome/56.0.2924.87 Safari/537.36"
85.125.81.189 - - [19/Oct/2017:14:48:56 -0400] "GET /phpMyAdmin/scripts/setup.php HTTP/1.1" 403 3652 "-" "Mozilla/5.0 (Macintosh; Intel Mac OS X 10_12_3) AppleWebKit/537.36 (KHTML, like Gecko) Chrome/56.0.2924.87 Safari/537.36"
120.52.120.5 - - [19/Oct/2017:15:09:25 -0400] "POST /xmlrpc.php HTTP/1.0" 403 3652 "-" "Mozilla/5.0 (compatible; Googlebot/2.1;  http://www.google.com/bot.html)"
120.52.120.5 - - [19/Oct/2017:15:23:55 -0400] "POST /xmlrpc.php HTTP/1.0" 403 3652 "-" "Mozilla/5.0 (compatible; Googlebot/2.1;  http://www.google.com/bot.html)"
120.52.120.5 - - [19/Oct/2017:15:27:06 -0400] "POST /xmlrpc.php HTTP/1.0" 403 3652 "-" "Mozilla/5.0 (compatible; Googlebot/2.1;  http://www.google.com/bot.html)"
120.52.120.5 - - [19/Oct/2017:15:30:10 -0400] "POST /xmlrpc.php HTTP/1.0" 403 3652 "-" "Mozilla/5.0 (compatible; Googlebot/2.1;  http://www.google.com/bot.html)"
120.52.120.5 - - [19/Oct/2017:15:32:51 -0400] "POST /xmlrpc.php HTTP/1.0" 403 3652 "-" "Mozilla/5.0 (compatible; Googlebot/2.1;  http://www.google.com/bot.html)"
120.52.120.5 - - [19/Oct/2017:15:35:57 -0400] "POST /xmlrpc.php HTTP/1.0" 403 3652 "-" "Mozilla/5.0 (compatible; Googlebot/2.1;  http://www.google.com/bot.html)"
120.52.120.5 - - [19/Oct/2017:15:51:22 -0400] "POST /xmlrpc.php HTTP/1.0" 403 3652 "-" "Mozilla/5.0 (compatible; Googlebot/2.1;  http://www.google.com/bot.html)"
120.52.120.5 - - [19/Oct/2017:15:54:09 -0400] "POST /xmlrpc.php HTTP/1.0" 403 3652 "-" "Mozilla/5.0 (compatible; Googlebot/2.1;  http://www.google.com/bot.html)"
120.52.120.5 - - [19/Oct/2017:15:58:56 -0400] "POST /xmlrpc.php HTTP/1.0" 403 3652 "-" "Mozilla/5.0 (compatible; Googlebot/2.1;  http://www.google.com/bot.html)"
198.46.81.20 - - [19/Oct/2017:15:59:47 -0400] "HEAD / HTTP/1.1" 403 0 "http://www.eventbrowse.com" "Mozilla/5.0 (compatible; MSIE 9.0; Windows NT 6.1; WOW64; Trident/5.0)"
198.46.81.20 - - [19/Oct/2017:15:59:47 -0400] "GET / HTTP/1.1" 403 571 "http://www.eventbrowse.com" "Mozilla/5.0 (compatible; MSIE 9.0; Windows NT 6.1; WOW64; Trident/5.0)"
120.52.120.5 - - [19/Oct/2017:16:01:56 -0400] "POST /xmlrpc.php HTTP/1.0" 403 3652 "-" "Mozilla/5.0 (compatible; Googlebot/2.1;  http://www.google.com/bot.html)"
120.52.120.5 - - [19/Oct/2017:16:05:00 -0400] "POST /xmlrpc.php HTTP/1.0" 403 3652 "-" "Mozilla/5.0 (compatible; Googlebot/2.1;  http://www.google.com/bot.html)"
120.52.120.5 - - [19/Oct/2017:16:08:12 -0400] "POST /xmlrpc.php HTTP/1.0" 403 3652 "-" "Mozilla/5.0 (compatible; Googlebot/2.1;  http://www.google.com/bot.html)"
120.52.120.5 - - [19/Oct/2017:16:10:51 -0400] "POST /xmlrpc.php HTTP/1.0" 403 3652 "-" "Mozilla/5.0 (compatible; Googlebot/2.1;  http://www.google.com/bot.html)"
120.52.120.5 - - [19/Oct/2017:16:14:02 -0400] "POST /xmlrpc.php HTTP/1.0" 403 3652 "-" "Mozilla/5.0 (compatible; Googlebot/2.1;  http://www.google.com/bot.html)"
120.52.120.5 - - [19/Oct/2017:16:22:32 -0400] "POST /xmlrpc.php HTTP/1.0" 403 3652 "-" "Mozilla/5.0 (compatible; Googlebot/2.1;  http://www.google.com/bot.html)"
120.52.120.5 - - [19/Oct/2017:16:25:21 -0400] "POST /xmlrpc.php HTTP/1.0" 403 3652 "-" "Mozilla/5.0 (compatible; Googlebot/2.1;  http://www.google.com/bot.html)"
120.52.120.5 - - [19/Oct/2017:16:28:23 -0400] "POST /xmlrpc.php HTTP/1.0" 403 3652 "-" "Mozilla/5.0 (compatible; Googlebot/2.1;  http://www.google.com/bot.html)"
120.52.120.5 - - [19/Oct/2017:16:31:42 -0400] "POST /xmlrpc.php HTTP/1.0" 403 3652 "-" "Mozilla/5.0 (compatible; Googlebot/2.1;  http://www.google.com/bot.html)"
120.52.120.5 - - [19/Oct/2017:16:34:38 -0400] "POST /xmlrpc.php HTTP/1.0" 403 3652 "-" "Mozilla/5.0 (compatible; Googlebot/2.1;  http://www.google.com/bot.html)"
120.52.120.5 - - [19/Oct/2017:16:49:17 -0400] "POST /xmlrpc.php HTTP/1.0" 403 3652 "-" "Mozilla/5.0 (compatible; Googlebot/2.1;  http://www.google.com/bot.html)"
120.52.120.5 - - [19/Oct/2017:16:52:15 -0400] "POST /xmlrpc.php HTTP/1.0" 403 3652 "-" "Mozilla/5.0 (compatible; Googlebot/2.1;  http://www.google.com/bot.html)"
120.52.120.5 - - [19/Oct/2017:16:55:39 -0400] "POST /xmlrpc.php HTTP/1.0" 403 3652 "-" "Mozilla/5.0 (compatible; Googlebot/2.1;  http://www.google.com/bot.html)"
120.52.120.5 - - [19/Oct/2017:17:02:19 -0400] "POST /xmlrpc.php HTTP/1.0" 403 3652 "-" "Mozilla/5.0 (compatible; Googlebot/2.1;  http://www.google.com/bot.html)"
120.52.120.5 - - [19/Oct/2017:17:16:21 -0400] "POST /xmlrpc.php HTTP/1.0" 403 3652 "-" "Mozilla/5.0 (compatible; Googlebot/2.1;  http://www.google.com/bot.html)"
120.52.120.5 - - [19/Oct/2017:17:19:19 -0400] "POST /xmlrpc.php HTTP/1.0" 403 3652 "-" "Mozilla/5.0 (compatible; Googlebot/2.1;  http://www.google.com/bot.html)"
120.52.120.5 - - [19/Oct/2017:17:32:41 -0400] "POST /xmlrpc.php HTTP/1.0" 403 3652 "-" "Mozilla/5.0 (compatible; Googlebot/2.1;  http://www.google.com/bot.html)"
120.52.120.5 - - [19/Oct/2017:17:35:43 -0400] "POST /xmlrpc.php HTTP/1.0" 403 3652 "-" "Mozilla/5.0 (compatible; Googlebot/2.1;  http://www.google.com/bot.html)"
40.77.167.122 - - [19/Oct/2017:17:36:05 -0400] "GET / HTTP/1.1" 200 2947 "-" "Mozilla/5.0 (compatible; bingbot/2.0; +http://www.bing.com/bingbot.htm)"
120.52.120.5 - - [19/Oct/2017:17:38:40 -0400] "POST /xmlrpc.php HTTP/1.0" 403 3652 "-" "Mozilla/5.0 (compatible; Googlebot/2.1;  http://www.google.com/bot.html)"
120.52.120.5 - - [19/Oct/2017:17:41:28 -0400] "POST /xmlrpc.php HTTP/1.0" 403 3652 "-" "Mozilla/5.0 (compatible; Googlebot/2.1;  http://www.google.com/bot.html)"
120.52.120.5 - - [19/Oct/2017:17:44:43 -0400] "POST /xmlrpc.php HTTP/1.0" 403 3652 "-" "Mozilla/5.0 (compatible; Googlebot/2.1;  http://www.google.com/bot.html)"
120.52.120.5 - - [19/Oct/2017:17:56:14 -0400] "POST /xmlrpc.php HTTP/1.0" 403 3652 "-" "Mozilla/5.0 (compatible; Googlebot/2.1;  http://www.google.com/bot.html)"
120.52.120.5 - - [19/Oct/2017:18:10:16 -0400] "POST /xmlrpc.php HTTP/1.0" 403 3652 "-" "Mozilla/5.0 (compatible; Googlebot/2.1;  http://www.google.com/bot.html)"
120.52.120.5 - - [19/Oct/2017:18:13:22 -0400] "POST /xmlrpc.php HTTP/1.0" 403 3652 "-" "Mozilla/5.0 (compatible; Googlebot/2.1;  http://www.google.com/bot.html)"
120.52.120.5 - - [19/Oct/2017:18:16:10 -0400] "POST /xmlrpc.php HTTP/1.0" 403 3652 "-" "Mozilla/5.0 (compatible; Googlebot/2.1;  http://www.google.com/bot.html)"
120.52.120.5 - - [19/Oct/2017:18:20:31 -0400] "POST /xmlrpc.php HTTP/1.0" 403 3652 "-" "Mozilla/5.0 (compatible; Googlebot/2.1;  http://www.google.com/bot.html)"
120.52.120.5 - - [19/Oct/2017:18:24:38 -0400] "POST /xmlrpc.php HTTP/1.0" 403 3652 "-" "Mozilla/5.0 (compatible; Googlebot/2.1;  http://www.google.com/bot.html)"
120.52.120.5 - - [19/Oct/2017:18:27:36 -0400] "POST /xmlrpc.php HTTP/1.0" 403 3652 "-" "Mozilla/5.0 (compatible; Googlebot/2.1;  http://www.google.com/bot.html)"
120.52.120.5 - - [19/Oct/2017:18:31:56 -0400] "POST /xmlrpc.php HTTP/1.0" 403 3652 "-" "Mozilla/5.0 (compatible; Googlebot/2.1;  http://www.google.com/bot.html)"
120.52.120.5 - - [19/Oct/2017:18:36:49 -0400] "POST /xmlrpc.php HTTP/1.0" 403 3652 "-" "Mozilla/5.0 (compatible; Googlebot/2.1;  http://www.google.com/bot.html)"
120.52.120.5 - - [19/Oct/2017:18:44:46 -0400] "POST /xmlrpc.php HTTP/1.0" 403 3652 "-" "Mozilla/5.0 (compatible; Googlebot/2.1;  http://www.google.com/bot.html)"
120.52.120.5 - - [19/Oct/2017:18:48:35 -0400] "POST /xmlrpc.php HTTP/1.0" 403 3652 "-" "Mozilla/5.0 (compatible; Googlebot/2.1;  http://www.google.com/bot.html)"
120.52.120.5 - - [19/Oct/2017:18:52:44 -0400] "POST /xmlrpc.php HTTP/1.0" 403 3652 "-" "Mozilla/5.0 (compatible; Googlebot/2.1;  http://www.google.com/bot.html)"
120.52.120.5 - - [19/Oct/2017:18:56:17 -0400] "POST /xmlrpc.php HTTP/1.0" 403 3652 "-" "Mozilla/5.0 (compatible; Googlebot/2.1;  http://www.google.com/bot.html)"
120.52.120.5 - - [19/Oct/2017:18:59:16 -0400] "POST /xmlrpc.php HTTP/1.0" 403 3652 "-" "Mozilla/5.0 (compatible; Googlebot/2.1;  http://www.google.com/bot.html)"
120.52.120.5 - - [19/Oct/2017:19:03:35 -0400] "POST /xmlrpc.php HTTP/1.0" 403 3652 "-" "Mozilla/5.0 (compatible; Googlebot/2.1;  http://www.google.com/bot.html)"
63.229.97.67 - - [19/Oct/2017:19:09:51 -0400] "GET / HTTP/1.1" 200 2947 "https://www.google.com/" "Mozilla/5.0 (Windows NT 6.1) AppleWebKit/537.36 (KHTML, like Gecko) Chrome/61.0.3163.100 Safari/537.36"
63.229.97.67 - - [19/Oct/2017:19:09:51 -0400] "GET /assets/css/framework.css HTTP/1.1" 200 15179 "https://getrepsheet.com/" "Mozilla/5.0 (Windows NT 6.1) AppleWebKit/537.36 (KHTML, like Gecko) Chrome/61.0.3163.100 Safari/537.36"
63.229.97.67 - - [19/Oct/2017:19:09:52 -0400] "GET /assets/css/typography.css HTTP/1.1" 200 4508 "https://getrepsheet.com/" "Mozilla/5.0 (Windows NT 6.1) AppleWebKit/537.36 (KHTML, like Gecko) Chrome/61.0.3163.100 Safari/537.36"
63.229.97.67 - - [19/Oct/2017:19:09:52 -0400] "GET /assets/css/customizer.css HTTP/1.1" 200 5845 "https://getrepsheet.com/" "Mozilla/5.0 (Windows NT 6.1) AppleWebKit/537.36 (KHTML, like Gecko) Chrome/61.0.3163.100 Safari/537.36"
63.229.97.67 - - [19/Oct/2017:19:09:52 -0400] "GET /assets/css/main.css HTTP/1.1" 200 21384 "https://getrepsheet.com/" "Mozilla/5.0 (Windows NT 6.1) AppleWebKit/537.36 (KHTML, like Gecko) Chrome/61.0.3163.100 Safari/537.36"
63.229.97.67 - - [19/Oct/2017:19:09:52 -0400] "GET /assets/css/icons.css HTTP/1.1" 200 4965 "https://getrepsheet.com/" "Mozilla/5.0 (Windows NT 6.1) AppleWebKit/537.36 (KHTML, like Gecko) Chrome/61.0.3163.100 Safari/537.36"
63.229.97.67 - - [19/Oct/2017:19:09:52 -0400] "GET /assets/css/widgets.css HTTP/1.1" 200 55021 "https://getrepsheet.com/" "Mozilla/5.0 (Windows NT 6.1) AppleWebKit/537.36 (KHTML, like Gecko) Chrome/61.0.3163.100 Safari/537.36"
63.229.97.67 - - [19/Oct/2017:19:09:52 -0400] "GET /assets/css/colors.css HTTP/1.1" 200 2308 "https://getrepsheet.com/" "Mozilla/5.0 (Windows NT 6.1) AppleWebKit/537.36 (KHTML, like Gecko) Chrome/61.0.3163.100 Safari/537.36"
63.229.97.67 - - [19/Oct/2017:19:09:52 -0400] "GET /assets/css/fonts/glyphicons/style.css HTTP/1.1" 200 19984 "https://getrepsheet.com/" "Mozilla/5.0 (Windows NT 6.1) AppleWebKit/537.36 (KHTML, like Gecko) Chrome/61.0.3163.100 Safari/537.36"
63.229.97.67 - - [19/Oct/2017:19:09:52 -0400] "GET /plugins/revolutionslider/css/settings.css HTTP/1.1" 200 23805 "https://getrepsheet.com/" "Mozilla/5.0 (Windows NT 6.1) AppleWebKit/537.36 (KHTML, like Gecko) Chrome/61.0.3163.100 Safari/537.36"
63.229.97.67 - - [19/Oct/2017:19:09:52 -0400] "GET /assets/js/jquery-1.9.1.min.js HTTP/1.1" 200 92629 "https://getrepsheet.com/" "Mozilla/5.0 (Windows NT 6.1) AppleWebKit/537.36 (KHTML, like Gecko) Chrome/61.0.3163.100 Safari/537.36"
63.229.97.67 - - [19/Oct/2017:19:09:52 -0400] "GET /plugins/revolutionslider/js/jquery.themepunch.plugins.min.js HTTP/1.1" 200 17162 "https://getrepsheet.com/" "Mozilla/5.0 (Windows NT 6.1) AppleWebKit/537.36 (KHTML, like Gecko) Chrome/61.0.3163.100 Safari/537.36"
63.229.97.67 - - [19/Oct/2017:19:09:52 -0400] "GET /plugins/revolutionslider/js/jquery.themepunch.revolution.min.js HTTP/1.1" 200 55943 "https://getrepsheet.com/" "Mozilla/5.0 (Windows NT 6.1) AppleWebKit/537.36 (KHTML, like Gecko) Chrome/61.0.3163.100 Safari/537.36"
63.229.97.67 - - [19/Oct/2017:19:09:52 -0400] "GET /assets/js/joiee.plugins.js HTTP/1.1" 200 18035 "https://getrepsheet.com/" "Mozilla/5.0 (Windows NT 6.1) AppleWebKit/537.36 (KHTML, like Gecko) Chrome/61.0.3163.100 Safari/537.36"
63.229.97.67 - - [19/Oct/2017:19:09:52 -0400] "GET /assets/js/joiee.setup.js HTTP/1.1" 200 9184 "https://getrepsheet.com/" "Mozilla/5.0 (Windows NT 6.1) AppleWebKit/537.36 (KHTML, like Gecko) Chrome/61.0.3163.100 Safari/537.36"
63.229.97.67 - - [19/Oct/2017:19:09:53 -0400] "GET /assets/img/bg.png HTTP/1.1" 200 711 "https://getrepsheet.com/" "Mozilla/5.0 (Windows NT 6.1) AppleWebKit/537.36 (KHTML, like Gecko) Chrome/61.0.3163.100 Safari/537.36"
63.229.97.67 - - [19/Oct/2017:19:09:53 -0400] "GET /assets/img/noise.png HTTP/1.1" 200 5903 "https://getrepsheet.com/assets/css/main.css" "Mozilla/5.0 (Windows NT 6.1) AppleWebKit/537.36 (KHTML, like Gecko) Chrome/61.0.3163.100 Safari/537.36"
63.229.97.67 - - [19/Oct/2017:19:09:53 -0400] "GET /assets/img/slider-wrap-bg.png HTTP/1.1" 200 253 "https://getrepsheet.com/assets/css/main.css" "Mozilla/5.0 (Windows NT 6.1) AppleWebKit/537.36 (KHTML, like Gecko) Chrome/61.0.3163.100 Safari/537.36"
63.229.97.67 - - [19/Oct/2017:19:09:53 -0400] "GET /plugins/revolutionslider/assets/loader.gif HTTP/1.1" 200 2545 "https://getrepsheet.com/plugins/revolutionslider/css/settings.css" "Mozilla/5.0 (Windows NT 6.1) AppleWebKit/537.36 (KHTML, like Gecko) Chrome/61.0.3163.100 Safari/537.36"
63.229.97.67 - - [19/Oct/2017:19:09:53 -0400] "GET /assets/img/bg.png HTTP/1.1" 200 711 "https://getrepsheet.com/" "Mozilla/5.0 (Windows NT 6.1) AppleWebKit/537.36 (KHTML, like Gecko) Chrome/61.0.3163.100 Safari/537.36"
63.229.97.67 - - [19/Oct/2017:19:09:53 -0400] "GET /plugins/revolutionslider/assets/large_right.png HTTP/1.1" 200 1111 "https://getrepsheet.com/plugins/revolutionslider/css/settings.css" "Mozilla/5.0 (Windows NT 6.1) AppleWebKit/537.36 (KHTML, like Gecko) Chrome/61.0.3163.100 Safari/537.36"
63.229.97.67 - - [19/Oct/2017:19:09:53 -0400] "GET /plugins/revolutionslider/assets/large_left.png HTTP/1.1" 200 1113 "https://getrepsheet.com/plugins/revolutionslider/css/settings.css" "Mozilla/5.0 (Windows NT 6.1) AppleWebKit/537.36 (KHTML, like Gecko) Chrome/61.0.3163.100 Safari/537.36"
63.229.97.67 - - [19/Oct/2017:19:09:53 -0400] "GET /assets/css/fonts/glyphicons/glyphicons.woff HTTP/1.1" 200 134328 "https://getrepsheet.com/assets/css/fonts/glyphicons/style.css" "Mozilla/5.0 (Windows NT 6.1) AppleWebKit/537.36 (KHTML, like Gecko) Chrome/61.0.3163.100 Safari/537.36"
63.229.97.67 - - [19/Oct/2017:19:09:53 -0400] "GET /favicon.ico HTTP/1.1" 200 1406 "https://getrepsheet.com/" "Mozilla/5.0 (Windows NT 6.1) AppleWebKit/537.36 (KHTML, like Gecko) Chrome/61.0.3163.100 Safari/537.36"
63.229.97.67 - - [19/Oct/2017:19:10:05 -0400] "GET /assets/img/bg.png HTTP/1.1" 200 711 "https://getrepsheet.com/" "Mozilla/5.0 (Windows NT 6.1) AppleWebKit/537.36 (KHTML, like Gecko) Chrome/61.0.3163.100 Safari/537.36"
93.170.190.94 - - [19/Oct/2017:19:41:19 -0400] "GET /phpmyadmin/scripts/setup.php HTTP/1.1" 403 3652 "-" "Mozilla/5.0 (Macintosh; Intel Mac OS X 10_12_3) AppleWebKit/537.36 (KHTML, like Gecko) Chrome/56.0.2924.87 Safari/537.36"
93.170.190.94 - - [19/Oct/2017:19:41:19 -0400] "GET /phpMyAdmin/scripts.setup.php HTTP/1.1" 403 3652 "-" "Mozilla/5.0 (Macintosh; Intel Mac OS X 10_12_3) AppleWebKit/537.36 (KHTML, like Gecko) Chrome/56.0.2924.87 Safari/537.36"
93.170.190.94 - - [19/Oct/2017:19:41:20 -0400] "GET /mysql/scripts/setup.php HTTP/1.1" 403 3652 "-" "Mozilla/5.0 (Macintosh; Intel Mac OS X 10_12_3) AppleWebKit/537.36 (KHTML, like Gecko) Chrome/56.0.2924.87 Safari/537.36"
93.170.190.94 - - [19/Oct/2017:19:41:20 -0400] "GET /pma/scripts/setup.php HTTP/1.1" 403 3652 "-" "Mozilla/5.0 (Macintosh; Intel Mac OS X 10_12_3) AppleWebKit/537.36 (KHTML, like Gecko) Chrome/56.0.2924.87 Safari/537.36"
93.170.190.94 - - [19/Oct/2017:19:41:20 -0400] "GET /MyAdmin/scripts/setup.php HTTP/1.1" 403 3652 "-" "Mozilla/5.0 (Macintosh; Intel Mac OS X 10_12_3) AppleWebKit/537.36 (KHTML, like Gecko) Chrome/56.0.2924.87 Safari/537.36"
93.170.190.94 - - [19/Oct/2017:19:41:20 -0400] "GET /xampp/phpmyadmin/scripts/setup.php HTTP/1.1" 403 3652 "-" "Mozilla/5.0 (Macintosh; Intel Mac OS X 10_12_3) AppleWebKit/537.36 (KHTML, like Gecko) Chrome/56.0.2924.87 Safari/537.36"
93.170.190.94 - - [19/Oct/2017:19:41:21 -0400] "GET /scripts/setup.php HTTP/1.1" 403 3652 "-" "Mozilla/5.0 (Macintosh; Intel Mac OS X 10_12_3) AppleWebKit/537.36 (KHTML, like Gecko) Chrome/56.0.2924.87 Safari/537.36"
93.170.190.94 - - [19/Oct/2017:19:41:21 -0400] "GET /phpMyAdmin/scripts/setup.php HTTP/1.1" 403 3652 "-" "Mozilla/5.0 (Macintosh; Intel Mac OS X 10_12_3) AppleWebKit/537.36 (KHTML, like Gecko) Chrome/56.0.2924.87 Safari/537.36"
120.52.120.5 - - [19/Oct/2017:20:09:59 -0400] "POST /xmlrpc.php HTTP/1.0" 403 3652 "-" "Mozilla/5.0 (compatible; Googlebot/2.1;  http://www.google.com/bot.html)"
120.52.120.5 - - [19/Oct/2017:20:12:45 -0400] "POST /xmlrpc.php HTTP/1.0" 403 3652 "-" "Mozilla/5.0 (compatible; Googlebot/2.1;  http://www.google.com/bot.html)"
120.52.120.5 - - [19/Oct/2017:20:15:50 -0400] "POST /xmlrpc.php HTTP/1.0" 403 3652 "-" "Mozilla/5.0 (compatible; Googlebot/2.1;  http://www.google.com/bot.html)"
120.52.120.5 - - [19/Oct/2017:20:26:27 -0400] "POST /xmlrpc.php HTTP/1.0" 403 3652 "-" "Mozilla/5.0 (compatible; Googlebot/2.1;  http://www.google.com/bot.html)"
120.52.120.5 - - [19/Oct/2017:20:29:43 -0400] "POST /xmlrpc.php HTTP/1.0" 403 3652 "-" "Mozilla/5.0 (compatible; Googlebot/2.1;  http://www.google.com/bot.html)"
104.236.159.245 - - [19/Oct/2017:20:30:17 -0400] "\x16\x03\x01\x00\x8B\x01\x00\x00\x87\x03\x03\x0B\x07\xDCz8\x7FN\xE1\xA7\x10\xC5\xB9\xBA\xB1\xEE\xB6\xA5\xEE\x15h&m\xED>\x12\x0C4a\x82}\x1E\x14\x00\x00\x1A\xC0/\xC0+\xC0\x11\xC0\x07\xC0\x13\xC0\x09\xC0\x14\xC0" 400 173 "-" "-"
120.52.120.5 - - [19/Oct/2017:20:33:07 -0400] "POST /xmlrpc.php HTTP/1.0" 403 3652 "-" "Mozilla/5.0 (compatible; Googlebot/2.1;  http://www.google.com/bot.html)"
120.52.120.5 - - [19/Oct/2017:20:36:14 -0400] "POST /xmlrpc.php HTTP/1.0" 403 3652 "-" "Mozilla/5.0 (compatible; Googlebot/2.1;  http://www.google.com/bot.html)"
220.181.108.99 - - [19/Oct/2017:20:36:20 -0400] "GET / HTTP/1.1" 200 2947 "-" "Mozilla/5.0 (compatible; Baiduspider/2.0; +http://www.baidu.com/search/spider.html)"
120.52.120.5 - - [19/Oct/2017:20:39:14 -0400] "POST /xmlrpc.php HTTP/1.0" 403 3652 "-" "Mozilla/5.0 (compatible; Googlebot/2.1;  http://www.google.com/bot.html)"
120.52.120.5 - - [19/Oct/2017:20:45:16 -0400] "POST /xmlrpc.php HTTP/1.0" 403 3652 "-" "Mozilla/5.0 (compatible; Googlebot/2.1;  http://www.google.com/bot.html)"
120.52.120.5 - - [19/Oct/2017:20:48:34 -0400] "POST /xmlrpc.php HTTP/1.0" 403 3652 "-" "Mozilla/5.0 (compatible; Googlebot/2.1;  http://www.google.com/bot.html)"
120.52.120.5 - - [19/Oct/2017:20:54:51 -0400] "POST /xmlrpc.php HTTP/1.0" 403 3652 "-" "Mozilla/5.0 (compatible; Googlebot/2.1;  http://www.google.com/bot.html)"
120.52.120.5 - - [19/Oct/2017:20:57:45 -0400] "POST /xmlrpc.php HTTP/1.0" 403 3652 "-" "Mozilla/5.0 (compatible; Googlebot/2.1;  http://www.google.com/bot.html)"
120.52.120.5 - - [19/Oct/2017:21:00:37 -0400] "POST /xmlrpc.php HTTP/1.0" 403 3652 "-" "Mozilla/5.0 (compatible; Googlebot/2.1;  http://www.google.com/bot.html)"
120.52.120.5 - - [19/Oct/2017:21:03:24 -0400] "POST /xmlrpc.php HTTP/1.0" 403 3652 "-" "Mozilla/5.0 (compatible; Googlebot/2.1;  http://www.google.com/bot.html)"
185.40.4.181 - - [19/Oct/2017:21:16:56 -0400] "GET / HTTP/1.0" 200 10397 "-" "masscan/1.0 (https://github.com/robertdavidgraham/masscan)"
120.52.120.5 - - [19/Oct/2017:21:32:25 -0400] "POST /xmlrpc.php HTTP/1.0" 403 3652 "-" "Mozilla/5.0 (compatible; Googlebot/2.1;  http://www.google.com/bot.html)"
45.55.7.185 - - [19/Oct/2017:21:35:31 -0400] "GET / HTTP/1.1" 200 2947 "-" "Mozilla/5.0 zgrab/0.x"
45.55.3.75 - - [19/Oct/2017:21:38:53 -0400] "GET / HTTP/1.1" 200 2947 "-" "Mozilla/5.0 zgrab/0.x"
120.52.120.5 - - [19/Oct/2017:21:41:18 -0400] "POST /xmlrpc.php HTTP/1.0" 403 3652 "-" "Mozilla/5.0 (compatible; Googlebot/2.1;  http://www.google.com/bot.html)"
89.31.57.5 - - [19/Oct/2017:21:44:11 -0400] "GET / HTTP/1.1" 200 2947 "http://burger-imperia.com/" "Mozilla/5.0 (X11; Linux x86_64) AppleWebKit/537.36 (KHTML, like Gecko) Chrome/37.0.2062.120 Safari/537.36"
120.52.120.5 - - [19/Oct/2017:21:44:56 -0400] "POST /xmlrpc.php HTTP/1.0" 403 3652 "-" "Mozilla/5.0 (compatible; Googlebot/2.1;  http://www.google.com/bot.html)"
180.76.15.135 - - [19/Oct/2017:21:46:35 -0400] "GET /assets/js/jquery-1.9.1.min.js HTTP/1.1" 200 92629 "-" "Mozilla/5.0 (compatible; Baiduspider/2.0; +http://www.baidu.com/search/spider.html)"
120.52.120.5 - - [19/Oct/2017:21:54:29 -0400] "POST /xmlrpc.php HTTP/1.0" 403 3652 "-" "Mozilla/5.0 (compatible; Googlebot/2.1;  http://www.google.com/bot.html)"
120.52.120.5 - - [19/Oct/2017:21:59:09 -0400] "POST /xmlrpc.php HTTP/1.0" 403 3652 "-" "Mozilla/5.0 (compatible; Googlebot/2.1;  http://www.google.com/bot.html)"
120.52.120.5 - - [19/Oct/2017:22:02:19 -0400] "POST /xmlrpc.php HTTP/1.0" 403 3652 "-" "Mozilla/5.0 (compatible; Googlebot/2.1;  http://www.google.com/bot.html)"
173.234.234.196 - - [19/Oct/2017:22:12:28 -0400] "HEAD / HTTP/1.1" 200 0 "http://uptime-alpha.net/getrepsheet.com" "Mozilla/5.0 (compatible; Uptimebot/1.0; +http://www.uptime.com/uptimebot)"
157.55.39.234 - - [19/Oct/2017:22:20:52 -0400] "GET / HTTP/1.1" 200 2947 "-" "Mozilla/5.0 (compatible; bingbot/2.0; +http://www.bing.com/bingbot.htm)"
120.52.120.5 - - [19/Oct/2017:22:23:21 -0400] "POST /xmlrpc.php HTTP/1.0" 403 3652 "-" "Mozilla/5.0 (compatible; Googlebot/2.1;  http://www.google.com/bot.html)"
