54.186.114.35 - - [04/Nov/2017:14:57:14 -0400] "GET / HTTP/1.1" 200 2947 "-" "Mozilla/5.0 (Macintosh; Intel Mac OS X 10_10_3) AppleWebKit/537.36 (KHTML, like Gecko) Chrome/44.0.2403.89 Safari/537.36"
120.52.120.5 - - [04/Nov/2017:14:59:40 -0400] "POST /xmlrpc.php HTTP/1.0" 403 3652 "-" "Mozilla/5.0 (compatible; Googlebot/2.1;  http://www.google.com/bot.html)"
120.52.120.5 - - [04/Nov/2017:15:02:43 -0400] "POST /xmlrpc.php HTTP/1.0" 403 3652 "-" "Mozilla/5.0 (compatible; Googlebot/2.1;  http://www.google.com/bot.html)"
120.52.120.5 - - [04/Nov/2017:15:05:44 -0400] "POST /xmlrpc.php HTTP/1.0" 403 3652 "-" "Mozilla/5.0 (compatible; Googlebot/2.1;  http://www.google.com/bot.html)"
120.52.120.5 - - [04/Nov/2017:15:08:59 -0400] "POST /xmlrpc.php HTTP/1.0" 403 3652 "-" "Mozilla/5.0 (compatible; Googlebot/2.1;  http://www.google.com/bot.html)"
120.52.120.5 - - [04/Nov/2017:15:12:17 -0400] "POST /xmlrpc.php HTTP/1.0" 403 3652 "-" "Mozilla/5.0 (compatible; Googlebot/2.1;  http://www.google.com/bot.html)"
120.52.120.5 - - [04/Nov/2017:15:17:46 -0400] "POST /xmlrpc.php HTTP/1.0" 403 3652 "-" "Mozilla/5.0 (compatible; Googlebot/2.1;  http://www.google.com/bot.html)"
139.162.78.135 - - [04/Nov/2017:15:18:05 -0400] "GET / HTTP/1.1" 200 2947 "-" "Mozilla/5.0 (Windows NT 10.0; WOW64) AppleWebKit/537.36 (KHTML, like Gecko) Chrome/45.0.2454.101 Safari/537.36"
120.52.120.5 - - [04/Nov/2017:15:20:40 -0400] "POST /xmlrpc.php HTTP/1.0" 403 3652 "-" "Mozilla/5.0 (compatible; Googlebot/2.1;  http://www.google.com/bot.html)"
120.52.120.5 - - [04/Nov/2017:15:23:39 -0400] "POST /xmlrpc.php HTTP/1.0" 403 3652 "-" "Mozilla/5.0 (compatible; Googlebot/2.1;  http://www.google.com/bot.html)"
120.52.120.5 - - [04/Nov/2017:15:26:26 -0400] "POST /xmlrpc.php HTTP/1.0" 403 3652 "-" "Mozilla/5.0 (compatible; Googlebot/2.1;  http://www.google.com/bot.html)"
120.52.120.5 - - [04/Nov/2017:15:29:20 -0400] "POST /xmlrpc.php HTTP/1.0" 403 3652 "-" "Mozilla/5.0 (compatible; Googlebot/2.1;  http://www.google.com/bot.html)"
120.52.120.5 - - [04/Nov/2017:15:32:24 -0400] "POST /xmlrpc.php HTTP/1.0" 403 3652 "-" "Mozilla/5.0 (compatible; Googlebot/2.1;  http://www.google.com/bot.html)"
120.52.120.5 - - [04/Nov/2017:15:35:52 -0400] "POST /xmlrpc.php HTTP/1.0" 403 3652 "-" "Mozilla/5.0 (compatible; Googlebot/2.1;  http://www.google.com/bot.html)"
120.52.120.5 - - [04/Nov/2017:15:42:44 -0400] "POST /xmlrpc.php HTTP/1.0" 403 3652 "-" "Mozilla/5.0 (compatible; Googlebot/2.1;  http://www.google.com/bot.html)"
120.52.120.5 - - [04/Nov/2017:15:45:08 -0400] "POST /xmlrpc.php HTTP/1.0" 403 3652 "-" "Mozilla/5.0 (compatible; Googlebot/2.1;  http://www.google.com/bot.html)"
120.52.120.5 - - [04/Nov/2017:15:47:52 -0400] "POST /xmlrpc.php HTTP/1.0" 403 3652 "-" "Mozilla/5.0 (compatible; Googlebot/2.1;  http://www.google.com/bot.html)"
120.52.120.5 - - [04/Nov/2017:15:50:46 -0400] "POST /xmlrpc.php HTTP/1.0" 403 3652 "-" "Mozilla/5.0 (compatible; Googlebot/2.1;  http://www.google.com/bot.html)"
120.52.120.5 - - [04/Nov/2017:15:56:30 -0400] "POST /xmlrpc.php HTTP/1.0" 403 3652 "-" "Mozilla/5.0 (compatible; Googlebot/2.1;  http://www.google.com/bot.html)"
120.52.120.5 - - [04/Nov/2017:16:02:49 -0400] "POST /xmlrpc.php HTTP/1.0" 403 3652 "-" "Mozilla/5.0 (compatible; Googlebot/2.1;  http://www.google.com/bot.html)"
120.52.120.5 - - [04/Nov/2017:16:09:05 -0400] "POST /xmlrpc.php HTTP/1.0" 403 3652 "-" "Mozilla/5.0 (compatible; Googlebot/2.1;  http://www.google.com/bot.html)"
120.52.120.5 - - [04/Nov/2017:16:11:32 -0400] "POST /xmlrpc.php HTTP/1.0" 403 3652 "-" "Mozilla/5.0 (compatible; Googlebot/2.1;  http://www.google.com/bot.html)"
120.52.120.5 - - [04/Nov/2017:16:14:33 -0400] "POST /xmlrpc.php HTTP/1.0" 403 3652 "-" "Mozilla/5.0 (compatible; Googlebot/2.1;  http://www.google.com/bot.html)"
120.52.120.5 - - [04/Nov/2017:16:17:32 -0400] "POST /xmlrpc.php HTTP/1.0" 403 3652 "-" "Mozilla/5.0 (compatible; Googlebot/2.1;  http://www.google.com/bot.html)"
120.52.120.5 - - [04/Nov/2017:16:20:48 -0400] "POST /xmlrpc.php HTTP/1.0" 403 3652 "-" "Mozilla/5.0 (compatible; Googlebot/2.1;  http://www.google.com/bot.html)"
120.52.120.5 - - [04/Nov/2017:16:24:01 -0400] "POST /xmlrpc.php HTTP/1.0" 403 3652 "-" "Mozilla/5.0 (compatible; Googlebot/2.1;  http://www.google.com/bot.html)"
120.52.120.5 - - [04/Nov/2017:16:26:47 -0400] "POST /xmlrpc.php HTTP/1.0" 403 3652 "-" "Mozilla/5.0 (compatible; Googlebot/2.1;  http://www.google.com/bot.html)"
120.52.120.5 - - [04/Nov/2017:16:34:02 -0400] "POST /xmlrpc.php HTTP/1.0" 403 3652 "-" "Mozilla/5.0 (compatible; Googlebot/2.1;  http://www.google.com/bot.html)"
120.52.120.5 - - [04/Nov/2017:16:36:53 -0400] "POST /xmlrpc.php HTTP/1.0" 403 3652 "-" "Mozilla/5.0 (compatible; Googlebot/2.1;  http://www.google.com/bot.html)"
120.52.120.5 - - [04/Nov/2017:16:39:32 -0400] "POST /xmlrpc.php HTTP/1.0" 403 3652 "-" "Mozilla/5.0 (compatible; Googlebot/2.1;  http://www.google.com/bot.html)"
120.52.120.5 - - [04/Nov/2017:16:43:02 -0400] "POST /xmlrpc.php HTTP/1.0" 403 3652 "-" "Mozilla/5.0 (compatible; Googlebot/2.1;  http://www.google.com/bot.html)"
120.52.120.5 - - [04/Nov/2017:16:45:56 -0400] "POST /xmlrpc.php HTTP/1.0" 403 3652 "-" "Mozilla/5.0 (compatible; Googlebot/2.1;  http://www.google.com/bot.html)"
120.52.120.5 - - [04/Nov/2017:16:48:54 -0400] "POST /xmlrpc.php HTTP/1.0" 403 3652 "-" "Mozilla/5.0 (compatible; Googlebot/2.1;  http://www.google.com/bot.html)"
168.1.128.61 - - [04/Nov/2017:16:51:13 -0400] "GET / HTTP/1.1" 200 10397 "-" "-"
120.52.120.5 - - [04/Nov/2017:16:56:42 -0400] "POST /xmlrpc.php HTTP/1.0" 403 3652 "-" "Mozilla/5.0 (compatible; Googlebot/2.1;  http://www.google.com/bot.html)"
120.52.120.5 - - [04/Nov/2017:17:00:18 -0400] "POST /xmlrpc.php HTTP/1.0" 403 3652 "-" "Mozilla/5.0 (compatible; Googlebot/2.1;  http://www.google.com/bot.html)"
120.52.120.5 - - [04/Nov/2017:17:03:25 -0400] "POST /xmlrpc.php HTTP/1.0" 403 3652 "-" "Mozilla/5.0 (compatible; Googlebot/2.1;  http://www.google.com/bot.html)"
120.52.120.5 - - [04/Nov/2017:17:06:15 -0400] "POST /xmlrpc.php HTTP/1.0" 403 3652 "-" "Mozilla/5.0 (compatible; Googlebot/2.1;  http://www.google.com/bot.html)"
220.181.108.167 - - [04/Nov/2017:17:07:26 -0400] "GET /index.html HTTP/1.1" 200 2947 "-" "Mozilla/5.0 (compatible; Baiduspider/2.0; +http://www.baidu.com/search/spider.html)"
220.181.108.167 - - [04/Nov/2017:17:07:27 -0400] "GET / HTTP/1.1" 200 2947 "-" "Mozilla/5.0 (compatible; Baiduspider/2.0; +http://www.baidu.com/search/spider.html)"
120.52.120.5 - - [04/Nov/2017:17:09:09 -0400] "POST /xmlrpc.php HTTP/1.0" 403 3652 "-" "Mozilla/5.0 (compatible; Googlebot/2.1;  http://www.google.com/bot.html)"
120.52.120.5 - - [04/Nov/2017:17:13:55 -0400] "POST /xmlrpc.php HTTP/1.0" 403 3652 "-" "Mozilla/5.0 (compatible; Googlebot/2.1;  http://www.google.com/bot.html)"
120.52.120.5 - - [04/Nov/2017:17:16:53 -0400] "POST /xmlrpc.php HTTP/1.0" 403 3652 "-" "Mozilla/5.0 (compatible; Googlebot/2.1;  http://www.google.com/bot.html)"
120.52.120.5 - - [04/Nov/2017:17:19:46 -0400] "POST /xmlrpc.php HTTP/1.0" 403 3652 "-" "Mozilla/5.0 (compatible; Googlebot/2.1;  http://www.google.com/bot.html)"
139.162.106.181 - - [04/Nov/2017:17:22:24 -0400] "GET / HTTP/1.1" 200 10397 "-" "Mozilla/5.0 (Windows NT 10.0; WOW64) AppleWebKit/537.36 (KHTML, like Gecko) Chrome/50.0.2661.102 Safari/537.36"
120.52.120.5 - - [04/Nov/2017:17:23:19 -0400] "POST /xmlrpc.php HTTP/1.0" 403 3652 "-" "Mozilla/5.0 (compatible; Googlebot/2.1;  http://www.google.com/bot.html)"
120.52.120.5 - - [04/Nov/2017:17:26:08 -0400] "POST /xmlrpc.php HTTP/1.0" 403 3652 "-" "Mozilla/5.0 (compatible; Googlebot/2.1;  http://www.google.com/bot.html)"
120.52.120.5 - - [04/Nov/2017:17:29:19 -0400] "POST /xmlrpc.php HTTP/1.0" 403 3652 "-" "Mozilla/5.0 (compatible; Googlebot/2.1;  http://www.google.com/bot.html)"
120.52.120.5 - - [04/Nov/2017:17:35:17 -0400] "POST /xmlrpc.php HTTP/1.0" 403 3652 "-" "Mozilla/5.0 (compatible; Googlebot/2.1;  http://www.google.com/bot.html)"
120.52.120.5 - - [04/Nov/2017:17:38:18 -0400] "POST /xmlrpc.php HTTP/1.0" 403 3652 "-" "Mozilla/5.0 (compatible; Googlebot/2.1;  http://www.google.com/bot.html)"
120.52.120.5 - - [04/Nov/2017:17:41:01 -0400] "POST /xmlrpc.php HTTP/1.0" 403 3652 "-" "Mozilla/5.0 (compatible; Googlebot/2.1;  http://www.google.com/bot.html)"
120.52.120.5 - - [04/Nov/2017:17:44:10 -0400] "POST /xmlrpc.php HTTP/1.0" 403 3652 "-" "Mozilla/5.0 (compatible; Googlebot/2.1;  http://www.google.com/bot.html)"
120.52.120.5 - - [04/Nov/2017:17:47:16 -0400] "POST /xmlrpc.php HTTP/1.0" 403 3652 "-" "Mozilla/5.0 (compatible; Googlebot/2.1;  http://www.google.com/bot.html)"
120.52.120.5 - - [04/Nov/2017:17:50:08 -0400] "POST /xmlrpc.php HTTP/1.0" 403 3652 "-" "Mozilla/5.0 (compatible; Googlebot/2.1;  http://www.google.com/bot.html)"
120.52.120.5 - - [04/Nov/2017:17:52:58 -0400] "POST /xmlrpc.php HTTP/1.0" 403 3652 "-" "Mozilla/5.0 (compatible; Googlebot/2.1;  http://www.google.com/bot.html)"
120.52.120.5 - - [04/Nov/2017:17:57:04 -0400] "POST /xmlrpc.php HTTP/1.0" 403 3652 "-" "Mozilla/5.0 (compatible; Googlebot/2.1;  http://www.google.com/bot.html)"
120.52.120.5 - - [04/Nov/2017:18:00:03 -0400] "POST /xmlrpc.php HTTP/1.0" 403 3652 "-" "Mozilla/5.0 (compatible; Googlebot/2.1;  http://www.google.com/bot.html)"
120.52.120.5 - - [04/Nov/2017:18:02:47 -0400] "POST /xmlrpc.php HTTP/1.0" 403 3652 "-" "Mozilla/5.0 (compatible; Googlebot/2.1;  http://www.google.com/bot.html)"
120.52.120.5 - - [04/Nov/2017:18:05:39 -0400] "POST /xmlrpc.php HTTP/1.0" 403 3652 "-" "Mozilla/5.0 (compatible; Googlebot/2.1;  http://www.google.com/bot.html)"
120.52.120.5 - - [04/Nov/2017:18:11:32 -0400] "POST /xmlrpc.php HTTP/1.0" 403 3652 "-" "Mozilla/5.0 (compatible; Googlebot/2.1;  http://www.google.com/bot.html)"
120.52.120.5 - - [04/Nov/2017:18:14:56 -0400] "POST /xmlrpc.php HTTP/1.0" 403 3652 "-" "Mozilla/5.0 (compatible; Googlebot/2.1;  http://www.google.com/bot.html)"
120.52.120.5 - - [04/Nov/2017:18:18:14 -0400] "POST /xmlrpc.php HTTP/1.0" 403 3652 "-" "Mozilla/5.0 (compatible; Googlebot/2.1;  http://www.google.com/bot.html)"
106.11.158.156 - - [04/Nov/2017:18:21:06 -0400] "GET / HTTP/1.1" 200 2947 "-" "YisouSpider"
120.52.120.5 - - [04/Nov/2017:18:21:09 -0400] "POST /xmlrpc.php HTTP/1.0" 403 3652 "-" "Mozilla/5.0 (compatible; Googlebot/2.1;  http://www.google.com/bot.html)"
120.52.120.5 - - [04/Nov/2017:18:24:20 -0400] "POST /xmlrpc.php HTTP/1.0" 403 3652 "-" "Mozilla/5.0 (compatible; Googlebot/2.1;  http://www.google.com/bot.html)"
120.52.120.5 - - [04/Nov/2017:18:27:49 -0400] "POST /xmlrpc.php HTTP/1.0" 403 3652 "-" "Mozilla/5.0 (compatible; Googlebot/2.1;  http://www.google.com/bot.html)"
120.52.120.5 - - [04/Nov/2017:18:31:03 -0400] "POST /xmlrpc.php HTTP/1.0" 403 3652 "-" "Mozilla/5.0 (compatible; Googlebot/2.1;  http://www.google.com/bot.html)"
120.52.120.5 - - [04/Nov/2017:18:34:14 -0400] "POST /xmlrpc.php HTTP/1.0" 403 3652 "-" "Mozilla/5.0 (compatible; Googlebot/2.1;  http://www.google.com/bot.html)"
45.76.90.123 - - [04/Nov/2017:18:35:00 -0400] "GET /robots.txt HTTP/1.1" 200 24 "-" "Go-http-client/1.1"
207.46.13.142 - - [04/Nov/2017:18:36:19 -0400] "GET / HTTP/1.1" 200 2947 "-" "Mozilla/5.0 (compatible; bingbot/2.0; +http://www.bing.com/bingbot.htm)"
120.52.120.5 - - [04/Nov/2017:18:37:16 -0400] "POST /xmlrpc.php HTTP/1.0" 403 3652 "-" "Mozilla/5.0 (compatible; Googlebot/2.1;  http://www.google.com/bot.html)"
120.52.120.5 - - [04/Nov/2017:18:40:28 -0400] "POST /xmlrpc.php HTTP/1.0" 403 3652 "-" "Mozilla/5.0 (compatible; Googlebot/2.1;  http://www.google.com/bot.html)"
120.52.120.5 - - [04/Nov/2017:18:43:26 -0400] "POST /xmlrpc.php HTTP/1.0" 403 3652 "-" "Mozilla/5.0 (compatible; Googlebot/2.1;  http://www.google.com/bot.html)"
120.52.120.5 - - [04/Nov/2017:18:46:40 -0400] "POST /xmlrpc.php HTTP/1.0" 403 3652 "-" "Mozilla/5.0 (compatible; Googlebot/2.1;  http://www.google.com/bot.html)"
120.52.120.5 - - [04/Nov/2017:18:49:52 -0400] "POST /xmlrpc.php HTTP/1.0" 403 3652 "-" "Mozilla/5.0 (compatible; Googlebot/2.1;  http://www.google.com/bot.html)"
120.52.120.5 - - [04/Nov/2017:18:57:20 -0400] "POST /xmlrpc.php HTTP/1.0" 403 3652 "-" "Mozilla/5.0 (compatible; Googlebot/2.1;  http://www.google.com/bot.html)"
120.52.120.5 - - [04/Nov/2017:19:03:27 -0400] "POST /xmlrpc.php HTTP/1.0" 403 3652 "-" "Mozilla/5.0 (compatible; Googlebot/2.1;  http://www.google.com/bot.html)"
120.52.120.5 - - [04/Nov/2017:19:06:26 -0400] "POST /xmlrpc.php HTTP/1.0" 403 3652 "-" "Mozilla/5.0 (compatible; Googlebot/2.1;  http://www.google.com/bot.html)"
120.52.120.5 - - [04/Nov/2017:19:09:41 -0400] "POST /xmlrpc.php HTTP/1.0" 403 3652 "-" "Mozilla/5.0 (compatible; Googlebot/2.1;  http://www.google.com/bot.html)"
120.52.120.5 - - [04/Nov/2017:19:12:33 -0400] "POST /xmlrpc.php HTTP/1.0" 403 3652 "-" "Mozilla/5.0 (compatible; Googlebot/2.1;  http://www.google.com/bot.html)"
120.52.120.5 - - [04/Nov/2017:19:15:48 -0400] "POST /xmlrpc.php HTTP/1.0" 403 3652 "-" "Mozilla/5.0 (compatible; Googlebot/2.1;  http://www.google.com/bot.html)"
120.52.120.5 - - [04/Nov/2017:19:18:40 -0400] "POST /xmlrpc.php HTTP/1.0" 403 3652 "-" "Mozilla/5.0 (compatible; Googlebot/2.1;  http://www.google.com/bot.html)"
120.52.120.5 - - [04/Nov/2017:19:21:38 -0400] "POST /xmlrpc.php HTTP/1.0" 403 3652 "-" "Mozilla/5.0 (compatible; Googlebot/2.1;  http://www.google.com/bot.html)"
120.52.120.5 - - [04/Nov/2017:19:24:42 -0400] "POST /xmlrpc.php HTTP/1.0" 403 3652 "-" "Mozilla/5.0 (compatible; Googlebot/2.1;  http://www.google.com/bot.html)"
120.52.120.5 - - [04/Nov/2017:19:27:49 -0400] "POST /xmlrpc.php HTTP/1.0" 403 3652 "-" "Mozilla/5.0 (compatible; Googlebot/2.1;  http://www.google.com/bot.html)"
120.52.120.5 - - [04/Nov/2017:19:30:51 -0400] "POST /xmlrpc.php HTTP/1.0" 403 3652 "-" "Mozilla/5.0 (compatible; Googlebot/2.1;  http://www.google.com/bot.html)"
120.52.120.5 - - [04/Nov/2017:19:33:52 -0400] "POST /xmlrpc.php HTTP/1.0" 403 3652 "-" "Mozilla/5.0 (compatible; Googlebot/2.1;  http://www.google.com/bot.html)"
120.52.120.5 - - [04/Nov/2017:19:37:00 -0400] "POST /xmlrpc.php HTTP/1.0" 403 3652 "-" "Mozilla/5.0 (compatible; Googlebot/2.1;  http://www.google.com/bot.html)"
120.52.120.5 - - [04/Nov/2017:19:39:52 -0400] "POST /xmlrpc.php HTTP/1.0" 403 3652 "-" "Mozilla/5.0 (compatible; Googlebot/2.1;  http://www.google.com/bot.html)"
120.52.120.5 - - [04/Nov/2017:19:43:10 -0400] "POST /xmlrpc.php HTTP/1.0" 403 3652 "-" "Mozilla/5.0 (compatible; Googlebot/2.1;  http://www.google.com/bot.html)"
120.52.120.5 - - [04/Nov/2017:19:46:14 -0400] "POST /xmlrpc.php HTTP/1.0" 403 3652 "-" "Mozilla/5.0 (compatible; Googlebot/2.1;  http://www.google.com/bot.html)"
120.52.120.5 - - [04/Nov/2017:19:50:03 -0400] "POST /xmlrpc.php HTTP/1.0" 403 3652 "-" "Mozilla/5.0 (compatible; Googlebot/2.1;  http://www.google.com/bot.html)"
120.52.120.5 - - [04/Nov/2017:19:52:49 -0400] "POST /xmlrpc.php HTTP/1.0" 403 3652 "-" "Mozilla/5.0 (compatible; Googlebot/2.1;  http://www.google.com/bot.html)"
120.52.120.5 - - [04/Nov/2017:20:01:00 -0400] "POST /xmlrpc.php HTTP/1.0" 403 3652 "-" "Mozilla/5.0 (compatible; Googlebot/2.1;  http://www.google.com/bot.html)"
120.52.120.5 - - [04/Nov/2017:20:04:16 -0400] "POST /xmlrpc.php HTTP/1.0" 403 3652 "-" "Mozilla/5.0 (compatible; Googlebot/2.1;  http://www.google.com/bot.html)"
120.52.120.5 - - [04/Nov/2017:20:09:59 -0400] "POST /xmlrpc.php HTTP/1.0" 403 3652 "-" "Mozilla/5.0 (compatible; Googlebot/2.1;  http://www.google.com/bot.html)"
120.52.120.5 - - [04/Nov/2017:20:12:50 -0400] "POST /xmlrpc.php HTTP/1.0" 403 3652 "-" "Mozilla/5.0 (compatible; Googlebot/2.1;  http://www.google.com/bot.html)"
120.52.120.5 - - [04/Nov/2017:20:15:51 -0400] "POST /xmlrpc.php HTTP/1.0" 403 3652 "-" "Mozilla/5.0 (compatible; Googlebot/2.1;  http://www.google.com/bot.html)"
120.52.120.5 - - [04/Nov/2017:20:19:15 -0400] "POST /xmlrpc.php HTTP/1.0" 403 3652 "-" "Mozilla/5.0 (compatible; Googlebot/2.1;  http://www.google.com/bot.html)"
120.52.120.5 - - [04/Nov/2017:20:22:30 -0400] "POST /xmlrpc.php HTTP/1.0" 403 3652 "-" "Mozilla/5.0 (compatible; Googlebot/2.1;  http://www.google.com/bot.html)"
120.52.120.5 - - [04/Nov/2017:20:25:17 -0400] "POST /xmlrpc.php HTTP/1.0" 403 3652 "-" "Mozilla/5.0 (compatible; Googlebot/2.1;  http://www.google.com/bot.html)"
120.52.120.5 - - [04/Nov/2017:20:28:17 -0400] "POST /xmlrpc.php HTTP/1.0" 403 3652 "-" "Mozilla/5.0 (compatible; Googlebot/2.1;  http://www.google.com/bot.html)"
120.52.120.5 - - [04/Nov/2017:20:31:31 -0400] "POST /xmlrpc.php HTTP/1.0" 403 3652 "-" "Mozilla/5.0 (compatible; Googlebot/2.1;  http://www.google.com/bot.html)"
164.132.91.1 - - [04/Nov/2017:20:31:56 -0400] "GET / HTTP/1.1" 200 10397 "-" "(KHTML, like Gecko) Chrome/41.0.2225.0 Safari/537.36"
120.52.120.5 - - [04/Nov/2017:20:34:11 -0400] "POST /xmlrpc.php HTTP/1.0" 403 3652 "-" "Mozilla/5.0 (compatible; Googlebot/2.1;  http://www.google.com/bot.html)"
120.52.120.5 - - [04/Nov/2017:20:37:40 -0400] "POST /xmlrpc.php HTTP/1.0" 403 3652 "-" "Mozilla/5.0 (compatible; Googlebot/2.1;  http://www.google.com/bot.html)"
123.125.71.47 - - [04/Nov/2017:20:40:46 -0400] "GET / HTTP/1.1" 200 2947 "-" "Mozilla/5.0 (compatible; Baiduspider/2.0; +http://www.baidu.com/search/spider.html)"
120.52.120.5 - - [04/Nov/2017:20:40:58 -0400] "POST /xmlrpc.php HTTP/1.0" 403 3652 "-" "Mozilla/5.0 (compatible; Googlebot/2.1;  http://www.google.com/bot.html)"
120.52.120.5 - - [04/Nov/2017:20:43:55 -0400] "POST /xmlrpc.php HTTP/1.0" 403 3652 "-" "Mozilla/5.0 (compatible; Googlebot/2.1;  http://www.google.com/bot.html)"
120.52.120.5 - - [04/Nov/2017:20:47:27 -0400] "POST /xmlrpc.php HTTP/1.0" 403 3652 "-" "Mozilla/5.0 (compatible; Googlebot/2.1;  http://www.google.com/bot.html)"
120.52.120.5 - - [04/Nov/2017:20:50:16 -0400] "POST /xmlrpc.php HTTP/1.0" 403 3652 "-" "Mozilla/5.0 (compatible; Googlebot/2.1;  http://www.google.com/bot.html)"
120.52.120.5 - - [04/Nov/2017:20:53:34 -0400] "POST /xmlrpc.php HTTP/1.0" 403 3652 "-" "Mozilla/5.0 (compatible; Googlebot/2.1;  http://www.google.com/bot.html)"
120.52.120.5 - - [04/Nov/2017:20:56:41 -0400] "POST /xmlrpc.php HTTP/1.0" 403 3652 "-" "Mozilla/5.0 (compatible; Googlebot/2.1;  http://www.google.com/bot.html)"
120.52.120.5 - - [04/Nov/2017:20:59:35 -0400] "POST /xmlrpc.php HTTP/1.0" 403 3652 "-" "Mozilla/5.0 (compatible; Googlebot/2.1;  http://www.google.com/bot.html)"
120.52.120.5 - - [04/Nov/2017:21:05:17 -0400] "POST /xmlrpc.php HTTP/1.0" 403 3652 "-" "Mozilla/5.0 (compatible; Googlebot/2.1;  http://www.google.com/bot.html)"
120.52.120.5 - - [04/Nov/2017:21:11:31 -0400] "POST /xmlrpc.php HTTP/1.0" 403 3652 "-" "Mozilla/5.0 (compatible; Googlebot/2.1;  http://www.google.com/bot.html)"
120.52.120.5 - - [04/Nov/2017:21:18:55 -0400] "POST /xmlrpc.php HTTP/1.0" 403 3652 "-" "Mozilla/5.0 (compatible; Googlebot/2.1;  http://www.google.com/bot.html)"
120.52.120.5 - - [04/Nov/2017:21:25:24 -0400] "POST /xmlrpc.php HTTP/1.0" 403 3652 "-" "Mozilla/5.0 (compatible; Googlebot/2.1;  http://www.google.com/bot.html)"
120.52.120.5 - - [04/Nov/2017:21:28:18 -0400] "POST /xmlrpc.php HTTP/1.0" 403 3652 "-" "Mozilla/5.0 (compatible; Googlebot/2.1;  http://www.google.com/bot.html)"
120.52.120.5 - - [04/Nov/2017:21:31:33 -0400] "POST /xmlrpc.php HTTP/1.0" 403 3652 "-" "Mozilla/5.0 (compatible; Googlebot/2.1;  http://www.google.com/bot.html)"
180.76.15.138 - - [04/Nov/2017:21:33:52 -0400] "GET /assets/js/jquery-1.9.1.min.js HTTP/1.1" 200 92629 "-" "Mozilla/5.0 (compatible; Baiduspider/2.0; +http://www.baidu.com/search/spider.html)"
120.52.120.5 - - [04/Nov/2017:21:34:46 -0400] "POST /xmlrpc.php HTTP/1.0" 403 3652 "-" "Mozilla/5.0 (compatible; Googlebot/2.1;  http://www.google.com/bot.html)"
66.231.236.194 - - [04/Nov/2017:21:37:01 -0400] "HEAD / HTTP/1.0" 403 0 "-" "-"
120.52.120.5 - - [04/Nov/2017:21:37:38 -0400] "POST /xmlrpc.php HTTP/1.0" 403 3652 "-" "Mozilla/5.0 (compatible; Googlebot/2.1;  http://www.google.com/bot.html)"
120.52.120.5 - - [04/Nov/2017:21:40:54 -0400] "POST /xmlrpc.php HTTP/1.0" 403 3652 "-" "Mozilla/5.0 (compatible; Googlebot/2.1;  http://www.google.com/bot.html)"
120.52.120.5 - - [04/Nov/2017:21:44:07 -0400] "POST /xmlrpc.php HTTP/1.0" 403 3652 "-" "Mozilla/5.0 (compatible; Googlebot/2.1;  http://www.google.com/bot.html)"
120.52.120.5 - - [04/Nov/2017:21:47:23 -0400] "POST /xmlrpc.php HTTP/1.0" 403 3652 "-" "Mozilla/5.0 (compatible; Googlebot/2.1;  http://www.google.com/bot.html)"
120.52.120.5 - - [04/Nov/2017:21:50:43 -0400] "POST /xmlrpc.php HTTP/1.0" 403 3652 "-" "Mozilla/5.0 (compatible; Googlebot/2.1;  http://www.google.com/bot.html)"
207.241.229.235 - - [04/Nov/2017:21:52:01 -0400] "GET /robots.txt HTTP/1.0" 200 24 "-" "Mozilla/5.0 (compatible; archive.org_bot +http://www.archive.org/details/archive.org_bot)"
207.241.229.235 - - [04/Nov/2017:21:52:05 -0400] "GET /plugins/revolutionslider/assets/boxed_bgtile.png HTTP/1.0" 200 1859 "http://getrepsheet.com/plugins/revolutionslider/css/settings.css" "Mozilla/5.0 (compatible; archive.org_bot +http://www.archive.org/details/archive.org_bot)"
207.241.229.235 - - [04/Nov/2017:21:52:56 -0400] "GET /plugins/revolutionslider/assets/small_right_boxed.png HTTP/1.0" 200 643 "http://getrepsheet.com/plugins/revolutionslider/css/settings.css" "Mozilla/5.0 (compatible; archive.org_bot +http://www.archive.org/details/archive.org_bot)"
120.52.120.5 - - [04/Nov/2017:21:54:04 -0400] "POST /xmlrpc.php HTTP/1.0" 403 3652 "-" "Mozilla/5.0 (compatible; Googlebot/2.1;  http://www.google.com/bot.html)"
207.241.229.32 - - [04/Nov/2017:21:54:39 -0400] "GET /robots.txt HTTP/1.0" 200 24 "-" "Mozilla/5.0 (compatible; archive.org_bot +http://www.archive.org/details/archive.org_bot)"
207.241.229.32 - - [04/Nov/2017:21:54:42 -0400] "GET /plugins/revolutionslider/assets/shadow2.png HTTP/1.0" 200 5603 "http://getrepsheet.com/plugins/revolutionslider/css/settings.css" "Mozilla/5.0 (compatible; archive.org_bot +http://www.archive.org/details/archive.org_bot)"
207.241.231.164 - - [04/Nov/2017:21:55:50 -0400] "GET /robots.txt HTTP/1.0" 200 24 "-" "Mozilla/5.0 (compatible; archive.org_bot +http://www.archive.org/details/archive.org_bot)"
207.241.231.164 - - [04/Nov/2017:21:55:58 -0400] "GET /assets/img/icos32.png HTTP/1.0" 200 40793 "http://getrepsheet.com/assets/css/icons.css" "Mozilla/5.0 (compatible; archive.org_bot +http://www.archive.org/details/archive.org_bot)"
120.52.120.5 - - [04/Nov/2017:21:57:09 -0400] "POST /xmlrpc.php HTTP/1.0" 403 3652 "-" "Mozilla/5.0 (compatible; Googlebot/2.1;  http://www.google.com/bot.html)"
207.241.231.170 - - [04/Nov/2017:21:59:34 -0400] "GET /robots.txt HTTP/1.0" 200 24 "-" "Mozilla/5.0 (compatible; archive.org_bot +http://www.archive.org/details/archive.org_bot)"
207.241.231.170 - - [04/Nov/2017:21:59:38 -0400] "GET /assets/img/slider-wrap-bg.png HTTP/1.0" 200 253 "http://getrepsheet.com/assets/css/main.css" "Mozilla/5.0 (compatible; archive.org_bot +http://www.archive.org/details/archive.org_bot)"
120.52.120.5 - - [04/Nov/2017:21:59:58 -0400] "POST /xmlrpc.php HTTP/1.0" 403 3652 "-" "Mozilla/5.0 (compatible; Googlebot/2.1;  http://www.google.com/bot.html)"
120.52.120.5 - - [04/Nov/2017:22:02:46 -0400] "POST /xmlrpc.php HTTP/1.0" 403 3652 "-" "Mozilla/5.0 (compatible; Googlebot/2.1;  http://www.google.com/bot.html)"
207.241.231.164 - - [04/Nov/2017:22:04:42 -0400] "GET /plugins/revolutionslider/assets/small_right.png HTTP/1.0" 200 578 "http://getrepsheet.com/plugins/revolutionslider/css/settings.css" "Mozilla/5.0 (compatible; archive.org_bot +http://www.archive.org/details/archive.org_bot)"
120.52.120.5 - - [04/Nov/2017:22:05:44 -0400] "POST /xmlrpc.php HTTP/1.0" 403 3652 "-" "Mozilla/5.0 (compatible; Googlebot/2.1;  http://www.google.com/bot.html)"
207.241.229.31 - - [04/Nov/2017:22:07:18 -0400] "GET /robots.txt HTTP/1.0" 200 24 "-" "Mozilla/5.0 (compatible; archive.org_bot +http://www.archive.org/details/archive.org_bot)"
207.241.229.31 - - [04/Nov/2017:22:07:21 -0400] "GET /plugins/revolutionslider/assets/bullets.png HTTP/1.0" 200 929 "http://getrepsheet.com/plugins/revolutionslider/css/settings.css" "Mozilla/5.0 (compatible; archive.org_bot +http://www.archive.org/details/archive.org_bot)"
120.52.120.5 - - [04/Nov/2017:22:08:27 -0400] "POST /xmlrpc.php HTTP/1.0" 403 3652 "-" "Mozilla/5.0 (compatible; Googlebot/2.1;  http://www.google.com/bot.html)"
207.241.229.235 - - [04/Nov/2017:22:09:55 -0400] "GET /assets/css/fonts/glyphicons/glyphicons.eot HTTP/1.0" 200 79080 "http://getrepsheet.com/assets/css/fonts/glyphicons/style.css" "Mozilla/5.0 (compatible; archive.org_bot +http://www.archive.org/details/archive.org_bot)"
120.52.120.5 - - [04/Nov/2017:22:11:36 -0400] "POST /xmlrpc.php HTTP/1.0" 403 3652 "-" "Mozilla/5.0 (compatible; Googlebot/2.1;  http://www.google.com/bot.html)"
120.52.120.5 - - [04/Nov/2017:22:14:49 -0400] "POST /xmlrpc.php HTTP/1.0" 403 3652 "-" "Mozilla/5.0 (compatible; Googlebot/2.1;  http://www.google.com/bot.html)"
67.242.222.41 - - [04/Nov/2017:22:15:09 -0400] "GET / HTTP/1.1" 200 2947 "http://www.google.com/search?source=hp&ei=FnT-WZ7fDsPqmAHKqpOIAQ&q=repsheets&oq=repsheets&gs_l=mobile-gws-hp.3...7045.15614.0.16017.10.10.0.2.2.0.605.3041.0j1j2j4j1j1.10.0....0...1.1.64.mobile-gws-hp..2.7.1755.3..0j41j0i131k1j0i10i30k1j0i5i30k1.312.n7V2KuyUwCE" "Mozilla/5.0 (Linux; U; Android 4.1.2; en-us; LG-D500 Build/JZO54K) AppleWebKit/534.30 (KHTML, like Gecko) Version/4.0 Mobile Safari/534.30"
67.242.222.41 - - [04/Nov/2017:22:15:09 -0400] "GET /assets/css/framework.css HTTP/1.1" 200 15179 "https://getrepsheet.com/" "Mozilla/5.0 (Linux; U; Android 4.1.2; en-us; LG-D500 Build/JZO54K) AppleWebKit/534.30 (KHTML, like Gecko) Version/4.0 Mobile Safari/534.30"
67.242.222.41 - - [04/Nov/2017:22:15:09 -0400] "GET /assets/css/typography.css HTTP/1.1" 200 4508 "https://getrepsheet.com/" "Mozilla/5.0 (Linux; U; Android 4.1.2; en-us; LG-D500 Build/JZO54K) AppleWebKit/534.30 (KHTML, like Gecko) Version/4.0 Mobile Safari/534.30"
67.242.222.41 - - [04/Nov/2017:22:15:09 -0400] "GET /assets/css/icons.css HTTP/1.1" 200 4965 "https://getrepsheet.com/" "Mozilla/5.0 (Linux; U; Android 4.1.2; en-us; LG-D500 Build/JZO54K) AppleWebKit/534.30 (KHTML, like Gecko) Version/4.0 Mobile Safari/534.30"
67.242.222.41 - - [04/Nov/2017:22:15:09 -0400] "GET /assets/css/main.css HTTP/1.1" 200 21384 "https://getrepsheet.com/" "Mozilla/5.0 (Linux; U; Android 4.1.2; en-us; LG-D500 Build/JZO54K) AppleWebKit/534.30 (KHTML, like Gecko) Version/4.0 Mobile Safari/534.30"
67.242.222.41 - - [04/Nov/2017:22:15:09 -0400] "GET /assets/css/widgets.css HTTP/1.1" 200 55021 "https://getrepsheet.com/" "Mozilla/5.0 (Linux; U; Android 4.1.2; en-us; LG-D500 Build/JZO54K) AppleWebKit/534.30 (KHTML, like Gecko) Version/4.0 Mobile Safari/534.30"
67.242.222.41 - - [04/Nov/2017:22:15:09 -0400] "GET /assets/css/colors.css HTTP/1.1" 200 2308 "https://getrepsheet.com/" "Mozilla/5.0 (Linux; U; Android 4.1.2; en-us; LG-D500 Build/JZO54K) AppleWebKit/534.30 (KHTML, like Gecko) Version/4.0 Mobile Safari/534.30"
67.242.222.41 - - [04/Nov/2017:22:15:09 -0400] "GET /assets/css/fonts/glyphicons/style.css HTTP/1.1" 200 19984 "https://getrepsheet.com/" "Mozilla/5.0 (Linux; U; Android 4.1.2; en-us; LG-D500 Build/JZO54K) AppleWebKit/534.30 (KHTML, like Gecko) Version/4.0 Mobile Safari/534.30"
67.242.222.41 - - [04/Nov/2017:22:15:09 -0400] "GET /assets/css/customizer.css HTTP/1.1" 200 5845 "https://getrepsheet.com/" "Mozilla/5.0 (Linux; U; Android 4.1.2; en-us; LG-D500 Build/JZO54K) AppleWebKit/534.30 (KHTML, like Gecko) Version/4.0 Mobile Safari/534.30"
67.242.222.41 - - [04/Nov/2017:22:15:09 -0400] "GET /plugins/revolutionslider/css/settings.css HTTP/1.1" 200 23805 "https://getrepsheet.com/" "Mozilla/5.0 (Linux; U; Android 4.1.2; en-us; LG-D500 Build/JZO54K) AppleWebKit/534.30 (KHTML, like Gecko) Version/4.0 Mobile Safari/534.30"
67.242.222.41 - - [04/Nov/2017:22:15:09 -0400] "GET /plugins/revolutionslider/js/jquery.themepunch.plugins.min.js HTTP/1.1" 200 17162 "https://getrepsheet.com/" "Mozilla/5.0 (Linux; U; Android 4.1.2; en-us; LG-D500 Build/JZO54K) AppleWebKit/534.30 (KHTML, like Gecko) Version/4.0 Mobile Safari/534.30"
67.242.222.41 - - [04/Nov/2017:22:15:09 -0400] "GET /plugins/revolutionslider/js/jquery.themepunch.revolution.min.js HTTP/1.1" 200 55943 "https://getrepsheet.com/" "Mozilla/5.0 (Linux; U; Android 4.1.2; en-us; LG-D500 Build/JZO54K) AppleWebKit/534.30 (KHTML, like Gecko) Version/4.0 Mobile Safari/534.30"
67.242.222.41 - - [04/Nov/2017:22:15:09 -0400] "GET /assets/js/joiee.plugins.js HTTP/1.1" 200 18035 "https://getrepsheet.com/" "Mozilla/5.0 (Linux; U; Android 4.1.2; en-us; LG-D500 Build/JZO54K) AppleWebKit/534.30 (KHTML, like Gecko) Version/4.0 Mobile Safari/534.30"
67.242.222.41 - - [04/Nov/2017:22:15:10 -0400] "GET /assets/js/joiee.setup.js HTTP/1.1" 200 9184 "https://getrepsheet.com/" "Mozilla/5.0 (Linux; U; Android 4.1.2; en-us; LG-D500 Build/JZO54K) AppleWebKit/534.30 (KHTML, like Gecko) Version/4.0 Mobile Safari/534.30"
67.242.222.41 - - [04/Nov/2017:22:15:10 -0400] "GET /assets/img/bg.png HTTP/1.1" 200 711 "https://getrepsheet.com/" "Mozilla/5.0 (Linux; U; Android 4.1.2; en-us; LG-D500 Build/JZO54K) AppleWebKit/534.30 (KHTML, like Gecko) Version/4.0 Mobile Safari/534.30"
67.242.222.41 - - [04/Nov/2017:22:15:10 -0400] "GET /assets/js/jquery-1.9.1.min.js HTTP/1.1" 200 92629 "https://getrepsheet.com/" "Mozilla/5.0 (Linux; U; Android 4.1.2; en-us; LG-D500 Build/JZO54K) AppleWebKit/534.30 (KHTML, like Gecko) Version/4.0 Mobile Safari/534.30"
67.242.222.41 - - [04/Nov/2017:22:15:11 -0400] "GET /assets/img/noise.png HTTP/1.1" 200 5903 "https://getrepsheet.com/" "Mozilla/5.0 (Linux; U; Android 4.1.2; en-us; LG-D500 Build/JZO54K) AppleWebKit/534.30 (KHTML, like Gecko) Version/4.0 Mobile Safari/534.30"
67.242.222.41 - - [04/Nov/2017:22:15:11 -0400] "GET /assets/img/slider-wrap-bg.png HTTP/1.1" 200 253 "https://getrepsheet.com/" "Mozilla/5.0 (Linux; U; Android 4.1.2; en-us; LG-D500 Build/JZO54K) AppleWebKit/534.30 (KHTML, like Gecko) Version/4.0 Mobile Safari/534.30"
67.242.222.41 - - [04/Nov/2017:22:15:11 -0400] "GET /plugins/revolutionslider/assets/loader.gif HTTP/1.1" 200 2545 "https://getrepsheet.com/" "Mozilla/5.0 (Linux; U; Android 4.1.2; en-us; LG-D500 Build/JZO54K) AppleWebKit/534.30 (KHTML, like Gecko) Version/4.0 Mobile Safari/534.30"
67.242.222.41 - - [04/Nov/2017:22:15:11 -0400] "GET /plugins/revolutionslider/assets/large_left.png HTTP/1.1" 200 1113 "https://getrepsheet.com/" "Mozilla/5.0 (Linux; U; Android 4.1.2; en-us; LG-D500 Build/JZO54K) AppleWebKit/534.30 (KHTML, like Gecko) Version/4.0 Mobile Safari/534.30"
67.242.222.41 - - [04/Nov/2017:22:15:11 -0400] "GET /plugins/revolutionslider/assets/large_right.png HTTP/1.1" 200 1111 "https://getrepsheet.com/" "Mozilla/5.0 (Linux; U; Android 4.1.2; en-us; LG-D500 Build/JZO54K) AppleWebKit/534.30 (KHTML, like Gecko) Version/4.0 Mobile Safari/534.30"
67.242.222.41 - - [04/Nov/2017:22:15:12 -0400] "GET /assets/css/fonts/glyphicons/glyphicons.svg HTTP/1.1" 200 435024 "https://getrepsheet.com/" "Mozilla/5.0 (Linux; U; Android 4.1.2; en-us; LG-D500 Build/JZO54K) AppleWebKit/534.30 (KHTML, like Gecko) Version/4.0 Mobile Safari/534.30"
67.242.222.41 - - [04/Nov/2017:22:15:12 -0400] "GET /favicon.ico HTTP/1.1" 200 1406 "https://getrepsheet.com/" "Mozilla/5.0 (Linux; U; Android 4.1.2; en-us; LG-D500 Build/JZO54K) AppleWebKit/534.30 (KHTML, like Gecko) Version/4.0 Mobile Safari/534.30"
120.52.120.5 - - [04/Nov/2017:22:17:46 -0400] "POST /xmlrpc.php HTTP/1.0" 403 3652 "-" "Mozilla/5.0 (compatible; Googlebot/2.1;  http://www.google.com/bot.html)"
120.52.120.5 - - [04/Nov/2017:22:20:31 -0400] "POST /xmlrpc.php HTTP/1.0" 403 3652 "-" "Mozilla/5.0 (compatible; Googlebot/2.1;  http://www.google.com/bot.html)"
120.52.120.5 - - [04/Nov/2017:22:23:30 -0400] "POST /xmlrpc.php HTTP/1.0" 403 3652 "-" "Mozilla/5.0 (compatible; Googlebot/2.1;  http://www.google.com/bot.html)"
207.241.231.171 - - [04/Nov/2017:22:23:43 -0400] "GET /robots.txt HTTP/1.0" 200 24 "-" "Mozilla/5.0 (compatible; archive.org_bot +http://www.archive.org/details/archive.org_bot)"
207.241.231.171 - - [04/Nov/2017:22:23:46 -0400] "GET /plugins/revolutionslider/assets/navigdots_bgtile.png HTTP/1.0" 200 109 "http://getrepsheet.com/plugins/revolutionslider/css/settings.css" "Mozilla/5.0 (compatible; archive.org_bot +http://www.archive.org/details/archive.org_bot)"
120.52.120.5 - - [04/Nov/2017:22:26:16 -0400] "POST /xmlrpc.php HTTP/1.0" 403 3652 "-" "Mozilla/5.0 (compatible; Googlebot/2.1;  http://www.google.com/bot.html)"
207.241.229.31 - - [04/Nov/2017:22:28:39 -0400] "GET /assets/css/fonts/glyphicons/glyphicons.ttf HTTP/1.0" 200 78904 "http://getrepsheet.com/assets/css/fonts/glyphicons/style.css" "Mozilla/5.0 (compatible; archive.org_bot +http://www.archive.org/details/archive.org_bot)"
120.52.120.5 - - [04/Nov/2017:22:29:09 -0400] "POST /xmlrpc.php HTTP/1.0" 403 3652 "-" "Mozilla/5.0 (compatible; Googlebot/2.1;  http://www.google.com/bot.html)"
120.52.120.5 - - [04/Nov/2017:22:32:19 -0400] "POST /xmlrpc.php HTTP/1.0" 403 3652 "-" "Mozilla/5.0 (compatible; Googlebot/2.1;  http://www.google.com/bot.html)"
120.52.120.5 - - [04/Nov/2017:22:35:24 -0400] "POST /xmlrpc.php HTTP/1.0" 403 3652 "-" "Mozilla/5.0 (compatible; Googlebot/2.1;  http://www.google.com/bot.html)"
207.241.229.33 - - [04/Nov/2017:22:37:22 -0400] "GET /robots.txt HTTP/1.0" 200 24 "-" "Mozilla/5.0 (compatible; archive.org_bot +http://www.archive.org/details/archive.org_bot)"
207.241.229.33 - - [04/Nov/2017:22:37:25 -0400] "GET /plugins/revolutionslider/assets/arrow_right.png HTTP/1.0" 200 587 "http://getrepsheet.com/plugins/revolutionslider/css/settings.css" "Mozilla/5.0 (compatible; archive.org_bot +http://www.archive.org/details/archive.org_bot)"
120.52.120.5 - - [04/Nov/2017:22:38:39 -0400] "POST /xmlrpc.php HTTP/1.0" 403 3652 "-" "Mozilla/5.0 (compatible; Googlebot/2.1;  http://www.google.com/bot.html)"
207.241.231.171 - - [04/Nov/2017:22:41:29 -0400] "GET /assets/img/icos16.png HTTP/1.0" 200 17069 "http://getrepsheet.com/assets/css/icons.css" "Mozilla/5.0 (compatible; archive.org_bot +http://www.archive.org/details/archive.org_bot)"
120.52.120.5 - - [04/Nov/2017:22:41:36 -0400] "POST /xmlrpc.php HTTP/1.0" 403 3652 "-" "Mozilla/5.0 (compatible; Googlebot/2.1;  http://www.google.com/bot.html)"
120.52.120.5 - - [04/Nov/2017:22:44:25 -0400] "POST /xmlrpc.php HTTP/1.0" 403 3652 "-" "Mozilla/5.0 (compatible; Googlebot/2.1;  http://www.google.com/bot.html)"
207.241.231.164 - - [04/Nov/2017:22:45:09 -0400] "GET /plugins/revolutionslider/assets/loader.gif HTTP/1.0" 200 2545 "http://getrepsheet.com/plugins/revolutionslider/css/settings.css" "Mozilla/5.0 (compatible; archive.org_bot +http://www.archive.org/details/archive.org_bot)"
207.241.229.31 - - [04/Nov/2017:22:48:58 -0400] "GET /plugins/revolutionslider/images/gradient/g40.png HTTP/1.0" 404 3732 "http://getrepsheet.com/plugins/revolutionslider/css/settings.css" "Mozilla/5.0 (compatible; archive.org_bot +http://www.archive.org/details/archive.org_bot)"
120.52.120.5 - - [04/Nov/2017:22:51:11 -0400] "POST /xmlrpc.php HTTP/1.0" 403 3652 "-" "Mozilla/5.0 (compatible; Googlebot/2.1;  http://www.google.com/bot.html)"
120.52.120.5 - - [04/Nov/2017:22:54:25 -0400] "POST /xmlrpc.php HTTP/1.0" 403 3652 "-" "Mozilla/5.0 (compatible; Googlebot/2.1;  http://www.google.com/bot.html)"
207.241.231.164 - - [04/Nov/2017:22:57:12 -0400] "GET /assets/img/noise.png HTTP/1.0" 200 5903 "http://getrepsheet.com/assets/css/main.css" "Mozilla/5.0 (compatible; archive.org_bot +http://www.archive.org/details/archive.org_bot)"
120.52.120.5 - - [04/Nov/2017:22:57:17 -0400] "POST /xmlrpc.php HTTP/1.0" 403 3652 "-" "Mozilla/5.0 (compatible; Googlebot/2.1;  http://www.google.com/bot.html)"
207.241.231.164 - - [04/Nov/2017:22:58:23 -0400] "GET /plugins/revolutionslider/assets/shadow3.png HTTP/1.0" 200 6391 "http://getrepsheet.com/plugins/revolutionslider/css/settings.css" "Mozilla/5.0 (compatible; archive.org_bot +http://www.archive.org/details/archive.org_bot)"
120.52.120.5 - - [04/Nov/2017:23:00:27 -0400] "POST /xmlrpc.php HTTP/1.0" 403 3652 "-" "Mozilla/5.0 (compatible; Googlebot/2.1;  http://www.google.com/bot.html)"
120.52.120.5 - - [04/Nov/2017:23:02:55 -0400] "POST /xmlrpc.php HTTP/1.0" 403 3652 "-" "Mozilla/5.0 (compatible; Googlebot/2.1;  http://www.google.com/bot.html)"
207.241.231.164 - - [04/Nov/2017:23:05:43 -0400] "GET /plugins/revolutionslider/assets/large_left.png HTTP/1.0" 200 1113 "http://getrepsheet.com/plugins/revolutionslider/css/settings.css" "Mozilla/5.0 (compatible; archive.org_bot +http://www.archive.org/details/archive.org_bot)"
120.52.120.5 - - [04/Nov/2017:23:05:45 -0400] "POST /xmlrpc.php HTTP/1.0" 403 3652 "-" "Mozilla/5.0 (compatible; Googlebot/2.1;  http://www.google.com/bot.html)"
120.52.120.5 - - [04/Nov/2017:23:08:51 -0400] "POST /xmlrpc.php HTTP/1.0" 403 3652 "-" "Mozilla/5.0 (compatible; Googlebot/2.1;  http://www.google.com/bot.html)"
120.52.120.5 - - [04/Nov/2017:23:12:14 -0400] "POST /xmlrpc.php HTTP/1.0" 403 3652 "-" "Mozilla/5.0 (compatible; Googlebot/2.1;  http://www.google.com/bot.html)"
84.201.133.71 - - [04/Nov/2017:23:14:08 -0400] "GET /robots.txt HTTP/1.1" 200 24 "-" "Mozilla/5.0 (compatible; YandexBot/3.0; +http://yandex.com/bots)"
93.158.161.42 - - [04/Nov/2017:23:14:09 -0400] "GET /robots.txt HTTP/1.1" 200 24 "-" "Mozilla/5.0 (compatible; YandexBot/3.0; +http://yandex.com/bots)"
84.201.133.71 - - [04/Nov/2017:23:14:12 -0400] "GET / HTTP/1.1" 200 2947 "-" "Mozilla/5.0 (compatible; YandexBot/3.0; +http://yandex.com/bots)"
93.158.161.42 - - [04/Nov/2017:23:14:13 -0400] "GET / HTTP/1.1" 200 2947 "-" "Mozilla/5.0 (compatible; YandexBot/3.0; +http://yandex.com/bots)"
207.241.229.32 - - [04/Nov/2017:23:14:53 -0400] "GET /plugins/revolutionslider/assets/large_right.png HTTP/1.0" 200 1111 "http://getrepsheet.com/plugins/revolutionslider/css/settings.css" "Mozilla/5.0 (compatible; archive.org_bot +http://www.archive.org/details/archive.org_bot)"
207.241.231.164 - - [04/Nov/2017:23:15:28 -0400] "GET /assets/img/jquery.minicolors.png HTTP/1.0" 200 77459 "http://getrepsheet.com/assets/css/customizer.css" "Mozilla/5.0 (compatible; archive.org_bot +http://www.archive.org/details/archive.org_bot)"
120.52.120.5 - - [04/Nov/2017:23:15:47 -0400] "POST /xmlrpc.php HTTP/1.0" 403 3652 "-" "Mozilla/5.0 (compatible; Googlebot/2.1;  http://www.google.com/bot.html)"
120.52.120.5 - - [04/Nov/2017:23:18:45 -0400] "POST /xmlrpc.php HTTP/1.0" 403 3652 "-" "Mozilla/5.0 (compatible; Googlebot/2.1;  http://www.google.com/bot.html)"
120.52.120.5 - - [04/Nov/2017:23:21:56 -0400] "POST /xmlrpc.php HTTP/1.0" 403 3652 "-" "Mozilla/5.0 (compatible; Googlebot/2.1;  http://www.google.com/bot.html)"
120.52.120.5 - - [04/Nov/2017:23:24:49 -0400] "POST /xmlrpc.php HTTP/1.0" 403 3652 "-" "Mozilla/5.0 (compatible; Googlebot/2.1;  http://www.google.com/bot.html)"
120.52.120.5 - - [04/Nov/2017:23:28:24 -0400] "POST /xmlrpc.php HTTP/1.0" 403 3652 "-" "Mozilla/5.0 (compatible; Googlebot/2.1;  http://www.google.com/bot.html)"
120.52.120.5 - - [04/Nov/2017:23:31:20 -0400] "POST /xmlrpc.php HTTP/1.0" 403 3652 "-" "Mozilla/5.0 (compatible; Googlebot/2.1;  http://www.google.com/bot.html)"
120.52.120.5 - - [04/Nov/2017:23:34:27 -0400] "POST /xmlrpc.php HTTP/1.0" 403 3652 "-" "Mozilla/5.0 (compatible; Googlebot/2.1;  http://www.google.com/bot.html)"
207.241.229.30 - - [04/Nov/2017:23:36:37 -0400] "GET /robots.txt HTTP/1.0" 200 24 "-" "Mozilla/5.0 (compatible; archive.org_bot +http://www.archive.org/details/archive.org_bot)"
207.241.229.30 - - [04/Nov/2017:23:36:40 -0400] "GET /plugins/revolutionslider/assets/arrow_left2.png HTTP/1.0" 200 245 "http://getrepsheet.com/plugins/revolutionslider/css/settings.css" "Mozilla/5.0 (compatible; archive.org_bot +http://www.archive.org/details/archive.org_bot)"
120.52.120.5 - - [04/Nov/2017:23:37:56 -0400] "POST /xmlrpc.php HTTP/1.0" 403 3652 "-" "Mozilla/5.0 (compatible; Googlebot/2.1;  http://www.google.com/bot.html)"
120.52.120.5 - - [04/Nov/2017:23:41:33 -0400] "POST /xmlrpc.php HTTP/1.0" 403 3652 "-" "Mozilla/5.0 (compatible; Googlebot/2.1;  http://www.google.com/bot.html)"
120.52.120.5 - - [04/Nov/2017:23:43:41 -0400] "POST /xmlrpc.php HTTP/1.0" 403 3652 "-" "Mozilla/5.0 (compatible; Googlebot/2.1;  http://www.google.com/bot.html)"
207.241.229.30 - - [04/Nov/2017:23:44:32 -0400] "GET /plugins/revolutionslider/assets/navigdots.png HTTP/1.0" 200 556 "http://getrepsheet.com/plugins/revolutionslider/css/settings.css" "Mozilla/5.0 (compatible; archive.org_bot +http://www.archive.org/details/archive.org_bot)"
120.52.120.5 - - [04/Nov/2017:23:49:55 -0400] "POST /xmlrpc.php HTTP/1.0" 403 3652 "-" "Mozilla/5.0 (compatible; Googlebot/2.1;  http://www.google.com/bot.html)"
207.241.231.164 - - [04/Nov/2017:23:50:18 -0400] "GET /plugins/revolutionslider/assets/bullet.png HTTP/1.0" 200 892 "http://getrepsheet.com/plugins/revolutionslider/css/settings.css" "Mozilla/5.0 (compatible; archive.org_bot +http://www.archive.org/details/archive.org_bot)"
120.52.120.5 - - [04/Nov/2017:23:53:01 -0400] "POST /xmlrpc.php HTTP/1.0" 403 3652 "-" "Mozilla/5.0 (compatible; Googlebot/2.1;  http://www.google.com/bot.html)"
207.241.231.165 - - [04/Nov/2017:23:54:02 -0400] "GET /robots.txt HTTP/1.0" 200 24 "-" "Mozilla/5.0 (compatible; archive.org_bot +http://www.archive.org/details/archive.org_bot)"
207.241.231.165 - - [04/Nov/2017:23:54:06 -0400] "GET /plugins/revolutionslider/assets/small_left_boxed.png HTTP/1.0" 200 634 "http://getrepsheet.com/plugins/revolutionslider/css/settings.css" "Mozilla/5.0 (compatible; archive.org_bot +http://www.archive.org/details/archive.org_bot)"
52.34.141.102 - - [04/Nov/2017:23:55:23 -0400] "GET / HTTP/1.1" 200 2947 "-" "Mozilla/5.0 (X11; Linux x86_64) AppleWebKit/534.34 (KHTML, like Gecko) Qt/4.8.2"
52.34.141.102 - - [04/Nov/2017:23:55:23 -0400] "GET /assets/css/framework.css HTTP/1.1" 200 15179 "http://getrepsheet.com/" "Mozilla/5.0 (X11; Linux x86_64) AppleWebKit/534.34 (KHTML, like Gecko) Qt/4.8.2"
52.34.141.102 - - [04/Nov/2017:23:55:24 -0400] "GET /assets/css/main.css HTTP/1.1" 200 21384 "http://getrepsheet.com/" "Mozilla/5.0 (X11; Linux x86_64) AppleWebKit/534.34 (KHTML, like Gecko) Qt/4.8.2"
52.34.141.102 - - [04/Nov/2017:23:55:24 -0400] "GET /assets/css/typography.css HTTP/1.1" 200 4508 "http://getrepsheet.com/" "Mozilla/5.0 (X11; Linux x86_64) AppleWebKit/534.34 (KHTML, like Gecko) Qt/4.8.2"
52.34.141.102 - - [04/Nov/2017:23:55:24 -0400] "GET /assets/css/widgets.css HTTP/1.1" 200 55021 "http://getrepsheet.com/" "Mozilla/5.0 (X11; Linux x86_64) AppleWebKit/534.34 (KHTML, like Gecko) Qt/4.8.2"
52.34.141.102 - - [04/Nov/2017:23:55:24 -0400] "GET /assets/css/icons.css HTTP/1.1" 200 4965 "http://getrepsheet.com/" "Mozilla/5.0 (X11; Linux x86_64) AppleWebKit/534.34 (KHTML, like Gecko) Qt/4.8.2"
52.34.141.102 - - [04/Nov/2017:23:55:24 -0400] "GET /assets/css/colors.css HTTP/1.1" 200 2308 "http://getrepsheet.com/" "Mozilla/5.0 (X11; Linux x86_64) AppleWebKit/534.34 (KHTML, like Gecko) Qt/4.8.2"
52.34.141.102 - - [04/Nov/2017:23:55:24 -0400] "GET /assets/css/fonts/glyphicons/style.css HTTP/1.1" 200 19984 "http://getrepsheet.com/" "Mozilla/5.0 (X11; Linux x86_64) AppleWebKit/534.34 (KHTML, like Gecko) Qt/4.8.2"
52.34.141.102 - - [04/Nov/2017:23:55:24 -0400] "GET /assets/css/customizer.css HTTP/1.1" 200 5845 "http://getrepsheet.com/" "Mozilla/5.0 (X11; Linux x86_64) AppleWebKit/534.34 (KHTML, like Gecko) Qt/4.8.2"
52.34.141.102 - - [04/Nov/2017:23:55:24 -0400] "GET /plugins/revolutionslider/css/settings.css HTTP/1.1" 200 23805 "http://getrepsheet.com/" "Mozilla/5.0 (X11; Linux x86_64) AppleWebKit/534.34 (KHTML, like Gecko) Qt/4.8.2"
52.34.141.102 - - [04/Nov/2017:23:55:24 -0400] "GET /plugins/revolutionslider/js/jquery.themepunch.plugins.min.js HTTP/1.1" 200 17162 "http://getrepsheet.com/" "Mozilla/5.0 (X11; Linux x86_64) AppleWebKit/534.34 (KHTML, like Gecko) Qt/4.8.2"
52.34.141.102 - - [04/Nov/2017:23:55:24 -0400] "GET /plugins/revolutionslider/js/jquery.themepunch.revolution.min.js HTTP/1.1" 200 55943 "http://getrepsheet.com/" "Mozilla/5.0 (X11; Linux x86_64) AppleWebKit/534.34 (KHTML, like Gecko) Qt/4.8.2"
52.34.141.102 - - [04/Nov/2017:23:55:24 -0400] "GET /assets/js/joiee.plugins.js HTTP/1.1" 200 18035 "http://getrepsheet.com/" "Mozilla/5.0 (X11; Linux x86_64) AppleWebKit/534.34 (KHTML, like Gecko) Qt/4.8.2"
52.34.141.102 - - [04/Nov/2017:23:55:24 -0400] "GET /assets/js/jquery-1.9.1.min.js HTTP/1.1" 200 92629 "http://getrepsheet.com/" "Mozilla/5.0 (X11; Linux x86_64) AppleWebKit/534.34 (KHTML, like Gecko) Qt/4.8.2"
52.34.141.102 - - [04/Nov/2017:23:55:24 -0400] "GET /assets/js/joiee.setup.js HTTP/1.1" 200 9184 "http://getrepsheet.com/" "Mozilla/5.0 (X11; Linux x86_64) AppleWebKit/534.34 (KHTML, like Gecko) Qt/4.8.2"
52.34.141.102 - - [04/Nov/2017:23:55:24 -0400] "GET /assets/css/fonts/glyphicons/glyphicons.ttf HTTP/1.1" 200 78904 "http://getrepsheet.com/" "Mozilla/5.0 (X11; Linux x86_64) AppleWebKit/534.34 (KHTML, like Gecko) Qt/4.8.2"
52.34.141.102 - - [04/Nov/2017:23:55:27 -0400] "GET /robots.txt HTTP/1.0" 200 24 "-" "Python-urllib/1.17"
52.34.141.102 - - [04/Nov/2017:23:55:34 -0400] "GET /index.html HTTP/1.1" 200 2947 "-" "Mozilla/5.0 (X11; Linux x86_64) AppleWebKit/534.34 (KHTML, like Gecko) Qt/4.8.2"
52.34.141.102 - - [04/Nov/2017:23:55:34 -0400] "GET /assets/css/framework.css HTTP/1.1" 200 15179 "http://getrepsheet.com/index.html" "Mozilla/5.0 (X11; Linux x86_64) AppleWebKit/534.34 (KHTML, like Gecko) Qt/4.8.2"
52.34.141.102 - - [04/Nov/2017:23:55:34 -0400] "GET /assets/css/typography.css HTTP/1.1" 200 4508 "http://getrepsheet.com/index.html" "Mozilla/5.0 (X11; Linux x86_64) AppleWebKit/534.34 (KHTML, like Gecko) Qt/4.8.2"
52.34.141.102 - - [04/Nov/2017:23:55:34 -0400] "GET /assets/css/main.css HTTP/1.1" 200 21384 "http://getrepsheet.com/index.html" "Mozilla/5.0 (X11; Linux x86_64) AppleWebKit/534.34 (KHTML, like Gecko) Qt/4.8.2"
52.34.141.102 - - [04/Nov/2017:23:55:34 -0400] "GET /assets/css/icons.css HTTP/1.1" 200 4965 "http://getrepsheet.com/index.html" "Mozilla/5.0 (X11; Linux x86_64) AppleWebKit/534.34 (KHTML, like Gecko) Qt/4.8.2"
52.34.141.102 - - [04/Nov/2017:23:55:34 -0400] "GET /assets/css/widgets.css HTTP/1.1" 200 55021 "http://getrepsheet.com/index.html" "Mozilla/5.0 (X11; Linux x86_64) AppleWebKit/534.34 (KHTML, like Gecko) Qt/4.8.2"
52.34.141.102 - - [04/Nov/2017:23:55:34 -0400] "GET /assets/css/colors.css HTTP/1.1" 200 2308 "http://getrepsheet.com/index.html" "Mozilla/5.0 (X11; Linux x86_64) AppleWebKit/534.34 (KHTML, like Gecko) Qt/4.8.2"
52.34.141.102 - - [04/Nov/2017:23:55:34 -0400] "GET /assets/css/fonts/glyphicons/style.css HTTP/1.1" 200 19984 "http://getrepsheet.com/index.html" "Mozilla/5.0 (X11; Linux x86_64) AppleWebKit/534.34 (KHTML, like Gecko) Qt/4.8.2"
52.34.141.102 - - [04/Nov/2017:23:55:34 -0400] "GET /assets/css/customizer.css HTTP/1.1" 200 5845 "http://getrepsheet.com/index.html" "Mozilla/5.0 (X11; Linux x86_64) AppleWebKit/534.34 (KHTML, like Gecko) Qt/4.8.2"
52.34.141.102 - - [04/Nov/2017:23:55:34 -0400] "GET /plugins/revolutionslider/css/settings.css HTTP/1.1" 200 23805 "http://getrepsheet.com/index.html" "Mozilla/5.0 (X11; Linux x86_64) AppleWebKit/534.34 (KHTML, like Gecko) Qt/4.8.2"
52.34.141.102 - - [04/Nov/2017:23:55:34 -0400] "GET /plugins/revolutionslider/js/jquery.themepunch.plugins.min.js HTTP/1.1" 200 17162 "http://getrepsheet.com/index.html" "Mozilla/5.0 (X11; Linux x86_64) AppleWebKit/534.34 (KHTML, like Gecko) Qt/4.8.2"
52.34.141.102 - - [04/Nov/2017:23:55:34 -0400] "GET /plugins/revolutionslider/js/jquery.themepunch.revolution.min.js HTTP/1.1" 200 55943 "http://getrepsheet.com/index.html" "Mozilla/5.0 (X11; Linux x86_64) AppleWebKit/534.34 (KHTML, like Gecko) Qt/4.8.2"
52.34.141.102 - - [04/Nov/2017:23:55:34 -0400] "GET /assets/js/jquery-1.9.1.min.js HTTP/1.1" 200 92629 "http://getrepsheet.com/index.html" "Mozilla/5.0 (X11; Linux x86_64) AppleWebKit/534.34 (KHTML, like Gecko) Qt/4.8.2"
52.34.141.102 - - [04/Nov/2017:23:55:34 -0400] "GET /assets/js/joiee.plugins.js HTTP/1.1" 200 18035 "http://getrepsheet.com/index.html" "Mozilla/5.0 (X11; Linux x86_64) AppleWebKit/534.34 (KHTML, like Gecko) Qt/4.8.2"
52.34.141.102 - - [04/Nov/2017:23:55:34 -0400] "GET /assets/js/joiee.setup.js HTTP/1.1" 200 9184 "http://getrepsheet.com/index.html" "Mozilla/5.0 (X11; Linux x86_64) AppleWebKit/534.34 (KHTML, like Gecko) Qt/4.8.2"
52.34.141.102 - - [04/Nov/2017:23:55:34 -0400] "GET /assets/css/fonts/glyphicons/glyphicons.ttf HTTP/1.1" 200 78904 "http://getrepsheet.com/index.html" "Mozilla/5.0 (X11; Linux x86_64) AppleWebKit/534.34 (KHTML, like Gecko) Qt/4.8.2"
120.52.120.5 - - [04/Nov/2017:23:55:49 -0400] "POST /xmlrpc.php HTTP/1.0" 403 3652 "-" "Mozilla/5.0 (compatible; Googlebot/2.1;  http://www.google.com/bot.html)"
185.172.110.216 - - [04/Nov/2017:23:56:43 -0400] "GET /phpmyadmin3/ HTTP/1.1" 404 1386 "-" "ZmEu"
185.172.110.216 - - [04/Nov/2017:23:56:43 -0400] "GET /w00tw00t.at.blackhats.romanian.anti-sec:) HTTP/1.1" 404 1386 "-" "ZmEu"
185.172.110.216 - - [04/Nov/2017:23:56:43 -0400] "GET /phpmyadmin4/ HTTP/1.1" 404 1386 "-" "ZmEu"
185.172.110.216 - - [04/Nov/2017:23:56:43 -0400] "GET /phpmyadmin2/ HTTP/1.1" 404 1386 "-" "ZmEu"
185.172.110.216 - - [04/Nov/2017:23:56:43 -0400] "GET /mysqladmin/scripts/setup.php HTTP/1.1" 403 1338 "-" "ZmEu"
185.172.110.216 - - [04/Nov/2017:23:56:43 -0400] "GET /pma2011/ HTTP/1.1" 404 1386 "-" "ZmEu"
185.172.110.216 - - [04/Nov/2017:23:56:43 -0400] "GET /PMA2011/ HTTP/1.1" 404 1386 "-" "ZmEu"
185.172.110.216 - - [04/Nov/2017:23:56:43 -0400] "GET /phpMyAdmin/scripts/setup.php HTTP/1.1" 403 1338 "-" "ZmEu"
185.172.110.216 - - [04/Nov/2017:23:56:43 -0400] "GET /pma/scripts/setup.php HTTP/1.1" 403 1338 "-" "ZmEu"
185.172.110.216 - - [04/Nov/2017:23:56:43 -0400] "GET /myadmin/scripts/setup.php HTTP/1.1" 403 1338 "-" "ZmEu"
185.172.110.216 - - [04/Nov/2017:23:56:43 -0400] "GET /phpmyadmin/scripts/setup.php HTTP/1.1" 403 1338 "-" "ZmEu"
