120.52.120.5 - - [27/Sep/2017:03:19:14 -0400] "POST /xmlrpc.php HTTP/1.0" 403 3652 "-" "Mozilla/5.0 (compatible; Googlebot/2.1;  http://www.google.com/bot.html)"
66.249.66.199 - - [27/Sep/2017:03:20:10 -0400] "GET /robots.txt HTTP/1.1" 200 24 "-" "Mozilla/5.0 (compatible; Googlebot/2.1; +http://www.google.com/bot.html)"
66.249.66.196 - - [27/Sep/2017:03:20:10 -0400] "GET / HTTP/1.1" 200 2947 "-" "Mozilla/5.0 (Linux; Android 6.0.1; Nexus 5X Build/MMB29P) AppleWebKit/537.36 (KHTML, like Gecko) Chrome/41.0.2272.96 Mobile Safari/537.36 (compatible; Googlebot/2.1; +http://www.google.com/bot.html)"
66.249.66.209 - - [27/Sep/2017:03:25:12 -0400] "GET /backend.html HTTP/1.1" 200 3944 "-" "Mozilla/5.0 (compatible; Googlebot/2.1; +http://www.google.com/bot.html)"
120.52.120.5 - - [27/Sep/2017:03:26:07 -0400] "POST /xmlrpc.php HTTP/1.0" 403 3652 "-" "Mozilla/5.0 (compatible; Googlebot/2.1;  http://www.google.com/bot.html)"
120.52.120.5 - - [27/Sep/2017:03:29:34 -0400] "POST /xmlrpc.php HTTP/1.0" 403 3652 "-" "Mozilla/5.0 (compatible; Googlebot/2.1;  http://www.google.com/bot.html)"
120.52.120.5 - - [27/Sep/2017:03:32:51 -0400] "POST /xmlrpc.php HTTP/1.0" 403 3652 "-" "Mozilla/5.0 (compatible; Googlebot/2.1;  http://www.google.com/bot.html)"
120.52.120.5 - - [27/Sep/2017:03:38:59 -0400] "POST /xmlrpc.php HTTP/1.0" 403 3652 "-" "Mozilla/5.0 (compatible; Googlebot/2.1;  http://www.google.com/bot.html)"
120.52.120.5 - - [27/Sep/2017:03:42:26 -0400] "POST /xmlrpc.php HTTP/1.0" 403 3652 "-" "Mozilla/5.0 (compatible; Googlebot/2.1;  http://www.google.com/bot.html)"
120.52.120.5 - - [27/Sep/2017:03:46:12 -0400] "POST /xmlrpc.php HTTP/1.0" 403 3652 "-" "Mozilla/5.0 (compatible; Googlebot/2.1;  http://www.google.com/bot.html)"
120.52.120.5 - - [27/Sep/2017:03:49:24 -0400] "POST /xmlrpc.php HTTP/1.0" 403 3652 "-" "Mozilla/5.0 (compatible; Googlebot/2.1;  http://www.google.com/bot.html)"
120.52.120.5 - - [27/Sep/2017:03:52:50 -0400] "POST /xmlrpc.php HTTP/1.0" 403 3652 "-" "Mozilla/5.0 (compatible; Googlebot/2.1;  http://www.google.com/bot.html)"
66.249.66.207 - - [27/Sep/2017:03:55:40 -0400] "GET / HTTP/1.1" 200 2947 "-" "Mozilla/5.0 (Linux; Android 6.0.1; Nexus 5X Build/MMB29P) AppleWebKit/537.36 (KHTML, like Gecko) Chrome/41.0.2272.96 Mobile Safari/537.36 (compatible; Googlebot/2.1; +http://www.google.com/bot.html)"
120.52.120.5 - - [27/Sep/2017:03:56:03 -0400] "POST /xmlrpc.php HTTP/1.0" 403 3652 "-" "Mozilla/5.0 (compatible; Googlebot/2.1;  http://www.google.com/bot.html)"
120.52.120.5 - - [27/Sep/2017:03:59:11 -0400] "POST /xmlrpc.php HTTP/1.0" 403 3652 "-" "Mozilla/5.0 (compatible; Googlebot/2.1;  http://www.google.com/bot.html)"
120.52.120.5 - - [27/Sep/2017:04:02:08 -0400] "POST /xmlrpc.php HTTP/1.0" 403 3652 "-" "Mozilla/5.0 (compatible; Googlebot/2.1;  http://www.google.com/bot.html)"
120.52.120.5 - - [27/Sep/2017:04:05:20 -0400] "POST /xmlrpc.php HTTP/1.0" 403 3652 "-" "Mozilla/5.0 (compatible; Googlebot/2.1;  http://www.google.com/bot.html)"
120.52.120.5 - - [27/Sep/2017:04:08:06 -0400] "POST /xmlrpc.php HTTP/1.0" 403 3652 "-" "Mozilla/5.0 (compatible; Googlebot/2.1;  http://www.google.com/bot.html)"
120.52.120.5 - - [27/Sep/2017:04:11:27 -0400] "POST /xmlrpc.php HTTP/1.0" 403 3652 "-" "Mozilla/5.0 (compatible; Googlebot/2.1;  http://www.google.com/bot.html)"
120.52.120.5 - - [27/Sep/2017:04:14:45 -0400] "POST /xmlrpc.php HTTP/1.0" 403 3652 "-" "Mozilla/5.0 (compatible; Googlebot/2.1;  http://www.google.com/bot.html)"
66.249.66.201 - - [27/Sep/2017:04:15:50 -0400] "GET / HTTP/1.1" 200 2947 "-" "Mozilla/5.0 (compatible; Googlebot/2.1; +http://www.google.com/bot.html)"
120.52.120.5 - - [27/Sep/2017:04:18:03 -0400] "POST /xmlrpc.php HTTP/1.0" 403 3652 "-" "Mozilla/5.0 (compatible; Googlebot/2.1;  http://www.google.com/bot.html)"
120.52.120.5 - - [27/Sep/2017:04:24:43 -0400] "POST /xmlrpc.php HTTP/1.0" 403 3652 "-" "Mozilla/5.0 (compatible; Googlebot/2.1;  http://www.google.com/bot.html)"
120.52.120.5 - - [27/Sep/2017:04:27:57 -0400] "POST /xmlrpc.php HTTP/1.0" 403 3652 "-" "Mozilla/5.0 (compatible; Googlebot/2.1;  http://www.google.com/bot.html)"
120.52.120.5 - - [27/Sep/2017:04:31:02 -0400] "POST /xmlrpc.php HTTP/1.0" 403 3652 "-" "Mozilla/5.0 (compatible; Googlebot/2.1;  http://www.google.com/bot.html)"
120.52.120.5 - - [27/Sep/2017:04:34:10 -0400] "POST /xmlrpc.php HTTP/1.0" 403 3652 "-" "Mozilla/5.0 (compatible; Googlebot/2.1;  http://www.google.com/bot.html)"
120.52.120.5 - - [27/Sep/2017:04:36:58 -0400] "POST /xmlrpc.php HTTP/1.0" 403 3652 "-" "Mozilla/5.0 (compatible; Googlebot/2.1;  http://www.google.com/bot.html)"
120.52.120.5 - - [27/Sep/2017:04:40:13 -0400] "POST /xmlrpc.php HTTP/1.0" 403 3652 "-" "Mozilla/5.0 (compatible; Googlebot/2.1;  http://www.google.com/bot.html)"
120.52.120.5 - - [27/Sep/2017:04:43:47 -0400] "POST /xmlrpc.php HTTP/1.0" 403 3652 "-" "Mozilla/5.0 (compatible; Googlebot/2.1;  http://www.google.com/bot.html)"
220.181.108.102 - - [27/Sep/2017:04:47:26 -0400] "GET / HTTP/1.1" 200 2947 "-" "Mozilla/5.0 (compatible; Baiduspider/2.0; +http://www.baidu.com/search/spider.html)"
120.52.120.5 - - [27/Sep/2017:04:47:27 -0400] "POST /xmlrpc.php HTTP/1.0" 403 3652 "-" "Mozilla/5.0 (compatible; Googlebot/2.1;  http://www.google.com/bot.html)"
120.52.120.5 - - [27/Sep/2017:04:50:58 -0400] "POST /xmlrpc.php HTTP/1.0" 403 3652 "-" "Mozilla/5.0 (compatible; Googlebot/2.1;  http://www.google.com/bot.html)"
120.52.120.5 - - [27/Sep/2017:04:54:09 -0400] "POST /xmlrpc.php HTTP/1.0" 403 3652 "-" "Mozilla/5.0 (compatible; Googlebot/2.1;  http://www.google.com/bot.html)"
66.249.66.196 - - [27/Sep/2017:04:56:50 -0400] "GET /robots.txt HTTP/1.1" 200 24 "-" "Mozilla/5.0 (compatible; Googlebot/2.1; +http://www.google.com/bot.html)"
66.249.66.199 - - [27/Sep/2017:04:56:50 -0400] "GET / HTTP/1.1" 200 2947 "-" "Mozilla/5.0 (Linux; Android 6.0.1; Nexus 5X Build/MMB29P) AppleWebKit/537.36 (KHTML, like Gecko) Chrome/41.0.2272.96 Mobile Safari/537.36 (compatible; Googlebot/2.1; +http://www.google.com/bot.html)"
120.52.120.5 - - [27/Sep/2017:04:58:15 -0400] "POST /xmlrpc.php HTTP/1.0" 403 3652 "-" "Mozilla/5.0 (compatible; Googlebot/2.1;  http://www.google.com/bot.html)"
120.52.120.5 - - [27/Sep/2017:05:03:39 -0400] "POST /xmlrpc.php HTTP/1.0" 403 3652 "-" "Mozilla/5.0 (compatible; Googlebot/2.1;  http://www.google.com/bot.html)"
120.52.120.5 - - [27/Sep/2017:05:07:55 -0400] "POST /xmlrpc.php HTTP/1.0" 403 3652 "-" "Mozilla/5.0 (compatible; Googlebot/2.1;  http://www.google.com/bot.html)"
66.249.66.209 - - [27/Sep/2017:05:12:00 -0400] "GET /mod_repsheet.html HTTP/1.1" 200 5217 "-" "Mozilla/5.0 (compatible; Googlebot/2.1; +http://www.google.com/bot.html)"
66.249.66.207 - - [27/Sep/2017:05:12:01 -0400] "GET /mod_repsheet.html HTTP/1.1" 200 5217 "-" "Mozilla/5.0 (compatible; Googlebot/2.1; +http://www.google.com/bot.html)"
66.249.66.207 - - [27/Sep/2017:05:15:56 -0400] "GET /index.html HTTP/1.1" 200 2947 "-" "Mozilla/5.0 (compatible; Googlebot/2.1; +http://www.google.com/bot.html)"
120.52.120.5 - - [27/Sep/2017:05:26:39 -0400] "POST /xmlrpc.php HTTP/1.0" 403 3652 "-" "Mozilla/5.0 (compatible; Googlebot/2.1;  http://www.google.com/bot.html)"
120.52.120.5 - - [27/Sep/2017:05:31:09 -0400] "POST /xmlrpc.php HTTP/1.0" 403 3652 "-" "Mozilla/5.0 (compatible; Googlebot/2.1;  http://www.google.com/bot.html)"
184.105.139.67 - - [27/Sep/2017:05:39:19 -0400] "GET / HTTP/1.1" 200 10397 "-" "-"
115.231.218.43 - - [27/Sep/2017:05:43:17 -0400] "GET /script HTTP/1.1" 404 1386 "-" "python-requests/2.7.0 CPython/2.7.0 Windows/2003Server"
141.212.122.112 - - [27/Sep/2017:05:50:49 -0400] "GET / HTTP/1.1" 200 2947 "-" "Mozilla/5.0 zgrab/0.x"
61.158.163.73 - - [27/Sep/2017:06:08:44 -0400] "GET / HTTP/1.1" 200 10397 "http://107.170.20.85:80" "Mozilla/4.0 (compatible; MSIE 9.0; Windows NT 6.1)"
120.52.120.5 - - [27/Sep/2017:06:09:26 -0400] "POST /xmlrpc.php HTTP/1.0" 403 3652 "-" "Mozilla/5.0 (compatible; Googlebot/2.1;  http://www.google.com/bot.html)"
142.4.200.37 - - [27/Sep/2017:06:12:49 -0400] "GET /robots.txt HTTP/1.1" 200 24 "-" "Mozilla/5.0 (compatible; ExtLinksBot/1.5 +https://extlinks.com/Bot.html)"
66.249.66.207 - - [27/Sep/2017:06:13:00 -0400] "GET /mod_repsheet.html HTTP/1.1" 200 5217 "-" "Mozilla/5.0 (Linux; Android 6.0.1; Nexus 5X Build/MMB29P) AppleWebKit/537.36 (KHTML, like Gecko) Chrome/41.0.2272.96 Mobile Safari/537.36 (compatible; Googlebot/2.1; +http://www.google.com/bot.html)"
142.4.200.37 - - [27/Sep/2017:06:13:01 -0400] "GET / HTTP/1.1" 200 2947 "-" "Mozilla/5.0 (compatible; ExtLinksBot/1.5 +https://extlinks.com/Bot.html)"
120.52.120.5 - - [27/Sep/2017:06:13:08 -0400] "POST /xmlrpc.php HTTP/1.0" 403 3652 "-" "Mozilla/5.0 (compatible; Googlebot/2.1;  http://www.google.com/bot.html)"
120.52.120.5 - - [27/Sep/2017:06:17:11 -0400] "POST /xmlrpc.php HTTP/1.0" 403 3652 "-" "Mozilla/5.0 (compatible; Googlebot/2.1;  http://www.google.com/bot.html)"
120.52.120.5 - - [27/Sep/2017:06:25:41 -0400] "POST /xmlrpc.php HTTP/1.0" 403 3652 "-" "Mozilla/5.0 (compatible; Googlebot/2.1;  http://www.google.com/bot.html)"
120.52.120.5 - - [27/Sep/2017:06:29:02 -0400] "POST /xmlrpc.php HTTP/1.0" 403 3652 "-" "Mozilla/5.0 (compatible; Googlebot/2.1;  http://www.google.com/bot.html)"
120.52.120.5 - - [27/Sep/2017:06:36:28 -0400] "POST /xmlrpc.php HTTP/1.0" 403 3652 "-" "Mozilla/5.0 (compatible; Googlebot/2.1;  http://www.google.com/bot.html)"
120.52.120.5 - - [27/Sep/2017:06:40:06 -0400] "POST /xmlrpc.php HTTP/1.0" 403 3652 "-" "Mozilla/5.0 (compatible; Googlebot/2.1;  http://www.google.com/bot.html)"
120.52.120.5 - - [27/Sep/2017:06:43:42 -0400] "POST /xmlrpc.php HTTP/1.0" 403 3652 "-" "Mozilla/5.0 (compatible; Googlebot/2.1;  http://www.google.com/bot.html)"
120.52.120.5 - - [27/Sep/2017:06:47:13 -0400] "POST /xmlrpc.php HTTP/1.0" 403 3652 "-" "Mozilla/5.0 (compatible; Googlebot/2.1;  http://www.google.com/bot.html)"
120.52.120.5 - - [27/Sep/2017:06:54:45 -0400] "POST /xmlrpc.php HTTP/1.0" 403 3652 "-" "Mozilla/5.0 (compatible; Googlebot/2.1;  http://www.google.com/bot.html)"
120.52.120.5 - - [27/Sep/2017:06:58:23 -0400] "POST /xmlrpc.php HTTP/1.0" 403 3652 "-" "Mozilla/5.0 (compatible; Googlebot/2.1;  http://www.google.com/bot.html)"
120.52.120.5 - - [27/Sep/2017:07:01:32 -0400] "POST /xmlrpc.php HTTP/1.0" 403 3652 "-" "Mozilla/5.0 (compatible; Googlebot/2.1;  http://www.google.com/bot.html)"
120.52.120.5 - - [27/Sep/2017:07:04:26 -0400] "POST /xmlrpc.php HTTP/1.0" 403 3652 "-" "Mozilla/5.0 (compatible; Googlebot/2.1;  http://www.google.com/bot.html)"
120.52.120.5 - - [27/Sep/2017:07:08:27 -0400] "POST /xmlrpc.php HTTP/1.0" 403 3652 "-" "Mozilla/5.0 (compatible; Googlebot/2.1;  http://www.google.com/bot.html)"
120.52.120.5 - - [27/Sep/2017:07:12:03 -0400] "POST /xmlrpc.php HTTP/1.0" 403 3652 "-" "Mozilla/5.0 (compatible; Googlebot/2.1;  http://www.google.com/bot.html)"
120.52.120.5 - - [27/Sep/2017:07:15:47 -0400] "POST /xmlrpc.php HTTP/1.0" 403 3652 "-" "Mozilla/5.0 (compatible; Googlebot/2.1;  http://www.google.com/bot.html)"
120.52.120.5 - - [27/Sep/2017:07:19:09 -0400] "POST /xmlrpc.php HTTP/1.0" 403 3652 "-" "Mozilla/5.0 (compatible; Googlebot/2.1;  http://www.google.com/bot.html)"
120.52.120.5 - - [27/Sep/2017:07:22:15 -0400] "POST /xmlrpc.php HTTP/1.0" 403 3652 "-" "Mozilla/5.0 (compatible; Googlebot/2.1;  http://www.google.com/bot.html)"
120.52.120.5 - - [27/Sep/2017:07:25:44 -0400] "POST /xmlrpc.php HTTP/1.0" 403 3652 "-" "Mozilla/5.0 (compatible; Googlebot/2.1;  http://www.google.com/bot.html)"
120.52.120.5 - - [27/Sep/2017:07:28:59 -0400] "POST /xmlrpc.php HTTP/1.0" 403 3652 "-" "Mozilla/5.0 (compatible; Googlebot/2.1;  http://www.google.com/bot.html)"
120.52.120.5 - - [27/Sep/2017:07:32:37 -0400] "POST /xmlrpc.php HTTP/1.0" 403 3652 "-" "Mozilla/5.0 (compatible; Googlebot/2.1;  http://www.google.com/bot.html)"
120.52.120.5 - - [27/Sep/2017:07:36:18 -0400] "POST /xmlrpc.php HTTP/1.0" 403 3652 "-" "Mozilla/5.0 (compatible; Googlebot/2.1;  http://www.google.com/bot.html)"
120.52.120.5 - - [27/Sep/2017:07:39:49 -0400] "POST /xmlrpc.php HTTP/1.0" 403 3652 "-" "Mozilla/5.0 (compatible; Googlebot/2.1;  http://www.google.com/bot.html)"
120.52.120.5 - - [27/Sep/2017:07:50:56 -0400] "POST /xmlrpc.php HTTP/1.0" 403 3652 "-" "Mozilla/5.0 (compatible; Googlebot/2.1;  http://www.google.com/bot.html)"
120.52.120.5 - - [27/Sep/2017:07:54:47 -0400] "POST /xmlrpc.php HTTP/1.0" 403 3652 "-" "Mozilla/5.0 (compatible; Googlebot/2.1;  http://www.google.com/bot.html)"
120.52.120.5 - - [27/Sep/2017:07:58:12 -0400] "POST /xmlrpc.php HTTP/1.0" 403 3652 "-" "Mozilla/5.0 (compatible; Googlebot/2.1;  http://www.google.com/bot.html)"
120.52.120.5 - - [27/Sep/2017:08:01:41 -0400] "POST /xmlrpc.php HTTP/1.0" 403 3652 "-" "Mozilla/5.0 (compatible; Googlebot/2.1;  http://www.google.com/bot.html)"
120.52.120.5 - - [27/Sep/2017:08:04:17 -0400] "POST /xmlrpc.php HTTP/1.0" 403 3652 "-" "Mozilla/5.0 (compatible; Googlebot/2.1;  http://www.google.com/bot.html)"
120.52.120.5 - - [27/Sep/2017:08:07:32 -0400] "POST /xmlrpc.php HTTP/1.0" 403 3652 "-" "Mozilla/5.0 (compatible; Googlebot/2.1;  http://www.google.com/bot.html)"
120.52.120.5 - - [27/Sep/2017:08:10:56 -0400] "POST /xmlrpc.php HTTP/1.0" 403 3652 "-" "Mozilla/5.0 (compatible; Googlebot/2.1;  http://www.google.com/bot.html)"
120.52.120.5 - - [27/Sep/2017:08:14:47 -0400] "POST /xmlrpc.php HTTP/1.0" 403 3652 "-" "Mozilla/5.0 (compatible; Googlebot/2.1;  http://www.google.com/bot.html)"
120.52.120.5 - - [27/Sep/2017:08:21:46 -0400] "POST /xmlrpc.php HTTP/1.0" 403 3652 "-" "Mozilla/5.0 (compatible; Googlebot/2.1;  http://www.google.com/bot.html)"
120.52.120.5 - - [27/Sep/2017:08:25:13 -0400] "POST /xmlrpc.php HTTP/1.0" 403 3652 "-" "Mozilla/5.0 (compatible; Googlebot/2.1;  http://www.google.com/bot.html)"
120.52.120.5 - - [27/Sep/2017:08:28:51 -0400] "POST /xmlrpc.php HTTP/1.0" 403 3652 "-" "Mozilla/5.0 (compatible; Googlebot/2.1;  http://www.google.com/bot.html)"
120.52.120.5 - - [27/Sep/2017:08:32:02 -0400] "POST /xmlrpc.php HTTP/1.0" 403 3652 "-" "Mozilla/5.0 (compatible; Googlebot/2.1;  http://www.google.com/bot.html)"
120.52.120.5 - - [27/Sep/2017:08:35:52 -0400] "POST /xmlrpc.php HTTP/1.0" 403 3652 "-" "Mozilla/5.0 (compatible; Googlebot/2.1;  http://www.google.com/bot.html)"
120.52.120.5 - - [27/Sep/2017:08:39:25 -0400] "POST /xmlrpc.php HTTP/1.0" 403 3652 "-" "Mozilla/5.0 (compatible; Googlebot/2.1;  http://www.google.com/bot.html)"
120.52.120.5 - - [27/Sep/2017:08:42:51 -0400] "POST /xmlrpc.php HTTP/1.0" 403 3652 "-" "Mozilla/5.0 (compatible; Googlebot/2.1;  http://www.google.com/bot.html)"
120.52.120.5 - - [27/Sep/2017:08:46:10 -0400] "POST /xmlrpc.php HTTP/1.0" 403 3652 "-" "Mozilla/5.0 (compatible; Googlebot/2.1;  http://www.google.com/bot.html)"
120.52.120.5 - - [27/Sep/2017:08:58:48 -0400] "POST /xmlrpc.php HTTP/1.0" 403 3652 "-" "Mozilla/5.0 (compatible; Googlebot/2.1;  http://www.google.com/bot.html)"
120.52.120.5 - - [27/Sep/2017:09:05:06 -0400] "POST /xmlrpc.php HTTP/1.0" 403 3652 "-" "Mozilla/5.0 (compatible; Googlebot/2.1;  http://www.google.com/bot.html)"
120.52.120.5 - - [27/Sep/2017:09:08:02 -0400] "POST /xmlrpc.php HTTP/1.0" 403 3652 "-" "Mozilla/5.0 (compatible; Googlebot/2.1;  http://www.google.com/bot.html)"
120.52.120.5 - - [27/Sep/2017:09:11:17 -0400] "POST /xmlrpc.php HTTP/1.0" 403 3652 "-" "Mozilla/5.0 (compatible; Googlebot/2.1;  http://www.google.com/bot.html)"
120.52.120.5 - - [27/Sep/2017:09:15:34 -0400] "POST /xmlrpc.php HTTP/1.0" 403 3652 "-" "Mozilla/5.0 (compatible; Googlebot/2.1;  http://www.google.com/bot.html)"
120.52.120.5 - - [27/Sep/2017:09:19:24 -0400] "POST /xmlrpc.php HTTP/1.0" 403 3652 "-" "Mozilla/5.0 (compatible; Googlebot/2.1;  http://www.google.com/bot.html)"
120.52.120.5 - - [27/Sep/2017:09:23:26 -0400] "POST /xmlrpc.php HTTP/1.0" 403 3652 "-" "Mozilla/5.0 (compatible; Googlebot/2.1;  http://www.google.com/bot.html)"
120.52.120.5 - - [27/Sep/2017:09:27:21 -0400] "POST /xmlrpc.php HTTP/1.0" 403 3652 "-" "Mozilla/5.0 (compatible; Googlebot/2.1;  http://www.google.com/bot.html)"
120.52.120.5 - - [27/Sep/2017:09:36:09 -0400] "POST /xmlrpc.php HTTP/1.0" 403 3652 "-" "Mozilla/5.0 (compatible; Googlebot/2.1;  http://www.google.com/bot.html)"
192.99.10.173 - - [27/Sep/2017:09:38:52 -0400] "HEAD / HTTP/1.1" 200 0 "-" "Mozilla/5.0 (Windows NT 10.0; WOW64; rv:42.0) Gecko/20100101 Firefox/42.0"
138.246.253.19 - - [27/Sep/2017:09:39:17 -0400] "HEAD / HTTP/1.1" 400 0 "-" "-"
120.52.120.5 - - [27/Sep/2017:09:39:47 -0400] "POST /xmlrpc.php HTTP/1.0" 403 3652 "-" "Mozilla/5.0 (compatible; Googlebot/2.1;  http://www.google.com/bot.html)"
120.52.120.5 - - [27/Sep/2017:09:44:29 -0400] "POST /xmlrpc.php HTTP/1.0" 403 3652 "-" "Mozilla/5.0 (compatible; Googlebot/2.1;  http://www.google.com/bot.html)"
120.52.120.5 - - [27/Sep/2017:09:47:48 -0400] "POST /xmlrpc.php HTTP/1.0" 403 3652 "-" "Mozilla/5.0 (compatible; Googlebot/2.1;  http://www.google.com/bot.html)"
120.52.120.5 - - [27/Sep/2017:09:56:10 -0400] "POST /xmlrpc.php HTTP/1.0" 403 3652 "-" "Mozilla/5.0 (compatible; Googlebot/2.1;  http://www.google.com/bot.html)"
120.52.120.5 - - [27/Sep/2017:10:04:33 -0400] "POST /xmlrpc.php HTTP/1.0" 403 3652 "-" "Mozilla/5.0 (compatible; Googlebot/2.1;  http://www.google.com/bot.html)"
120.52.120.5 - - [27/Sep/2017:10:21:45 -0400] "POST /xmlrpc.php HTTP/1.0" 403 3652 "-" "Mozilla/5.0 (compatible; Googlebot/2.1;  http://www.google.com/bot.html)"
120.52.120.5 - - [27/Sep/2017:10:30:14 -0400] "POST /xmlrpc.php HTTP/1.0" 403 3652 "-" "Mozilla/5.0 (compatible; Googlebot/2.1;  http://www.google.com/bot.html)"
120.52.120.5 - - [27/Sep/2017:10:34:27 -0400] "POST /xmlrpc.php HTTP/1.0" 403 3652 "-" "Mozilla/5.0 (compatible; Googlebot/2.1;  http://www.google.com/bot.html)"
120.52.120.5 - - [27/Sep/2017:10:46:36 -0400] "POST /xmlrpc.php HTTP/1.0" 403 3652 "-" "Mozilla/5.0 (compatible; Googlebot/2.1;  http://www.google.com/bot.html)"
120.52.120.5 - - [27/Sep/2017:10:50:33 -0400] "POST /xmlrpc.php HTTP/1.0" 403 3652 "-" "Mozilla/5.0 (compatible; Googlebot/2.1;  http://www.google.com/bot.html)"
120.52.120.5 - - [27/Sep/2017:10:54:30 -0400] "POST /xmlrpc.php HTTP/1.0" 403 3652 "-" "Mozilla/5.0 (compatible; Googlebot/2.1;  http://www.google.com/bot.html)"
138.246.253.19 - - [27/Sep/2017:11:03:42 -0400] "HEAD / HTTP/1.1" 400 0 "-" "-"
120.52.120.5 - - [27/Sep/2017:11:07:09 -0400] "POST /xmlrpc.php HTTP/1.0" 403 3652 "-" "Mozilla/5.0 (compatible; Googlebot/2.1;  http://www.google.com/bot.html)"
54.36.146.161 - - [27/Sep/2017:11:11:08 -0400] "GET /connectors/resource/index.php?ctx[rank%60+IN+(666)+UNION+SELECT+id,username,password+FROM+modx_users+WHERE+id+IN(1);/*]=fuckyoumodxrevolutionagain2 HTTP/1.1" 403 1338 "-" "Mozilla/5.0 (Windows NT 10.0; Win64; x64) AppleWebKit/537.36 (KHTML, like Gecko) Chrome/52.0.2749.90 Safari/537.36"
54.36.146.161 - - [27/Sep/2017:11:11:09 -0400] "GET /connectors/resource/index.php?ctx[rank%60+IN+(666)+UNION+SELECT+id,username,password+FROM+modx_users+WHERE+id+IN(1);/*]=fuckyoumodxrevolutionagain2 HTTP/1.1" 403 1338 "-" "Mozilla/5.0 (X11; Linux x86_64; rv:48.0) Gecko/20100101 Firefox/48.0"
120.52.120.5 - - [27/Sep/2017:11:15:23 -0400] "POST /xmlrpc.php HTTP/1.0" 403 3652 "-" "Mozilla/5.0 (compatible; Googlebot/2.1;  http://www.google.com/bot.html)"
120.52.120.5 - - [27/Sep/2017:11:19:00 -0400] "POST /xmlrpc.php HTTP/1.0" 403 3652 "-" "Mozilla/5.0 (compatible; Googlebot/2.1;  http://www.google.com/bot.html)"
120.52.120.5 - - [27/Sep/2017:11:22:05 -0400] "POST /xmlrpc.php HTTP/1.0" 403 3652 "-" "Mozilla/5.0 (compatible; Googlebot/2.1;  http://www.google.com/bot.html)"
120.52.120.5 - - [27/Sep/2017:11:38:32 -0400] "POST /xmlrpc.php HTTP/1.0" 403 3652 "-" "Mozilla/5.0 (compatible; Googlebot/2.1;  http://www.google.com/bot.html)"
120.52.120.5 - - [27/Sep/2017:11:47:05 -0400] "POST /xmlrpc.php HTTP/1.0" 403 3652 "-" "Mozilla/5.0 (compatible; Googlebot/2.1;  http://www.google.com/bot.html)"
120.52.120.5 - - [27/Sep/2017:11:54:44 -0400] "POST /xmlrpc.php HTTP/1.0" 403 3652 "-" "Mozilla/5.0 (compatible; Googlebot/2.1;  http://www.google.com/bot.html)"
54.196.56.247 - - [27/Sep/2017:12:01:20 -0400] "GET /favicon.ico HTTP/1.1" 200 1406 "-" "Slack-ImgProxy (+https://api.slack.com/robots)"
120.52.120.5 - - [27/Sep/2017:12:15:51 -0400] "POST /xmlrpc.php HTTP/1.0" 403 3652 "-" "Mozilla/5.0 (compatible; Googlebot/2.1;  http://www.google.com/bot.html)"
139.162.119.197 - - [27/Sep/2017:12:25:30 -0400] "GET / HTTP/1.1" 200 10397 "-" "Mozilla/5.0 (Windows NT 10.0; WOW64) AppleWebKit/537.36 (KHTML, like Gecko) Chrome/50.0.2661.102 Safari/537.36"
120.52.120.5 - - [27/Sep/2017:12:40:51 -0400] "POST /xmlrpc.php HTTP/1.0" 403 3652 "-" "Mozilla/5.0 (compatible; Googlebot/2.1;  http://www.google.com/bot.html)"
120.52.120.5 - - [27/Sep/2017:12:45:26 -0400] "POST /xmlrpc.php HTTP/1.0" 403 3652 "-" "Mozilla/5.0 (compatible; Googlebot/2.1;  http://www.google.com/bot.html)"
180.97.106.164 - - [27/Sep/2017:12:50:02 -0400] "HEAD http://180.163.113.82/check_proxy HTTP/1.1" 400 0 "-" "-"
120.52.120.5 - - [27/Sep/2017:12:51:41 -0400] "POST /xmlrpc.php HTTP/1.0" 403 3652 "-" "Mozilla/5.0 (compatible; Googlebot/2.1;  http://www.google.com/bot.html)"
123.125.71.117 - - [27/Sep/2017:12:52:01 -0400] "GET / HTTP/1.1" 200 2947 "-" "Mozilla/5.0 (compatible; Baiduspider/2.0; +http://www.baidu.com/search/spider.html)"
120.52.120.5 - - [27/Sep/2017:12:54:48 -0400] "POST /xmlrpc.php HTTP/1.0" 403 3652 "-" "Mozilla/5.0 (compatible; Googlebot/2.1;  http://www.google.com/bot.html)"
120.52.120.5 - - [27/Sep/2017:12:58:22 -0400] "POST /xmlrpc.php HTTP/1.0" 403 3652 "-" "Mozilla/5.0 (compatible; Googlebot/2.1;  http://www.google.com/bot.html)"
120.52.120.5 - - [27/Sep/2017:13:01:11 -0400] "POST /xmlrpc.php HTTP/1.0" 403 3652 "-" "Mozilla/5.0 (compatible; Googlebot/2.1;  http://www.google.com/bot.html)"
120.52.120.5 - - [27/Sep/2017:13:04:20 -0400] "POST /xmlrpc.php HTTP/1.0" 403 3652 "-" "Mozilla/5.0 (compatible; Googlebot/2.1;  http://www.google.com/bot.html)"
120.52.120.5 - - [27/Sep/2017:13:07:26 -0400] "POST /xmlrpc.php HTTP/1.0" 403 3652 "-" "Mozilla/5.0 (compatible; Googlebot/2.1;  http://www.google.com/bot.html)"
120.52.120.5 - - [27/Sep/2017:13:10:17 -0400] "POST /xmlrpc.php HTTP/1.0" 403 3652 "-" "Mozilla/5.0 (compatible; Googlebot/2.1;  http://www.google.com/bot.html)"
120.52.120.5 - - [27/Sep/2017:13:13:30 -0400] "POST /xmlrpc.php HTTP/1.0" 403 3652 "-" "Mozilla/5.0 (compatible; Googlebot/2.1;  http://www.google.com/bot.html)"
120.52.120.5 - - [27/Sep/2017:13:16:25 -0400] "POST /xmlrpc.php HTTP/1.0" 403 3652 "-" "Mozilla/5.0 (compatible; Googlebot/2.1;  http://www.google.com/bot.html)"
120.52.120.5 - - [27/Sep/2017:13:19:46 -0400] "POST /xmlrpc.php HTTP/1.0" 403 3652 "-" "Mozilla/5.0 (compatible; Googlebot/2.1;  http://www.google.com/bot.html)"
120.52.120.5 - - [27/Sep/2017:13:23:05 -0400] "POST /xmlrpc.php HTTP/1.0" 403 3652 "-" "Mozilla/5.0 (compatible; Googlebot/2.1;  http://www.google.com/bot.html)"
120.52.120.5 - - [27/Sep/2017:13:26:13 -0400] "POST /xmlrpc.php HTTP/1.0" 403 3652 "-" "Mozilla/5.0 (compatible; Googlebot/2.1;  http://www.google.com/bot.html)"
120.52.120.5 - - [27/Sep/2017:13:29:50 -0400] "POST /xmlrpc.php HTTP/1.0" 403 3652 "-" "Mozilla/5.0 (compatible; Googlebot/2.1;  http://www.google.com/bot.html)"
120.52.120.5 - - [27/Sep/2017:13:32:58 -0400] "POST /xmlrpc.php HTTP/1.0" 403 3652 "-" "Mozilla/5.0 (compatible; Googlebot/2.1;  http://www.google.com/bot.html)"
120.52.120.5 - - [27/Sep/2017:13:35:48 -0400] "POST /xmlrpc.php HTTP/1.0" 403 3652 "-" "Mozilla/5.0 (compatible; Googlebot/2.1;  http://www.google.com/bot.html)"
120.52.120.5 - - [27/Sep/2017:13:38:38 -0400] "POST /xmlrpc.php HTTP/1.0" 403 3652 "-" "Mozilla/5.0 (compatible; Googlebot/2.1;  http://www.google.com/bot.html)"
120.52.120.5 - - [27/Sep/2017:13:41:43 -0400] "POST /xmlrpc.php HTTP/1.0" 403 3652 "-" "Mozilla/5.0 (compatible; Googlebot/2.1;  http://www.google.com/bot.html)"
120.52.120.5 - - [27/Sep/2017:13:44:49 -0400] "POST /xmlrpc.php HTTP/1.0" 403 3652 "-" "Mozilla/5.0 (compatible; Googlebot/2.1;  http://www.google.com/bot.html)"
120.52.120.5 - - [27/Sep/2017:13:48:02 -0400] "POST /xmlrpc.php HTTP/1.0" 403 3652 "-" "Mozilla/5.0 (compatible; Googlebot/2.1;  http://www.google.com/bot.html)"
5.255.250.25 - - [27/Sep/2017:13:48:55 -0400] "GET /robots.txt HTTP/1.1" 200 24 "-" "Mozilla/5.0 (compatible; YandexBot/3.0; +http://yandex.com/bots)"
5.255.250.25 - - [27/Sep/2017:13:48:59 -0400] "GET /assets/img/github.png HTTP/1.1" 304 0 "-" "Mozilla/5.0 (compatible; YandexImages/3.0; +http://yandex.com/bots)"
120.52.120.5 - - [27/Sep/2017:13:51:04 -0400] "POST /xmlrpc.php HTTP/1.0" 403 3652 "-" "Mozilla/5.0 (compatible; Googlebot/2.1;  http://www.google.com/bot.html)"
120.52.120.5 - - [27/Sep/2017:13:54:09 -0400] "POST /xmlrpc.php HTTP/1.0" 403 3652 "-" "Mozilla/5.0 (compatible; Googlebot/2.1;  http://www.google.com/bot.html)"
120.52.120.5 - - [27/Sep/2017:13:57:11 -0400] "POST /xmlrpc.php HTTP/1.0" 403 3652 "-" "Mozilla/5.0 (compatible; Googlebot/2.1;  http://www.google.com/bot.html)"
120.52.120.5 - - [27/Sep/2017:14:00:18 -0400] "POST /xmlrpc.php HTTP/1.0" 403 3652 "-" "Mozilla/5.0 (compatible; Googlebot/2.1;  http://www.google.com/bot.html)"
120.52.120.5 - - [27/Sep/2017:14:07:11 -0400] "POST /xmlrpc.php HTTP/1.0" 403 3652 "-" "Mozilla/5.0 (compatible; Googlebot/2.1;  http://www.google.com/bot.html)"
185.70.187.189 - - [27/Sep/2017:14:09:39 -0400] "\x03\x00\x00*%\xE0\x00\x00\x00\x00\x00Cookie: mstshash=Test" 400 173 "-" "-"
185.70.187.189 - - [27/Sep/2017:14:09:40 -0400] "\x03\x00\x00*%\xE0\x00\x00\x00\x00\x00Cookie: mstshash=Test" 400 173 "-" "-"
120.52.120.5 - - [27/Sep/2017:14:10:32 -0400] "POST /xmlrpc.php HTTP/1.0" 403 3652 "-" "Mozilla/5.0 (compatible; Googlebot/2.1;  http://www.google.com/bot.html)"
120.52.120.5 - - [27/Sep/2017:14:14:10 -0400] "POST /xmlrpc.php HTTP/1.0" 403 3652 "-" "Mozilla/5.0 (compatible; Googlebot/2.1;  http://www.google.com/bot.html)"
120.52.120.5 - - [27/Sep/2017:14:17:28 -0400] "POST /xmlrpc.php HTTP/1.0" 403 3652 "-" "Mozilla/5.0 (compatible; Googlebot/2.1;  http://www.google.com/bot.html)"
120.52.120.5 - - [27/Sep/2017:14:20:29 -0400] "POST /xmlrpc.php HTTP/1.0" 403 3652 "-" "Mozilla/5.0 (compatible; Googlebot/2.1;  http://www.google.com/bot.html)"
120.52.120.5 - - [27/Sep/2017:14:23:57 -0400] "POST /xmlrpc.php HTTP/1.0" 403 3652 "-" "Mozilla/5.0 (compatible; Googlebot/2.1;  http://www.google.com/bot.html)"
180.97.106.164 - - [27/Sep/2017:14:27:09 -0400] "HEAD http://180.163.113.82/check_proxy HTTP/1.1" 403 0 "-" "-"
120.52.120.5 - - [27/Sep/2017:14:27:50 -0400] "POST /xmlrpc.php HTTP/1.0" 403 3652 "-" "Mozilla/5.0 (compatible; Googlebot/2.1;  http://www.google.com/bot.html)"
120.52.120.5 - - [27/Sep/2017:14:31:32 -0400] "POST /xmlrpc.php HTTP/1.0" 403 3652 "-" "Mozilla/5.0 (compatible; Googlebot/2.1;  http://www.google.com/bot.html)"
120.52.120.5 - - [27/Sep/2017:14:34:59 -0400] "POST /xmlrpc.php HTTP/1.0" 403 3652 "-" "Mozilla/5.0 (compatible; Googlebot/2.1;  http://www.google.com/bot.html)"
118.163.85.184 - - [27/Sep/2017:14:37:09 -0400] "GET / HTTP/1.0" 400 271 "-" "-"
120.52.120.5 - - [27/Sep/2017:14:38:02 -0400] "POST /xmlrpc.php HTTP/1.0" 403 3652 "-" "Mozilla/5.0 (compatible; Googlebot/2.1;  http://www.google.com/bot.html)"
120.52.120.5 - - [27/Sep/2017:14:41:25 -0400] "POST /xmlrpc.php HTTP/1.0" 403 3652 "-" "Mozilla/5.0 (compatible; Googlebot/2.1;  http://www.google.com/bot.html)"
120.52.120.5 - - [27/Sep/2017:14:44:45 -0400] "POST /xmlrpc.php HTTP/1.0" 403 3652 "-" "Mozilla/5.0 (compatible; Googlebot/2.1;  http://www.google.com/bot.html)"
193.193.249.9 - - [27/Sep/2017:14:46:43 -0400] "HEAD http://107.170.20.85:80/mysql/admin/ HTTP/1.1" 403 0 "-" "Mozilla/5.0 Jorgee"
193.193.249.9 - - [27/Sep/2017:14:46:43 -0400] "HEAD http://107.170.20.85:80/mysql/dbadmin/ HTTP/1.1" 403 0 "-" "Mozilla/5.0 Jorgee"
193.193.249.9 - - [27/Sep/2017:14:46:43 -0400] "HEAD http://107.170.20.85:80/mysql/sqlmanager/ HTTP/1.1" 403 0 "-" "Mozilla/5.0 Jorgee"
193.193.249.9 - - [27/Sep/2017:14:46:44 -0400] "HEAD http://107.170.20.85:80/mysql/mysqlmanager/ HTTP/1.1" 403 0 "-" "Mozilla/5.0 Jorgee"
193.193.249.9 - - [27/Sep/2017:14:46:44 -0400] "HEAD http://107.170.20.85:80/phpmyadmin/ HTTP/1.1" 403 0 "-" "Mozilla/5.0 Jorgee"
193.193.249.9 - - [27/Sep/2017:14:46:44 -0400] "HEAD http://107.170.20.85:80/phpMyadmin/ HTTP/1.1" 403 0 "-" "Mozilla/5.0 Jorgee"
193.193.249.9 - - [27/Sep/2017:14:46:44 -0400] "HEAD http://107.170.20.85:80/phpMyAdmin/ HTTP/1.1" 403 0 "-" "Mozilla/5.0 Jorgee"
193.193.249.9 - - [27/Sep/2017:14:46:44 -0400] "HEAD http://107.170.20.85:80/phpmyAdmin/ HTTP/1.1" 403 0 "-" "Mozilla/5.0 Jorgee"
193.193.249.9 - - [27/Sep/2017:14:46:44 -0400] "HEAD http://107.170.20.85:80/phpmyadmin2/ HTTP/1.1" 403 0 "-" "Mozilla/5.0 Jorgee"
193.193.249.9 - - [27/Sep/2017:14:46:44 -0400] "HEAD http://107.170.20.85:80/phpmyadmin3/ HTTP/1.1" 403 0 "-" "Mozilla/5.0 Jorgee"
193.193.249.9 - - [27/Sep/2017:14:46:45 -0400] "HEAD http://107.170.20.85:80/phpmyadmin4/ HTTP/1.1" 403 0 "-" "Mozilla/5.0 Jorgee"
193.193.249.9 - - [27/Sep/2017:14:46:45 -0400] "HEAD http://107.170.20.85:80/2phpmyadmin/ HTTP/1.1" 403 0 "-" "Mozilla/5.0 Jorgee"
193.193.249.9 - - [27/Sep/2017:14:46:45 -0400] "HEAD http://107.170.20.85:80/phpmy/ HTTP/1.1" 403 0 "-" "Mozilla/5.0 Jorgee"
193.193.249.9 - - [27/Sep/2017:14:46:45 -0400] "HEAD http://107.170.20.85:80/phppma/ HTTP/1.1" 403 0 "-" "Mozilla/5.0 Jorgee"
193.193.249.9 - - [27/Sep/2017:14:46:45 -0400] "HEAD http://107.170.20.85:80/myadmin/ HTTP/1.1" 403 0 "-" "Mozilla/5.0 Jorgee"
193.193.249.9 - - [27/Sep/2017:14:46:45 -0400] "HEAD http://107.170.20.85:80/shopdb/ HTTP/1.1" 403 0 "-" "Mozilla/5.0 Jorgee"
193.193.249.9 - - [27/Sep/2017:14:46:46 -0400] "HEAD http://107.170.20.85:80/MyAdmin/ HTTP/1.1" 403 0 "-" "Mozilla/5.0 Jorgee"
193.193.249.9 - - [27/Sep/2017:14:46:46 -0400] "HEAD http://107.170.20.85:80/program/ HTTP/1.1" 403 0 "-" "Mozilla/5.0 Jorgee"
193.193.249.9 - - [27/Sep/2017:14:46:46 -0400] "HEAD http://107.170.20.85:80/PMA/ HTTP/1.1" 403 0 "-" "Mozilla/5.0 Jorgee"
193.193.249.9 - - [27/Sep/2017:14:46:46 -0400] "HEAD http://107.170.20.85:80/dbadmin/ HTTP/1.1" 403 0 "-" "Mozilla/5.0 Jorgee"
193.193.249.9 - - [27/Sep/2017:14:46:46 -0400] "HEAD http://107.170.20.85:80/pma/ HTTP/1.1" 403 0 "-" "Mozilla/5.0 Jorgee"
193.193.249.9 - - [27/Sep/2017:14:46:46 -0400] "HEAD http://107.170.20.85:80/db/ HTTP/1.1" 403 0 "-" "Mozilla/5.0 Jorgee"
193.193.249.9 - - [27/Sep/2017:14:46:47 -0400] "HEAD http://107.170.20.85:80/admin/ HTTP/1.1" 403 0 "-" "Mozilla/5.0 Jorgee"
193.193.249.9 - - [27/Sep/2017:14:46:47 -0400] "HEAD http://107.170.20.85:80/mysql/ HTTP/1.1" 403 0 "-" "Mozilla/5.0 Jorgee"
193.193.249.9 - - [27/Sep/2017:14:46:47 -0400] "HEAD http://107.170.20.85:80/database/ HTTP/1.1" 403 0 "-" "Mozilla/5.0 Jorgee"
193.193.249.9 - - [27/Sep/2017:14:46:47 -0400] "HEAD http://107.170.20.85:80/db/phpmyadmin/ HTTP/1.1" 403 0 "-" "Mozilla/5.0 Jorgee"
193.193.249.9 - - [27/Sep/2017:14:46:47 -0400] "HEAD http://107.170.20.85:80/db/phpMyAdmin/ HTTP/1.1" 403 0 "-" "Mozilla/5.0 Jorgee"
193.193.249.9 - - [27/Sep/2017:14:46:47 -0400] "HEAD http://107.170.20.85:80/sqlmanager/ HTTP/1.1" 403 0 "-" "Mozilla/5.0 Jorgee"
193.193.249.9 - - [27/Sep/2017:14:46:48 -0400] "HEAD http://107.170.20.85:80/mysqlmanager/ HTTP/1.1" 403 0 "-" "Mozilla/5.0 Jorgee"
193.193.249.9 - - [27/Sep/2017:14:46:48 -0400] "HEAD http://107.170.20.85:80/php-myadmin/ HTTP/1.1" 403 0 "-" "Mozilla/5.0 Jorgee"
193.193.249.9 - - [27/Sep/2017:14:46:48 -0400] "HEAD http://107.170.20.85:80/phpmy-admin/ HTTP/1.1" 403 0 "-" "Mozilla/5.0 Jorgee"
193.193.249.9 - - [27/Sep/2017:14:46:48 -0400] "HEAD http://107.170.20.85:80/mysqladmin/ HTTP/1.1" 403 0 "-" "Mozilla/5.0 Jorgee"
193.193.249.9 - - [27/Sep/2017:14:46:49 -0400] "HEAD http://107.170.20.85:80/mysql-admin/ HTTP/1.1" 403 0 "-" "Mozilla/5.0 Jorgee"
193.193.249.9 - - [27/Sep/2017:14:46:49 -0400] "HEAD http://107.170.20.85:80/admin/phpmyadmin/ HTTP/1.1" 403 0 "-" "Mozilla/5.0 Jorgee"
193.193.249.9 - - [27/Sep/2017:14:46:49 -0400] "HEAD http://107.170.20.85:80/admin/phpMyAdmin/ HTTP/1.1" 403 0 "-" "Mozilla/5.0 Jorgee"
193.193.249.9 - - [27/Sep/2017:14:46:49 -0400] "HEAD http://107.170.20.85:80/admin/sysadmin/ HTTP/1.1" 403 0 "-" "Mozilla/5.0 Jorgee"
193.193.249.9 - - [27/Sep/2017:14:46:49 -0400] "HEAD http://107.170.20.85:80/admin/sqladmin/ HTTP/1.1" 403 0 "-" "Mozilla/5.0 Jorgee"
193.193.249.9 - - [27/Sep/2017:14:46:49 -0400] "HEAD http://107.170.20.85:80/admin/db/ HTTP/1.1" 403 0 "-" "Mozilla/5.0 Jorgee"
193.193.249.9 - - [27/Sep/2017:14:46:49 -0400] "HEAD http://107.170.20.85:80/admin/web/ HTTP/1.1" 403 0 "-" "Mozilla/5.0 Jorgee"
193.193.249.9 - - [27/Sep/2017:14:46:50 -0400] "HEAD http://107.170.20.85:80/admin/pMA/ HTTP/1.1" 403 0 "-" "Mozilla/5.0 Jorgee"
193.193.249.9 - - [27/Sep/2017:14:46:50 -0400] "HEAD http://107.170.20.85:80/mysql/pma/ HTTP/1.1" 403 0 "-" "Mozilla/5.0 Jorgee"
193.193.249.9 - - [27/Sep/2017:14:46:50 -0400] "HEAD http://107.170.20.85:80/mysql/db/ HTTP/1.1" 403 0 "-" "Mozilla/5.0 Jorgee"
193.193.249.9 - - [27/Sep/2017:14:46:50 -0400] "HEAD http://107.170.20.85:80/mysql/web/ HTTP/1.1" 403 0 "-" "Mozilla/5.0 Jorgee"
193.193.249.9 - - [27/Sep/2017:14:46:50 -0400] "HEAD http://107.170.20.85:80/mysql/pMA/ HTTP/1.1" 403 0 "-" "Mozilla/5.0 Jorgee"
193.193.249.9 - - [27/Sep/2017:14:46:50 -0400] "HEAD http://107.170.20.85:80/sql/phpmanager/ HTTP/1.1" 403 0 "-" "Mozilla/5.0 Jorgee"
193.193.249.9 - - [27/Sep/2017:14:46:51 -0400] "HEAD http://107.170.20.85:80/sql/php-myadmin/ HTTP/1.1" 403 0 "-" "Mozilla/5.0 Jorgee"
193.193.249.9 - - [27/Sep/2017:14:46:51 -0400] "HEAD http://107.170.20.85:80/sql/phpmy-admin/ HTTP/1.1" 403 0 "-" "Mozilla/5.0 Jorgee"
193.193.249.9 - - [27/Sep/2017:14:46:51 -0400] "HEAD http://107.170.20.85:80/sql/sql/ HTTP/1.1" 403 0 "-" "Mozilla/5.0 Jorgee"
193.193.249.9 - - [27/Sep/2017:14:46:51 -0400] "HEAD http://107.170.20.85:80/sql/myadmin/ HTTP/1.1" 403 0 "-" "Mozilla/5.0 Jorgee"
193.193.249.9 - - [27/Sep/2017:14:46:51 -0400] "HEAD http://107.170.20.85:80/sql/webadmin/ HTTP/1.1" 403 0 "-" "Mozilla/5.0 Jorgee"
193.193.249.9 - - [27/Sep/2017:14:46:51 -0400] "HEAD http://107.170.20.85:80/sql/sqlweb/ HTTP/1.1" 403 0 "-" "Mozilla/5.0 Jorgee"
193.193.249.9 - - [27/Sep/2017:14:46:52 -0400] "HEAD http://107.170.20.85:80/sql/websql/ HTTP/1.1" 403 0 "-" "Mozilla/5.0 Jorgee"
193.193.249.9 - - [27/Sep/2017:14:46:52 -0400] "HEAD http://107.170.20.85:80/sql/webdb/ HTTP/1.1" 403 0 "-" "Mozilla/5.0 Jorgee"
193.193.249.9 - - [27/Sep/2017:14:46:52 -0400] "HEAD http://107.170.20.85:80/sql/sqladmin/ HTTP/1.1" 403 0 "-" "Mozilla/5.0 Jorgee"
193.193.249.9 - - [27/Sep/2017:14:46:52 -0400] "HEAD http://107.170.20.85:80/sql/sql-admin/ HTTP/1.1" 403 0 "-" "Mozilla/5.0 Jorgee"
193.193.249.9 - - [27/Sep/2017:14:46:52 -0400] "HEAD http://107.170.20.85:80/sql/phpmyadmin2/ HTTP/1.1" 403 0 "-" "Mozilla/5.0 Jorgee"
193.193.249.9 - - [27/Sep/2017:14:46:52 -0400] "HEAD http://107.170.20.85:80/sql/phpMyAdmin2/ HTTP/1.1" 403 0 "-" "Mozilla/5.0 Jorgee"
193.193.249.9 - - [27/Sep/2017:14:46:53 -0400] "HEAD http://107.170.20.85:80/sql/phpMyAdmin/ HTTP/1.1" 403 0 "-" "Mozilla/5.0 Jorgee"
193.193.249.9 - - [27/Sep/2017:14:46:53 -0400] "HEAD http://107.170.20.85:80/db/myadmin/ HTTP/1.1" 403 0 "-" "Mozilla/5.0 Jorgee"
193.193.249.9 - - [27/Sep/2017:14:46:53 -0400] "HEAD http://107.170.20.85:80/db/webadmin/ HTTP/1.1" 403 0 "-" "Mozilla/5.0 Jorgee"
193.193.249.9 - - [27/Sep/2017:14:46:53 -0400] "HEAD http://107.170.20.85:80/db/dbweb/ HTTP/1.1" 403 0 "-" "Mozilla/5.0 Jorgee"
193.193.249.9 - - [27/Sep/2017:14:46:53 -0400] "HEAD http://107.170.20.85:80/db/websql/ HTTP/1.1" 403 0 "-" "Mozilla/5.0 Jorgee"
193.193.249.9 - - [27/Sep/2017:14:46:53 -0400] "HEAD http://107.170.20.85:80/db/webdb/ HTTP/1.1" 403 0 "-" "Mozilla/5.0 Jorgee"
193.193.249.9 - - [27/Sep/2017:14:46:54 -0400] "HEAD http://107.170.20.85:80/db/dbadmin/ HTTP/1.1" 403 0 "-" "Mozilla/5.0 Jorgee"
193.193.249.9 - - [27/Sep/2017:14:46:54 -0400] "HEAD http://107.170.20.85:80/db/db-admin/ HTTP/1.1" 403 0 "-" "Mozilla/5.0 Jorgee"
193.193.249.9 - - [27/Sep/2017:14:46:54 -0400] "HEAD http://107.170.20.85:80/db/phpmyadmin3/ HTTP/1.1" 403 0 "-" "Mozilla/5.0 Jorgee"
193.193.249.9 - - [27/Sep/2017:14:46:54 -0400] "HEAD http://107.170.20.85:80/db/phpMyAdmin3/ HTTP/1.1" 403 0 "-" "Mozilla/5.0 Jorgee"
193.193.249.9 - - [27/Sep/2017:14:46:54 -0400] "HEAD http://107.170.20.85:80/db/phpMyAdmin-3/ HTTP/1.1" 403 0 "-" "Mozilla/5.0 Jorgee"
193.193.249.9 - - [27/Sep/2017:14:46:54 -0400] "HEAD http://107.170.20.85:80/administrator/phpmyadmin/ HTTP/1.1" 403 0 "-" "Mozilla/5.0 Jorgee"
193.193.249.9 - - [27/Sep/2017:14:46:54 -0400] "HEAD http://107.170.20.85:80/administrator/phpMyAdmin/ HTTP/1.1" 403 0 "-" "Mozilla/5.0 Jorgee"
193.193.249.9 - - [27/Sep/2017:14:46:55 -0400] "HEAD http://107.170.20.85:80/administrator/db/ HTTP/1.1" 403 0 "-" "Mozilla/5.0 Jorgee"
193.193.249.9 - - [27/Sep/2017:14:46:55 -0400] "HEAD http://107.170.20.85:80/administrator/web/ HTTP/1.1" 403 0 "-" "Mozilla/5.0 Jorgee"
193.193.249.9 - - [27/Sep/2017:14:46:55 -0400] "HEAD http://107.170.20.85:80/administrator/pma/ HTTP/1.1" 403 0 "-" "Mozilla/5.0 Jorgee"
193.193.249.9 - - [27/Sep/2017:14:46:55 -0400] "HEAD http://107.170.20.85:80/administrator/PMA/ HTTP/1.1" 403 0 "-" "Mozilla/5.0 Jorgee"
193.193.249.9 - - [27/Sep/2017:14:46:56 -0400] "HEAD http://107.170.20.85:80/administrator/admin/ HTTP/1.1" 403 0 "-" "Mozilla/5.0 Jorgee"
193.193.249.9 - - [27/Sep/2017:14:46:56 -0400] "HEAD http://107.170.20.85:80/phpMyAdmin2/ HTTP/1.1" 403 0 "-" "Mozilla/5.0 Jorgee"
193.193.249.9 - - [27/Sep/2017:14:46:56 -0400] "HEAD http://107.170.20.85:80/phpMyAdmin3/ HTTP/1.1" 403 0 "-" "Mozilla/5.0 Jorgee"
193.193.249.9 - - [27/Sep/2017:14:46:56 -0400] "HEAD http://107.170.20.85:80/phpMyAdmin4/ HTTP/1.1" 403 0 "-" "Mozilla/5.0 Jorgee"
193.193.249.9 - - [27/Sep/2017:14:46:56 -0400] "HEAD http://107.170.20.85:80/phpMyAdmin-3/ HTTP/1.1" 403 0 "-" "Mozilla/5.0 Jorgee"
193.193.249.9 - - [27/Sep/2017:14:46:56 -0400] "HEAD http://107.170.20.85:80/php-my-admin/ HTTP/1.1" 403 0 "-" "Mozilla/5.0 Jorgee"
193.193.249.9 - - [27/Sep/2017:14:46:57 -0400] "HEAD http://107.170.20.85:80/PMA2011/ HTTP/1.1" 403 0 "-" "Mozilla/5.0 Jorgee"
193.193.249.9 - - [27/Sep/2017:14:46:57 -0400] "HEAD http://107.170.20.85:80/PMA2012/ HTTP/1.1" 403 0 "-" "Mozilla/5.0 Jorgee"
193.193.249.9 - - [27/Sep/2017:14:46:57 -0400] "HEAD http://107.170.20.85:80/PMA2013/ HTTP/1.1" 403 0 "-" "Mozilla/5.0 Jorgee"
193.193.249.9 - - [27/Sep/2017:14:46:57 -0400] "HEAD http://107.170.20.85:80/PMA2014/ HTTP/1.1" 403 0 "-" "Mozilla/5.0 Jorgee"
193.193.249.9 - - [27/Sep/2017:14:46:57 -0400] "HEAD http://107.170.20.85:80/PMA2015/ HTTP/1.1" 403 0 "-" "Mozilla/5.0 Jorgee"
193.193.249.9 - - [27/Sep/2017:14:46:57 -0400] "HEAD http://107.170.20.85:80/PMA2016/ HTTP/1.1" 403 0 "-" "Mozilla/5.0 Jorgee"
193.193.249.9 - - [27/Sep/2017:14:46:58 -0400] "HEAD http://107.170.20.85:80/PMA2017/ HTTP/1.1" 403 0 "-" "Mozilla/5.0 Jorgee"
193.193.249.9 - - [27/Sep/2017:14:46:58 -0400] "HEAD http://107.170.20.85:80/PMA2018/ HTTP/1.1" 403 0 "-" "Mozilla/5.0 Jorgee"
193.193.249.9 - - [27/Sep/2017:14:46:58 -0400] "HEAD http://107.170.20.85:80/pma2011/ HTTP/1.1" 403 0 "-" "Mozilla/5.0 Jorgee"
193.193.249.9 - - [27/Sep/2017:14:46:58 -0400] "HEAD http://107.170.20.85:80/pma2012/ HTTP/1.1" 403 0 "-" "Mozilla/5.0 Jorgee"
193.193.249.9 - - [27/Sep/2017:14:46:58 -0400] "HEAD http://107.170.20.85:80/pma2013/ HTTP/1.1" 403 0 "-" "Mozilla/5.0 Jorgee"
193.193.249.9 - - [27/Sep/2017:14:46:58 -0400] "HEAD http://107.170.20.85:80/pma2014/ HTTP/1.1" 403 0 "-" "Mozilla/5.0 Jorgee"
193.193.249.9 - - [27/Sep/2017:14:46:59 -0400] "HEAD http://107.170.20.85:80/pma2015/ HTTP/1.1" 403 0 "-" "Mozilla/5.0 Jorgee"
193.193.249.9 - - [27/Sep/2017:14:46:59 -0400] "HEAD http://107.170.20.85:80/pma2016/ HTTP/1.1" 403 0 "-" "Mozilla/5.0 Jorgee"
193.193.249.9 - - [27/Sep/2017:14:47:00 -0400] "HEAD http://107.170.20.85:80/pma2017/ HTTP/1.1" 403 0 "-" "Mozilla/5.0 Jorgee"
193.193.249.9 - - [27/Sep/2017:14:47:00 -0400] "HEAD http://107.170.20.85:80/pma2018/ HTTP/1.1" 403 0 "-" "Mozilla/5.0 Jorgee"
193.193.249.9 - - [27/Sep/2017:14:47:00 -0400] "HEAD http://107.170.20.85:80/phpmyadmin2011/ HTTP/1.1" 403 0 "-" "Mozilla/5.0 Jorgee"
193.193.249.9 - - [27/Sep/2017:14:47:00 -0400] "HEAD http://107.170.20.85:80/phpmyadmin2012/ HTTP/1.1" 403 0 "-" "Mozilla/5.0 Jorgee"
193.193.249.9 - - [27/Sep/2017:14:47:01 -0400] "HEAD http://107.170.20.85:80/phpmyadmin2013/ HTTP/1.1" 403 0 "-" "Mozilla/5.0 Jorgee"
193.193.249.9 - - [27/Sep/2017:14:47:01 -0400] "HEAD http://107.170.20.85:80/phpmyadmin2014/ HTTP/1.1" 403 0 "-" "Mozilla/5.0 Jorgee"
193.193.249.9 - - [27/Sep/2017:14:47:02 -0400] "HEAD http://107.170.20.85:80/phpmyadmin2016/ HTTP/1.1" 403 0 "-" "Mozilla/5.0 Jorgee"
193.193.249.9 - - [27/Sep/2017:14:47:02 -0400] "HEAD http://107.170.20.85:80/phpmyadmin2017/ HTTP/1.1" 403 0 "-" "Mozilla/5.0 Jorgee"
193.193.249.9 - - [27/Sep/2017:14:47:04 -0400] "HEAD http://107.170.20.85:80/phpmyadmin2018/ HTTP/1.1" 403 0 "-" "Mozilla/5.0 Jorgee"
193.193.249.9 - - [27/Sep/2017:14:47:04 -0400] "HEAD http://107.170.20.85:80/phpmanager/ HTTP/1.1" 403 0 "-" "Mozilla/5.0 Jorgee"
120.52.120.5 - - [27/Sep/2017:14:47:45 -0400] "POST /xmlrpc.php HTTP/1.0" 403 3652 "-" "Mozilla/5.0 (compatible; Googlebot/2.1;  http://www.google.com/bot.html)"
120.52.120.5 - - [27/Sep/2017:14:50:45 -0400] "POST /xmlrpc.php HTTP/1.0" 403 3652 "-" "Mozilla/5.0 (compatible; Googlebot/2.1;  http://www.google.com/bot.html)"
120.52.120.5 - - [27/Sep/2017:14:54:02 -0400] "POST /xmlrpc.php HTTP/1.0" 403 3652 "-" "Mozilla/5.0 (compatible; Googlebot/2.1;  http://www.google.com/bot.html)"
120.52.120.5 - - [27/Sep/2017:14:57:10 -0400] "POST /xmlrpc.php HTTP/1.0" 403 3652 "-" "Mozilla/5.0 (compatible; Googlebot/2.1;  http://www.google.com/bot.html)"
120.52.120.5 - - [27/Sep/2017:15:01:16 -0400] "POST /xmlrpc.php HTTP/1.0" 403 3652 "-" "Mozilla/5.0 (compatible; Googlebot/2.1;  http://www.google.com/bot.html)"
38.142.119.234 - - [27/Sep/2017:15:03:21 -0400] "\x00\x10\x00\x00\x01\x02\x03\x04\x05\x06\x07\x08\x09\x10\x11\x12\x13\x14\x15\x16" 400 173 "-" "-"
120.52.120.5 - - [27/Sep/2017:15:04:28 -0400] "POST /xmlrpc.php HTTP/1.0" 403 3652 "-" "Mozilla/5.0 (compatible; Googlebot/2.1;  http://www.google.com/bot.html)"
120.52.120.5 - - [27/Sep/2017:15:07:54 -0400] "POST /xmlrpc.php HTTP/1.0" 403 3652 "-" "Mozilla/5.0 (compatible; Googlebot/2.1;  http://www.google.com/bot.html)"
120.52.120.5 - - [27/Sep/2017:15:14:20 -0400] "POST /xmlrpc.php HTTP/1.0" 403 3652 "-" "Mozilla/5.0 (compatible; Googlebot/2.1;  http://www.google.com/bot.html)"
120.52.120.5 - - [27/Sep/2017:15:17:26 -0400] "POST /xmlrpc.php HTTP/1.0" 403 3652 "-" "Mozilla/5.0 (compatible; Googlebot/2.1;  http://www.google.com/bot.html)"
120.52.120.5 - - [27/Sep/2017:15:20:31 -0400] "POST /xmlrpc.php HTTP/1.0" 403 3652 "-" "Mozilla/5.0 (compatible; Googlebot/2.1;  http://www.google.com/bot.html)"
5.255.250.25 - - [27/Sep/2017:15:20:54 -0400] "GET / HTTP/1.1" 200 2947 "-" "Mozilla/5.0 (compatible; YandexBot/3.0; +http://yandex.com/bots)"
120.52.120.5 - - [27/Sep/2017:15:23:37 -0400] "POST /xmlrpc.php HTTP/1.0" 403 3652 "-" "Mozilla/5.0 (compatible; Googlebot/2.1;  http://www.google.com/bot.html)"
173.208.208.210 - - [27/Sep/2017:15:24:21 -0400] "GET / HTTP/1.0" 200 10397 "-" "Mozilla/5.0 (Windows; U; Windows NT 6.1; en-US; rv:1.9.2.15) Gecko/20110303 Firefox/3.6.15"
173.208.208.210 - - [27/Sep/2017:15:24:22 -0400] "GET /index.html HTTP/1.0" 200 10397 "-" "Mozilla/5.0 (Windows; U; Windows NT 6.1; en-US; rv:1.9.2.15) Gecko/20110303 Firefox/3.6.15"
120.52.120.5 - - [27/Sep/2017:15:26:26 -0400] "POST /xmlrpc.php HTTP/1.0" 403 3652 "-" "Mozilla/5.0 (compatible; Googlebot/2.1;  http://www.google.com/bot.html)"
120.52.120.5 - - [27/Sep/2017:15:29:26 -0400] "POST /xmlrpc.php HTTP/1.0" 403 3652 "-" "Mozilla/5.0 (compatible; Googlebot/2.1;  http://www.google.com/bot.html)"
120.52.120.5 - - [27/Sep/2017:15:32:54 -0400] "POST /xmlrpc.php HTTP/1.0" 403 3652 "-" "Mozilla/5.0 (compatible; Googlebot/2.1;  http://www.google.com/bot.html)"
120.52.120.5 - - [27/Sep/2017:15:35:54 -0400] "POST /xmlrpc.php HTTP/1.0" 403 3652 "-" "Mozilla/5.0 (compatible; Googlebot/2.1;  http://www.google.com/bot.html)"
120.52.120.5 - - [27/Sep/2017:15:38:54 -0400] "POST /xmlrpc.php HTTP/1.0" 403 3652 "-" "Mozilla/5.0 (compatible; Googlebot/2.1;  http://www.google.com/bot.html)"
120.52.120.5 - - [27/Sep/2017:15:41:49 -0400] "POST /xmlrpc.php HTTP/1.0" 403 3652 "-" "Mozilla/5.0 (compatible; Googlebot/2.1;  http://www.google.com/bot.html)"
120.52.120.5 - - [27/Sep/2017:15:44:54 -0400] "POST /xmlrpc.php HTTP/1.0" 403 3652 "-" "Mozilla/5.0 (compatible; Googlebot/2.1;  http://www.google.com/bot.html)"
120.52.120.5 - - [27/Sep/2017:15:48:03 -0400] "POST /xmlrpc.php HTTP/1.0" 403 3652 "-" "Mozilla/5.0 (compatible; Googlebot/2.1;  http://www.google.com/bot.html)"
120.52.120.5 - - [27/Sep/2017:15:51:25 -0400] "POST /xmlrpc.php HTTP/1.0" 403 3652 "-" "Mozilla/5.0 (compatible; Googlebot/2.1;  http://www.google.com/bot.html)"
120.52.120.5 - - [27/Sep/2017:15:54:31 -0400] "POST /xmlrpc.php HTTP/1.0" 403 3652 "-" "Mozilla/5.0 (compatible; Googlebot/2.1;  http://www.google.com/bot.html)"
120.52.120.5 - - [27/Sep/2017:15:58:07 -0400] "POST /xmlrpc.php HTTP/1.0" 403 3652 "-" "Mozilla/5.0 (compatible; Googlebot/2.1;  http://www.google.com/bot.html)"
120.52.120.5 - - [27/Sep/2017:16:01:21 -0400] "POST /xmlrpc.php HTTP/1.0" 403 3652 "-" "Mozilla/5.0 (compatible; Googlebot/2.1;  http://www.google.com/bot.html)"
120.52.120.5 - - [27/Sep/2017:16:04:57 -0400] "POST /xmlrpc.php HTTP/1.0" 403 3652 "-" "Mozilla/5.0 (compatible; Googlebot/2.1;  http://www.google.com/bot.html)"
138.246.253.19 - - [27/Sep/2017:16:14:49 -0400] "HEAD / HTTP/1.1" 403 0 "-" "Mozilla/5.0 (Windows NT 6.1; Win64; x64) AppleWebKit/537.36 (KHTML, like Gecko) Chrome/40.0.2214.85 Safari/537.36"
120.52.120.5 - - [27/Sep/2017:16:15:22 -0400] "POST /xmlrpc.php HTTP/1.0" 403 3652 "-" "Mozilla/5.0 (compatible; Googlebot/2.1;  http://www.google.com/bot.html)"
120.52.120.5 - - [27/Sep/2017:16:19:13 -0400] "POST /xmlrpc.php HTTP/1.0" 403 3652 "-" "Mozilla/5.0 (compatible; Googlebot/2.1;  http://www.google.com/bot.html)"
120.52.120.5 - - [27/Sep/2017:16:22:32 -0400] "POST /xmlrpc.php HTTP/1.0" 403 3652 "-" "Mozilla/5.0 (compatible; Googlebot/2.1;  http://www.google.com/bot.html)"
5.255.250.25 - - [27/Sep/2017:16:23:30 -0400] "GET /robots.txt HTTP/1.1" 200 24 "-" "Mozilla/5.0 (compatible; YandexBot/3.0; +http://yandex.com/bots)"
5.255.250.25 - - [27/Sep/2017:16:23:34 -0400] "GET /assets/img/bg.png HTTP/1.1" 200 711 "-" "Mozilla/5.0 (compatible; YandexImages/3.0; +http://yandex.com/bots)"
120.52.120.5 - - [27/Sep/2017:16:25:55 -0400] "POST /xmlrpc.php HTTP/1.0" 403 3652 "-" "Mozilla/5.0 (compatible; Googlebot/2.1;  http://www.google.com/bot.html)"
120.52.120.5 - - [27/Sep/2017:16:29:19 -0400] "POST /xmlrpc.php HTTP/1.0" 403 3652 "-" "Mozilla/5.0 (compatible; Googlebot/2.1;  http://www.google.com/bot.html)"
120.52.120.5 - - [27/Sep/2017:16:32:41 -0400] "POST /xmlrpc.php HTTP/1.0" 403 3652 "-" "Mozilla/5.0 (compatible; Googlebot/2.1;  http://www.google.com/bot.html)"
120.52.120.5 - - [27/Sep/2017:16:35:50 -0400] "POST /xmlrpc.php HTTP/1.0" 403 3652 "-" "Mozilla/5.0 (compatible; Googlebot/2.1;  http://www.google.com/bot.html)"
120.52.120.5 - - [27/Sep/2017:16:38:42 -0400] "POST /xmlrpc.php HTTP/1.0" 403 3652 "-" "Mozilla/5.0 (compatible; Googlebot/2.1;  http://www.google.com/bot.html)"
38.142.119.250 - - [27/Sep/2017:16:40:13 -0400] "\x00\x10\x00\x00\x01\x02\x03\x04\x05\x06\x07\x08\x09\x10\x11\x12\x13\x14\x15\x16" 400 173 "-" "-"
120.52.120.5 - - [27/Sep/2017:16:41:47 -0400] "POST /xmlrpc.php HTTP/1.0" 403 3652 "-" "Mozilla/5.0 (compatible; Googlebot/2.1;  http://www.google.com/bot.html)"
120.52.120.5 - - [27/Sep/2017:16:45:20 -0400] "POST /xmlrpc.php HTTP/1.0" 403 3652 "-" "Mozilla/5.0 (compatible; Googlebot/2.1;  http://www.google.com/bot.html)"
82.208.131.180 - - [27/Sep/2017:16:45:22 -0400] "GET /manager/media/script/mootools/mootools.js HTTP/1.1" 404 1386 "-" "Mozilla/5.0 (Macintosh; Intel Mac OS X 10.8; rv:49.0) Gecko/20100101 Firefox/49.0"
120.52.120.5 - - [27/Sep/2017:16:49:22 -0400] "POST /xmlrpc.php HTTP/1.0" 403 3652 "-" "Mozilla/5.0 (compatible; Googlebot/2.1;  http://www.google.com/bot.html)"
120.52.120.5 - - [27/Sep/2017:16:52:44 -0400] "POST /xmlrpc.php HTTP/1.0" 403 3652 "-" "Mozilla/5.0 (compatible; Googlebot/2.1;  http://www.google.com/bot.html)"
120.52.120.5 - - [27/Sep/2017:16:55:32 -0400] "POST /xmlrpc.php HTTP/1.0" 403 3652 "-" "Mozilla/5.0 (compatible; Googlebot/2.1;  http://www.google.com/bot.html)"
120.52.120.5 - - [27/Sep/2017:16:58:25 -0400] "POST /xmlrpc.php HTTP/1.0" 403 3652 "-" "Mozilla/5.0 (compatible; Googlebot/2.1;  http://www.google.com/bot.html)"
120.52.120.5 - - [27/Sep/2017:17:01:35 -0400] "POST /xmlrpc.php HTTP/1.0" 403 3652 "-" "Mozilla/5.0 (compatible; Googlebot/2.1;  http://www.google.com/bot.html)"
120.52.120.5 - - [27/Sep/2017:17:04:57 -0400] "POST /xmlrpc.php HTTP/1.0" 403 3652 "-" "Mozilla/5.0 (compatible; Googlebot/2.1;  http://www.google.com/bot.html)"
120.52.120.5 - - [27/Sep/2017:17:08:00 -0400] "POST /xmlrpc.php HTTP/1.0" 403 3652 "-" "Mozilla/5.0 (compatible; Googlebot/2.1;  http://www.google.com/bot.html)"
120.52.120.5 - - [27/Sep/2017:17:11:33 -0400] "POST /xmlrpc.php HTTP/1.0" 403 3652 "-" "Mozilla/5.0 (compatible; Googlebot/2.1;  http://www.google.com/bot.html)"
180.97.106.163 - - [27/Sep/2017:17:14:26 -0400] "\x04\x01\x00P\xB4\xA3qR\x00" 400 173 "-" "-"
120.52.120.5 - - [27/Sep/2017:17:14:52 -0400] "POST /xmlrpc.php HTTP/1.0" 403 3652 "-" "Mozilla/5.0 (compatible; Googlebot/2.1;  http://www.google.com/bot.html)"
120.52.120.5 - - [27/Sep/2017:17:22:16 -0400] "POST /xmlrpc.php HTTP/1.0" 403 3652 "-" "Mozilla/5.0 (compatible; Googlebot/2.1;  http://www.google.com/bot.html)"
