185.172.110.216 - - [04/Nov/2017:23:56:43 -0400] "GET /PMA2012/ HTTP/1.1" 404 1386 "-" "ZmEu"
185.172.110.216 - - [04/Nov/2017:23:56:43 -0400] "GET /pma2012/ HTTP/1.1" 404 1386 "-" "ZmEu"
185.172.110.216 - - [04/Nov/2017:23:56:43 -0400] "GET /MyAdmin/scripts/setup.php HTTP/1.1" 403 1338 "-" "ZmEu"
185.172.110.216 - - [04/Nov/2017:23:56:43 -0400] "GET /mysql/scripts/setup.php HTTP/1.1" 403 1338 "-" "ZmEu"
207.241.229.235 - - [04/Nov/2017:23:57:20 -0400] "GET /plugins/revolutionslider/assets/small_left.png HTTP/1.0" 200 569 "http://getrepsheet.com/plugins/revolutionslider/css/settings.css" "Mozilla/5.0 (compatible; archive.org_bot +http://www.archive.org/details/archive.org_bot)"
120.52.120.5 - - [04/Nov/2017:23:58:37 -0400] "POST /xmlrpc.php HTTP/1.0" 403 3652 "-" "Mozilla/5.0 (compatible; Googlebot/2.1;  http://www.google.com/bot.html)"
207.241.229.30 - - [04/Nov/2017:23:59:24 -0400] "GET /plugins/revolutionslider/assets/bullets2.png HTTP/1.0" 200 190 "http://getrepsheet.com/plugins/revolutionslider/css/settings.css" "Mozilla/5.0 (compatible; archive.org_bot +http://www.archive.org/details/archive.org_bot)"
120.52.120.5 - - [05/Nov/2017:00:01:39 -0400] "POST /xmlrpc.php HTTP/1.0" 403 3652 "-" "Mozilla/5.0 (compatible; Googlebot/2.1;  http://www.google.com/bot.html)"
120.52.120.5 - - [05/Nov/2017:00:04:24 -0400] "POST /xmlrpc.php HTTP/1.0" 403 3652 "-" "Mozilla/5.0 (compatible; Googlebot/2.1;  http://www.google.com/bot.html)"
120.52.120.5 - - [05/Nov/2017:00:07:27 -0400] "POST /xmlrpc.php HTTP/1.0" 403 3652 "-" "Mozilla/5.0 (compatible; Googlebot/2.1;  http://www.google.com/bot.html)"
207.241.231.170 - - [05/Nov/2017:00:09:01 -0400] "GET /plugins/revolutionslider/assets/coloredbg.png HTTP/1.0" 200 69 "http://getrepsheet.com/plugins/revolutionslider/css/settings.css" "Mozilla/5.0 (compatible; archive.org_bot +http://www.archive.org/details/archive.org_bot)"
120.52.120.5 - - [05/Nov/2017:00:10:03 -0400] "POST /xmlrpc.php HTTP/1.0" 403 3652 "-" "Mozilla/5.0 (compatible; Googlebot/2.1;  http://www.google.com/bot.html)"
120.52.120.5 - - [05/Nov/2017:00:13:14 -0400] "POST /xmlrpc.php HTTP/1.0" 403 3652 "-" "Mozilla/5.0 (compatible; Googlebot/2.1;  http://www.google.com/bot.html)"
120.52.120.5 - - [05/Nov/2017:00:16:34 -0400] "POST /xmlrpc.php HTTP/1.0" 403 3652 "-" "Mozilla/5.0 (compatible; Googlebot/2.1;  http://www.google.com/bot.html)"
157.55.39.49 - - [05/Nov/2017:00:16:49 -0400] "GET / HTTP/1.1" 200 2947 "-" "Mozilla/5.0 (compatible; bingbot/2.0; +http://www.bing.com/bingbot.htm)"
120.52.120.5 - - [05/Nov/2017:00:19:22 -0400] "POST /xmlrpc.php HTTP/1.0" 403 3652 "-" "Mozilla/5.0 (compatible; Googlebot/2.1;  http://www.google.com/bot.html)"
207.241.231.171 - - [05/Nov/2017:00:19:25 -0400] "GET /assets/css/fonts/glyphicons/glyphicons.svg HTTP/1.0" 200 435024 "http://getrepsheet.com/assets/css/fonts/glyphicons/style.css" "Mozilla/5.0 (compatible; archive.org_bot +http://www.archive.org/details/archive.org_bot)"
207.241.229.31 - - [05/Nov/2017:00:21:24 -0400] "GET /plugins/revolutionslider/assets/arrow_left.png HTTP/1.0" 200 593 "http://getrepsheet.com/plugins/revolutionslider/css/settings.css" "Mozilla/5.0 (compatible; archive.org_bot +http://www.archive.org/details/archive.org_bot)"
120.52.120.5 - - [05/Nov/2017:00:22:16 -0400] "POST /xmlrpc.php HTTP/1.0" 403 3652 "-" "Mozilla/5.0 (compatible; Googlebot/2.1;  http://www.google.com/bot.html)"
207.241.231.165 - - [05/Nov/2017:00:23:54 -0400] "GET /plugins/revolutionslider/assets/arrowright.png HTTP/1.0" 200 435 "http://getrepsheet.com/plugins/revolutionslider/css/settings.css" "Mozilla/5.0 (compatible; archive.org_bot +http://www.archive.org/details/archive.org_bot)"
207.241.229.235 - - [05/Nov/2017:00:24:31 -0400] "GET /plugins/revolutionslider/assets/transparent.png HTTP/1.0" 404 3732 "http://getrepsheet.com/plugins/revolutionslider/css/settings.css" "Mozilla/5.0 (compatible; archive.org_bot +http://www.archive.org/details/archive.org_bot)"
120.52.120.5 - - [05/Nov/2017:00:25:20 -0400] "POST /xmlrpc.php HTTP/1.0" 403 3652 "-" "Mozilla/5.0 (compatible; Googlebot/2.1;  http://www.google.com/bot.html)"
120.52.120.5 - - [05/Nov/2017:00:28:12 -0400] "POST /xmlrpc.php HTTP/1.0" 403 3652 "-" "Mozilla/5.0 (compatible; Googlebot/2.1;  http://www.google.com/bot.html)"
207.241.231.170 - - [05/Nov/2017:00:30:01 -0400] "GET /plugins/revolutionslider/images/gradient/g30.png HTTP/1.0" 404 3732 "http://getrepsheet.com/plugins/revolutionslider/css/settings.css" "Mozilla/5.0 (compatible; archive.org_bot +http://www.archive.org/details/archive.org_bot)"
120.52.120.5 - - [05/Nov/2017:00:31:07 -0400] "POST /xmlrpc.php HTTP/1.0" 403 3652 "-" "Mozilla/5.0 (compatible; Googlebot/2.1;  http://www.google.com/bot.html)"
120.52.120.5 - - [05/Nov/2017:00:33:47 -0400] "POST /xmlrpc.php HTTP/1.0" 403 3652 "-" "Mozilla/5.0 (compatible; Googlebot/2.1;  http://www.google.com/bot.html)"
120.52.120.5 - - [05/Nov/2017:00:37:04 -0400] "POST /xmlrpc.php HTTP/1.0" 403 3652 "-" "Mozilla/5.0 (compatible; Googlebot/2.1;  http://www.google.com/bot.html)"
207.241.231.165 - - [05/Nov/2017:00:38:29 -0400] "GET /assets/css/fonts/glyphicons/glyphicons.woff HTTP/1.0" 200 134328 "http://getrepsheet.com/assets/css/fonts/glyphicons/style.css" "Mozilla/5.0 (compatible; archive.org_bot +http://www.archive.org/details/archive.org_bot)"
120.52.120.5 - - [05/Nov/2017:00:39:57 -0400] "POST /xmlrpc.php HTTP/1.0" 403 3652 "-" "Mozilla/5.0 (compatible; Googlebot/2.1;  http://www.google.com/bot.html)"
120.52.120.5 - - [05/Nov/2017:00:42:51 -0400] "POST /xmlrpc.php HTTP/1.0" 403 3652 "-" "Mozilla/5.0 (compatible; Googlebot/2.1;  http://www.google.com/bot.html)"
207.241.229.31 - - [05/Nov/2017:00:43:19 -0400] "GET /plugins/revolutionslider/assets/arrowleft.png HTTP/1.0" 200 446 "http://getrepsheet.com/plugins/revolutionslider/css/settings.css" "Mozilla/5.0 (compatible; archive.org_bot +http://www.archive.org/details/archive.org_bot)"
120.52.120.5 - - [05/Nov/2017:00:46:01 -0400] "POST /xmlrpc.php HTTP/1.0" 403 3652 "-" "Mozilla/5.0 (compatible; Googlebot/2.1;  http://www.google.com/bot.html)"
207.241.231.170 - - [05/Nov/2017:00:46:29 -0400] "GET /plugins/revolutionslider/assets/shadow1.png HTTP/1.0" 200 4247 "http://getrepsheet.com/plugins/revolutionslider/css/settings.css" "Mozilla/5.0 (compatible; archive.org_bot +http://www.archive.org/details/archive.org_bot)"
120.52.120.5 - - [05/Nov/2017:00:48:50 -0400] "POST /xmlrpc.php HTTP/1.0" 403 3652 "-" "Mozilla/5.0 (compatible; Googlebot/2.1;  http://www.google.com/bot.html)"
207.241.231.165 - - [05/Nov/2017:00:50:56 -0400] "GET /plugins/revolutionslider/assets/bullet_boxed.png HTTP/1.0" 200 574 "http://getrepsheet.com/plugins/revolutionslider/css/settings.css" "Mozilla/5.0 (compatible; archive.org_bot +http://www.archive.org/details/archive.org_bot)"
120.52.120.5 - - [05/Nov/2017:00:51:50 -0400] "POST /xmlrpc.php HTTP/1.0" 403 3652 "-" "Mozilla/5.0 (compatible; Googlebot/2.1;  http://www.google.com/bot.html)"
120.52.120.5 - - [05/Nov/2017:00:54:53 -0400] "POST /xmlrpc.php HTTP/1.0" 403 3652 "-" "Mozilla/5.0 (compatible; Googlebot/2.1;  http://www.google.com/bot.html)"
120.52.120.5 - - [05/Nov/2017:00:57:53 -0400] "POST /xmlrpc.php HTTP/1.0" 403 3652 "-" "Mozilla/5.0 (compatible; Googlebot/2.1;  http://www.google.com/bot.html)"
120.52.120.5 - - [05/Nov/2017:01:01:19 -0400] "POST /xmlrpc.php HTTP/1.0" 403 3652 "-" "Mozilla/5.0 (compatible; Googlebot/2.1;  http://www.google.com/bot.html)"
207.241.229.33 - - [05/Nov/2017:01:02:41 -0400] "GET /plugins/revolutionslider/assets/arrow_right2.png HTTP/1.0" 200 250 "http://getrepsheet.com/plugins/revolutionslider/css/settings.css" "Mozilla/5.0 (compatible; archive.org_bot +http://www.archive.org/details/archive.org_bot)"
120.52.120.5 - - [05/Nov/2017:01:04:13 -0400] "POST /xmlrpc.php HTTP/1.0" 403 3652 "-" "Mozilla/5.0 (compatible; Googlebot/2.1;  http://www.google.com/bot.html)"
120.52.120.5 - - [05/Nov/2017:01:06:39 -0400] "POST /xmlrpc.php HTTP/1.0" 403 3652 "-" "Mozilla/5.0 (compatible; Googlebot/2.1;  http://www.google.com/bot.html)"
120.52.120.5 - - [05/Nov/2017:01:09:42 -0400] "POST /xmlrpc.php HTTP/1.0" 403 3652 "-" "Mozilla/5.0 (compatible; Googlebot/2.1;  http://www.google.com/bot.html)"
120.52.120.5 - - [05/Nov/2017:01:12:18 -0400] "POST /xmlrpc.php HTTP/1.0" 403 3652 "-" "Mozilla/5.0 (compatible; Googlebot/2.1;  http://www.google.com/bot.html)"
155.94.88.58 - - [05/Nov/2017:01:14:09 -0400] "GET / HTTP/1.0" 200 10397 "-" "sysscan/1.0 (https://github.com/robertdavidgraham/sysscan)"
120.52.120.5 - - [05/Nov/2017:01:15:38 -0400] "POST /xmlrpc.php HTTP/1.0" 403 3652 "-" "Mozilla/5.0 (compatible; Googlebot/2.1;  http://www.google.com/bot.html)"
66.102.6.55 - - [05/Nov/2017:01:19:41 -0400] "GET / HTTP/1.1" 200 2947 "-" "Mozilla/5.0 (X11; Linux x86_64) AppleWebKit/537.36 (KHTML, like Gecko) Chrome/49.0.2623.75 Safari/537.36 Google Favicon"
66.102.6.57 - - [05/Nov/2017:01:19:41 -0400] "GET /favicon.ico HTTP/1.1" 200 1406 "-" "Mozilla/5.0 (X11; Linux x86_64) AppleWebKit/537.36 (KHTML, like Gecko) Chrome/49.0.2623.75 Safari/537.36 Google Favicon"
120.52.120.5 - - [05/Nov/2017:01:22:15 -0400] "POST /xmlrpc.php HTTP/1.0" 403 3652 "-" "Mozilla/5.0 (compatible; Googlebot/2.1;  http://www.google.com/bot.html)"
120.52.120.5 - - [05/Nov/2017:01:25:06 -0400] "POST /xmlrpc.php HTTP/1.0" 403 3652 "-" "Mozilla/5.0 (compatible; Googlebot/2.1;  http://www.google.com/bot.html)"
120.52.120.5 - - [05/Nov/2017:01:28:04 -0400] "POST /xmlrpc.php HTTP/1.0" 403 3652 "-" "Mozilla/5.0 (compatible; Googlebot/2.1;  http://www.google.com/bot.html)"
120.52.120.5 - - [05/Nov/2017:01:30:49 -0400] "POST /xmlrpc.php HTTP/1.0" 403 3652 "-" "Mozilla/5.0 (compatible; Googlebot/2.1;  http://www.google.com/bot.html)"
120.52.120.5 - - [05/Nov/2017:01:33:32 -0400] "POST /xmlrpc.php HTTP/1.0" 403 3652 "-" "Mozilla/5.0 (compatible; Googlebot/2.1;  http://www.google.com/bot.html)"
120.52.120.5 - - [05/Nov/2017:01:36:01 -0400] "POST /xmlrpc.php HTTP/1.0" 403 3652 "-" "Mozilla/5.0 (compatible; Googlebot/2.1;  http://www.google.com/bot.html)"
120.52.120.5 - - [05/Nov/2017:01:38:48 -0400] "POST /xmlrpc.php HTTP/1.0" 403 3652 "-" "Mozilla/5.0 (compatible; Googlebot/2.1;  http://www.google.com/bot.html)"
120.52.120.5 - - [05/Nov/2017:01:42:00 -0400] "POST /xmlrpc.php HTTP/1.0" 403 3652 "-" "Mozilla/5.0 (compatible; Googlebot/2.1;  http://www.google.com/bot.html)"
120.52.120.5 - - [05/Nov/2017:01:44:49 -0400] "POST /xmlrpc.php HTTP/1.0" 403 3652 "-" "Mozilla/5.0 (compatible; Googlebot/2.1;  http://www.google.com/bot.html)"
120.52.120.5 - - [05/Nov/2017:01:48:05 -0400] "POST /xmlrpc.php HTTP/1.0" 403 3652 "-" "Mozilla/5.0 (compatible; Googlebot/2.1;  http://www.google.com/bot.html)"
120.52.120.5 - - [05/Nov/2017:01:50:34 -0400] "POST /xmlrpc.php HTTP/1.0" 403 3652 "-" "Mozilla/5.0 (compatible; Googlebot/2.1;  http://www.google.com/bot.html)"
120.52.120.5 - - [05/Nov/2017:01:53:39 -0400] "POST /xmlrpc.php HTTP/1.0" 403 3652 "-" "Mozilla/5.0 (compatible; Googlebot/2.1;  http://www.google.com/bot.html)"
120.52.120.5 - - [05/Nov/2017:01:56:34 -0400] "POST /xmlrpc.php HTTP/1.0" 403 3652 "-" "Mozilla/5.0 (compatible; Googlebot/2.1;  http://www.google.com/bot.html)"
120.52.120.5 - - [05/Nov/2017:01:59:22 -0400] "POST /xmlrpc.php HTTP/1.0" 403 3652 "-" "Mozilla/5.0 (compatible; Googlebot/2.1;  http://www.google.com/bot.html)"
120.52.120.5 - - [05/Nov/2017:01:03:39 -0500] "POST /xmlrpc.php HTTP/1.0" 403 3652 "-" "Mozilla/5.0 (compatible; Googlebot/2.1;  http://www.google.com/bot.html)"
120.52.120.5 - - [05/Nov/2017:01:06:33 -0500] "POST /xmlrpc.php HTTP/1.0" 403 3652 "-" "Mozilla/5.0 (compatible; Googlebot/2.1;  http://www.google.com/bot.html)"
120.52.120.5 - - [05/Nov/2017:01:09:25 -0500] "POST /xmlrpc.php HTTP/1.0" 403 3652 "-" "Mozilla/5.0 (compatible; Googlebot/2.1;  http://www.google.com/bot.html)"
120.52.120.5 - - [05/Nov/2017:01:12:25 -0500] "POST /xmlrpc.php HTTP/1.0" 403 3652 "-" "Mozilla/5.0 (compatible; Googlebot/2.1;  http://www.google.com/bot.html)"
120.52.120.5 - - [05/Nov/2017:01:15:30 -0500] "POST /xmlrpc.php HTTP/1.0" 403 3652 "-" "Mozilla/5.0 (compatible; Googlebot/2.1;  http://www.google.com/bot.html)"
120.52.120.5 - - [05/Nov/2017:01:18:32 -0500] "POST /xmlrpc.php HTTP/1.0" 403 3652 "-" "Mozilla/5.0 (compatible; Googlebot/2.1;  http://www.google.com/bot.html)"
120.52.120.5 - - [05/Nov/2017:01:21:23 -0500] "POST /xmlrpc.php HTTP/1.0" 403 3652 "-" "Mozilla/5.0 (compatible; Googlebot/2.1;  http://www.google.com/bot.html)"
120.52.120.5 - - [05/Nov/2017:01:24:15 -0500] "POST /xmlrpc.php HTTP/1.0" 403 3652 "-" "Mozilla/5.0 (compatible; Googlebot/2.1;  http://www.google.com/bot.html)"
120.52.120.5 - - [05/Nov/2017:01:27:06 -0500] "POST /xmlrpc.php HTTP/1.0" 403 3652 "-" "Mozilla/5.0 (compatible; Googlebot/2.1;  http://www.google.com/bot.html)"
120.52.120.5 - - [05/Nov/2017:01:30:07 -0500] "POST /xmlrpc.php HTTP/1.0" 403 3652 "-" "Mozilla/5.0 (compatible; Googlebot/2.1;  http://www.google.com/bot.html)"
120.52.120.5 - - [05/Nov/2017:01:33:18 -0500] "POST /xmlrpc.php HTTP/1.0" 403 3652 "-" "Mozilla/5.0 (compatible; Googlebot/2.1;  http://www.google.com/bot.html)"
120.52.120.5 - - [05/Nov/2017:01:37:21 -0500] "POST /xmlrpc.php HTTP/1.0" 403 3652 "-" "Mozilla/5.0 (compatible; Googlebot/2.1;  http://www.google.com/bot.html)"
120.52.120.5 - - [05/Nov/2017:01:41:43 -0500] "POST /xmlrpc.php HTTP/1.0" 403 3652 "-" "Mozilla/5.0 (compatible; Googlebot/2.1;  http://www.google.com/bot.html)"
120.52.120.5 - - [05/Nov/2017:01:45:04 -0500] "POST /xmlrpc.php HTTP/1.0" 403 3652 "-" "Mozilla/5.0 (compatible; Googlebot/2.1;  http://www.google.com/bot.html)"
120.52.120.5 - - [05/Nov/2017:01:51:49 -0500] "POST /xmlrpc.php HTTP/1.0" 403 3652 "-" "Mozilla/5.0 (compatible; Googlebot/2.1;  http://www.google.com/bot.html)"
120.52.120.5 - - [05/Nov/2017:01:54:36 -0500] "POST /xmlrpc.php HTTP/1.0" 403 3652 "-" "Mozilla/5.0 (compatible; Googlebot/2.1;  http://www.google.com/bot.html)"
120.52.120.5 - - [05/Nov/2017:01:58:01 -0500] "POST /xmlrpc.php HTTP/1.0" 403 3652 "-" "Mozilla/5.0 (compatible; Googlebot/2.1;  http://www.google.com/bot.html)"
120.52.120.5 - - [05/Nov/2017:02:00:57 -0500] "POST /xmlrpc.php HTTP/1.0" 403 3652 "-" "Mozilla/5.0 (compatible; Googlebot/2.1;  http://www.google.com/bot.html)"
120.52.120.5 - - [05/Nov/2017:02:03:58 -0500] "POST /xmlrpc.php HTTP/1.0" 403 3652 "-" "Mozilla/5.0 (compatible; Googlebot/2.1;  http://www.google.com/bot.html)"
120.52.120.5 - - [05/Nov/2017:02:07:07 -0500] "POST /xmlrpc.php HTTP/1.0" 403 3652 "-" "Mozilla/5.0 (compatible; Googlebot/2.1;  http://www.google.com/bot.html)"
120.52.120.5 - - [05/Nov/2017:02:10:33 -0500] "POST /xmlrpc.php HTTP/1.0" 403 3652 "-" "Mozilla/5.0 (compatible; Googlebot/2.1;  http://www.google.com/bot.html)"
120.52.120.5 - - [05/Nov/2017:02:13:23 -0500] "POST /xmlrpc.php HTTP/1.0" 403 3652 "-" "Mozilla/5.0 (compatible; Googlebot/2.1;  http://www.google.com/bot.html)"
120.52.120.5 - - [05/Nov/2017:02:16:30 -0500] "POST /xmlrpc.php HTTP/1.0" 403 3652 "-" "Mozilla/5.0 (compatible; Googlebot/2.1;  http://www.google.com/bot.html)"
120.52.120.5 - - [05/Nov/2017:02:19:24 -0500] "POST /xmlrpc.php HTTP/1.0" 403 3652 "-" "Mozilla/5.0 (compatible; Googlebot/2.1;  http://www.google.com/bot.html)"
120.52.120.5 - - [05/Nov/2017:02:21:56 -0500] "POST /xmlrpc.php HTTP/1.0" 403 3652 "-" "Mozilla/5.0 (compatible; Googlebot/2.1;  http://www.google.com/bot.html)"
120.52.120.5 - - [05/Nov/2017:02:25:24 -0500] "POST /xmlrpc.php HTTP/1.0" 403 3652 "-" "Mozilla/5.0 (compatible; Googlebot/2.1;  http://www.google.com/bot.html)"
120.52.120.5 - - [05/Nov/2017:02:28:34 -0500] "POST /xmlrpc.php HTTP/1.0" 403 3652 "-" "Mozilla/5.0 (compatible; Googlebot/2.1;  http://www.google.com/bot.html)"
120.52.120.5 - - [05/Nov/2017:02:31:52 -0500] "POST /xmlrpc.php HTTP/1.0" 403 3652 "-" "Mozilla/5.0 (compatible; Googlebot/2.1;  http://www.google.com/bot.html)"
54.92.223.234 - - [05/Nov/2017:02:33:51 -0500] "" 400 0 "-" "-"
54.91.178.104 - - [05/Nov/2017:02:33:53 -0500] "GET / HTTP/1.1" 200 2947 "-" "Mozilla/5.0 (Windows NT 6.3; WOW64) AppleWebKit/537.36 (KHTML, like Gecko) Chrome/34.0.1847.137 Safari/537.36"
54.147.147.160 - - [05/Nov/2017:02:35:56 -0500] "GET /index.html HTTP/1.1" 200 2947 "-" "Mozilla/5.0 (Windows NT 6.3; WOW64) AppleWebKit/537.36 (KHTML, like Gecko) Chrome/34.0.1847.137 Safari/537.36"
120.52.120.5 - - [05/Nov/2017:02:40:01 -0500] "POST /xmlrpc.php HTTP/1.0" 403 3652 "-" "Mozilla/5.0 (compatible; Googlebot/2.1;  http://www.google.com/bot.html)"
120.52.120.5 - - [05/Nov/2017:02:45:56 -0500] "POST /xmlrpc.php HTTP/1.0" 403 3652 "-" "Mozilla/5.0 (compatible; Googlebot/2.1;  http://www.google.com/bot.html)"
54.204.94.37 - - [05/Nov/2017:02:47:06 -0500] "GET / HTTP/1.1" 200 2947 "-" "Mozilla/5.0 (Windows NT 6.3; WOW64) AppleWebKit/537.36 (KHTML, like Gecko) Chrome/32.0.1700.76 Safari/537.36"
54.204.94.37 - - [05/Nov/2017:02:47:06 -0500] "GET /assets/css/framework.css HTTP/1.1" 200 15179 "http://getrepsheet.com/" "Mozilla/5.0 (Windows NT 6.3; WOW64) AppleWebKit/537.36 (KHTML, like Gecko) Chrome/32.0.1700.76 Safari/537.36"
54.204.94.37 - - [05/Nov/2017:02:47:06 -0500] "GET /assets/css/typography.css HTTP/1.1" 200 4508 "http://getrepsheet.com/" "Mozilla/5.0 (Windows NT 6.3; WOW64) AppleWebKit/537.36 (KHTML, like Gecko) Chrome/32.0.1700.76 Safari/537.36"
54.204.94.37 - - [05/Nov/2017:02:47:06 -0500] "GET /assets/css/widgets.css HTTP/1.1" 200 55021 "http://getrepsheet.com/" "Mozilla/5.0 (Windows NT 6.3; WOW64) AppleWebKit/537.36 (KHTML, like Gecko) Chrome/32.0.1700.76 Safari/537.36"
54.204.94.37 - - [05/Nov/2017:02:47:06 -0500] "GET /assets/css/main.css HTTP/1.1" 200 21384 "http://getrepsheet.com/" "Mozilla/5.0 (Windows NT 6.3; WOW64) AppleWebKit/537.36 (KHTML, like Gecko) Chrome/32.0.1700.76 Safari/537.36"
54.204.94.37 - - [05/Nov/2017:02:47:06 -0500] "GET /assets/css/icons.css HTTP/1.1" 200 4965 "http://getrepsheet.com/" "Mozilla/5.0 (Windows NT 6.3; WOW64) AppleWebKit/537.36 (KHTML, like Gecko) Chrome/32.0.1700.76 Safari/537.36"
54.204.94.37 - - [05/Nov/2017:02:47:06 -0500] "GET /assets/css/colors.css HTTP/1.1" 200 2308 "http://getrepsheet.com/" "Mozilla/5.0 (Windows NT 6.3; WOW64) AppleWebKit/537.36 (KHTML, like Gecko) Chrome/32.0.1700.76 Safari/537.36"
54.204.94.37 - - [05/Nov/2017:02:47:06 -0500] "GET /assets/css/fonts/glyphicons/style.css HTTP/1.1" 200 19984 "http://getrepsheet.com/" "Mozilla/5.0 (Windows NT 6.3; WOW64) AppleWebKit/537.36 (KHTML, like Gecko) Chrome/32.0.1700.76 Safari/537.36"
54.204.94.37 - - [05/Nov/2017:02:47:06 -0500] "GET /assets/css/customizer.css HTTP/1.1" 200 5845 "http://getrepsheet.com/" "Mozilla/5.0 (Windows NT 6.3; WOW64) AppleWebKit/537.36 (KHTML, like Gecko) Chrome/32.0.1700.76 Safari/537.36"
54.204.94.37 - - [05/Nov/2017:02:47:06 -0500] "GET /plugins/revolutionslider/css/settings.css HTTP/1.1" 200 23805 "http://getrepsheet.com/" "Mozilla/5.0 (Windows NT 6.3; WOW64) AppleWebKit/537.36 (KHTML, like Gecko) Chrome/32.0.1700.76 Safari/537.36"
54.204.94.37 - - [05/Nov/2017:02:47:06 -0500] "GET /assets/js/jquery-1.9.1.min.js HTTP/1.1" 200 92629 "http://getrepsheet.com/" "Mozilla/5.0 (Windows NT 6.3; WOW64) AppleWebKit/537.36 (KHTML, like Gecko) Chrome/32.0.1700.76 Safari/537.36"
54.204.94.37 - - [05/Nov/2017:02:47:06 -0500] "GET /plugins/revolutionslider/js/jquery.themepunch.plugins.min.js HTTP/1.1" 200 17162 "http://getrepsheet.com/" "Mozilla/5.0 (Windows NT 6.3; WOW64) AppleWebKit/537.36 (KHTML, like Gecko) Chrome/32.0.1700.76 Safari/537.36"
54.204.94.37 - - [05/Nov/2017:02:47:06 -0500] "GET /plugins/revolutionslider/js/jquery.themepunch.revolution.min.js HTTP/1.1" 200 55943 "http://getrepsheet.com/" "Mozilla/5.0 (Windows NT 6.3; WOW64) AppleWebKit/537.36 (KHTML, like Gecko) Chrome/32.0.1700.76 Safari/537.36"
54.204.94.37 - - [05/Nov/2017:02:47:06 -0500] "GET /assets/js/joiee.plugins.js HTTP/1.1" 200 18035 "http://getrepsheet.com/" "Mozilla/5.0 (Windows NT 6.3; WOW64) AppleWebKit/537.36 (KHTML, like Gecko) Chrome/32.0.1700.76 Safari/537.36"
54.204.94.37 - - [05/Nov/2017:02:47:06 -0500] "GET /assets/js/joiee.setup.js HTTP/1.1" 200 9184 "http://getrepsheet.com/" "Mozilla/5.0 (Windows NT 6.3; WOW64) AppleWebKit/537.36 (KHTML, like Gecko) Chrome/32.0.1700.76 Safari/537.36"
54.204.94.37 - - [05/Nov/2017:02:47:06 -0500] "GET /assets/css/fonts/glyphicons/glyphicons.svg HTTP/1.1" 200 435024 "http://getrepsheet.com/" "Mozilla/5.0 (Windows NT 6.3; WOW64) AppleWebKit/537.36 (KHTML, like Gecko) Chrome/32.0.1700.76 Safari/537.36"
120.52.120.5 - - [05/Nov/2017:02:48:22 -0500] "POST /xmlrpc.php HTTP/1.0" 403 3652 "-" "Mozilla/5.0 (compatible; Googlebot/2.1;  http://www.google.com/bot.html)"
120.52.120.5 - - [05/Nov/2017:02:51:04 -0500] "POST /xmlrpc.php HTTP/1.0" 403 3652 "-" "Mozilla/5.0 (compatible; Googlebot/2.1;  http://www.google.com/bot.html)"
54.205.125.158 - - [05/Nov/2017:02:51:12 -0500] "GET /index.html HTTP/1.1" 200 2947 "-" "Mozilla/5.0 (Windows NT 6.3; WOW64) AppleWebKit/537.36 (KHTML, like Gecko) Chrome/32.0.1700.76 Safari/537.36"
54.205.125.158 - - [05/Nov/2017:02:51:12 -0500] "GET /assets/css/framework.css HTTP/1.1" 200 15179 "http://getrepsheet.com/index.html" "Mozilla/5.0 (Windows NT 6.3; WOW64) AppleWebKit/537.36 (KHTML, like Gecko) Chrome/32.0.1700.76 Safari/537.36"
54.205.125.158 - - [05/Nov/2017:02:51:12 -0500] "GET /assets/css/typography.css HTTP/1.1" 200 4508 "http://getrepsheet.com/index.html" "Mozilla/5.0 (Windows NT 6.3; WOW64) AppleWebKit/537.36 (KHTML, like Gecko) Chrome/32.0.1700.76 Safari/537.36"
54.205.125.158 - - [05/Nov/2017:02:51:12 -0500] "GET /assets/css/main.css HTTP/1.1" 200 21384 "http://getrepsheet.com/index.html" "Mozilla/5.0 (Windows NT 6.3; WOW64) AppleWebKit/537.36 (KHTML, like Gecko) Chrome/32.0.1700.76 Safari/537.36"
54.205.125.158 - - [05/Nov/2017:02:51:12 -0500] "GET /assets/css/widgets.css HTTP/1.1" 200 55021 "http://getrepsheet.com/index.html" "Mozilla/5.0 (Windows NT 6.3; WOW64) AppleWebKit/537.36 (KHTML, like Gecko) Chrome/32.0.1700.76 Safari/537.36"
54.205.125.158 - - [05/Nov/2017:02:51:12 -0500] "GET /assets/css/icons.css HTTP/1.1" 200 4965 "http://getrepsheet.com/index.html" "Mozilla/5.0 (Windows NT 6.3; WOW64) AppleWebKit/537.36 (KHTML, like Gecko) Chrome/32.0.1700.76 Safari/537.36"
54.205.125.158 - - [05/Nov/2017:02:51:12 -0500] "GET /assets/css/colors.css HTTP/1.1" 200 2308 "http://getrepsheet.com/index.html" "Mozilla/5.0 (Windows NT 6.3; WOW64) AppleWebKit/537.36 (KHTML, like Gecko) Chrome/32.0.1700.76 Safari/537.36"
54.205.125.158 - - [05/Nov/2017:02:51:12 -0500] "GET /assets/css/fonts/glyphicons/style.css HTTP/1.1" 200 19984 "http://getrepsheet.com/index.html" "Mozilla/5.0 (Windows NT 6.3; WOW64) AppleWebKit/537.36 (KHTML, like Gecko) Chrome/32.0.1700.76 Safari/537.36"
54.205.125.158 - - [05/Nov/2017:02:51:12 -0500] "GET /assets/css/customizer.css HTTP/1.1" 200 5845 "http://getrepsheet.com/index.html" "Mozilla/5.0 (Windows NT 6.3; WOW64) AppleWebKit/537.36 (KHTML, like Gecko) Chrome/32.0.1700.76 Safari/537.36"
54.205.125.158 - - [05/Nov/2017:02:51:12 -0500] "GET /plugins/revolutionslider/css/settings.css HTTP/1.1" 200 23805 "http://getrepsheet.com/index.html" "Mozilla/5.0 (Windows NT 6.3; WOW64) AppleWebKit/537.36 (KHTML, like Gecko) Chrome/32.0.1700.76 Safari/537.36"
54.205.125.158 - - [05/Nov/2017:02:51:12 -0500] "GET /plugins/revolutionslider/js/jquery.themepunch.plugins.min.js HTTP/1.1" 200 17162 "http://getrepsheet.com/index.html" "Mozilla/5.0 (Windows NT 6.3; WOW64) AppleWebKit/537.36 (KHTML, like Gecko) Chrome/32.0.1700.76 Safari/537.36"
54.205.125.158 - - [05/Nov/2017:02:51:12 -0500] "GET /plugins/revolutionslider/js/jquery.themepunch.revolution.min.js HTTP/1.1" 200 55943 "http://getrepsheet.com/index.html" "Mozilla/5.0 (Windows NT 6.3; WOW64) AppleWebKit/537.36 (KHTML, like Gecko) Chrome/32.0.1700.76 Safari/537.36"
54.205.125.158 - - [05/Nov/2017:02:51:12 -0500] "GET /assets/js/joiee.plugins.js HTTP/1.1" 200 18035 "http://getrepsheet.com/index.html" "Mozilla/5.0 (Windows NT 6.3; WOW64) AppleWebKit/537.36 (KHTML, like Gecko) Chrome/32.0.1700.76 Safari/537.36"
54.205.125.158 - - [05/Nov/2017:02:51:12 -0500] "GET /assets/js/jquery-1.9.1.min.js HTTP/1.1" 200 92629 "http://getrepsheet.com/index.html" "Mozilla/5.0 (Windows NT 6.3; WOW64) AppleWebKit/537.36 (KHTML, like Gecko) Chrome/32.0.1700.76 Safari/537.36"
54.205.125.158 - - [05/Nov/2017:02:51:12 -0500] "GET /assets/js/joiee.setup.js HTTP/1.1" 200 9184 "http://getrepsheet.com/index.html" "Mozilla/5.0 (Windows NT 6.3; WOW64) AppleWebKit/537.36 (KHTML, like Gecko) Chrome/32.0.1700.76 Safari/537.36"
54.205.125.158 - - [05/Nov/2017:02:51:13 -0500] "GET /assets/css/fonts/glyphicons/glyphicons.svg HTTP/1.1" 200 435024 "http://getrepsheet.com/index.html" "Mozilla/5.0 (Windows NT 6.3; WOW64) AppleWebKit/537.36 (KHTML, like Gecko) Chrome/32.0.1700.76 Safari/537.36"
120.52.120.5 - - [05/Nov/2017:02:53:53 -0500] "POST /xmlrpc.php HTTP/1.0" 403 3652 "-" "Mozilla/5.0 (compatible; Googlebot/2.1;  http://www.google.com/bot.html)"
120.52.120.5 - - [05/Nov/2017:02:57:15 -0500] "POST /xmlrpc.php HTTP/1.0" 403 3652 "-" "Mozilla/5.0 (compatible; Googlebot/2.1;  http://www.google.com/bot.html)"
120.52.120.5 - - [05/Nov/2017:03:00:41 -0500] "POST /xmlrpc.php HTTP/1.0" 403 3652 "-" "Mozilla/5.0 (compatible; Googlebot/2.1;  http://www.google.com/bot.html)"
45.55.17.218 - - [05/Nov/2017:03:01:38 -0500] "GET / HTTP/1.1" 200 2947 "-" "Mozilla/5.0 zgrab/0.x"
120.52.120.5 - - [05/Nov/2017:03:03:51 -0500] "POST /xmlrpc.php HTTP/1.0" 403 3652 "-" "Mozilla/5.0 (compatible; Googlebot/2.1;  http://www.google.com/bot.html)"
120.52.120.5 - - [05/Nov/2017:03:07:00 -0500] "POST /xmlrpc.php HTTP/1.0" 403 3652 "-" "Mozilla/5.0 (compatible; Googlebot/2.1;  http://www.google.com/bot.html)"
120.52.120.5 - - [05/Nov/2017:03:09:53 -0500] "POST /xmlrpc.php HTTP/1.0" 403 3652 "-" "Mozilla/5.0 (compatible; Googlebot/2.1;  http://www.google.com/bot.html)"
120.52.120.5 - - [05/Nov/2017:03:15:50 -0500] "POST /xmlrpc.php HTTP/1.0" 403 3652 "-" "Mozilla/5.0 (compatible; Googlebot/2.1;  http://www.google.com/bot.html)"
120.52.120.5 - - [05/Nov/2017:03:18:50 -0500] "POST /xmlrpc.php HTTP/1.0" 403 3652 "-" "Mozilla/5.0 (compatible; Googlebot/2.1;  http://www.google.com/bot.html)"
