91.125.164.76 - - [18/Oct/2017:03:54:45 -0400] "GET /wp-login.php HTTP/1.1" 403 3652 "-" "Mozilla/5.0 (Windows NT 6.1; WOW64; rv:40.0) Gecko/20100101 Firefox/40.1"
91.125.164.76 - - [18/Oct/2017:03:54:45 -0400] "GET / HTTP/1.1" 200 10397 "-" "Mozilla/5.0 (Windows NT 6.1; WOW64; rv:40.0) Gecko/20100101 Firefox/40.1"
120.52.120.5 - - [18/Oct/2017:03:56:08 -0400] "POST /xmlrpc.php HTTP/1.0" 403 3652 "-" "Mozilla/5.0 (compatible; Googlebot/2.1;  http://www.google.com/bot.html)"
120.52.120.5 - - [18/Oct/2017:04:00:41 -0400] "POST /xmlrpc.php HTTP/1.0" 403 3652 "-" "Mozilla/5.0 (compatible; Googlebot/2.1;  http://www.google.com/bot.html)"
120.52.120.5 - - [18/Oct/2017:04:16:09 -0400] "POST /xmlrpc.php HTTP/1.0" 403 3652 "-" "Mozilla/5.0 (compatible; Googlebot/2.1;  http://www.google.com/bot.html)"
45.55.13.13 - - [18/Oct/2017:04:19:23 -0400] "GET / HTTP/1.1" 200 2947 "-" "Mozilla/5.0 zgrab/0.x"
120.52.120.5 - - [18/Oct/2017:04:30:02 -0400] "POST /xmlrpc.php HTTP/1.0" 403 3652 "-" "Mozilla/5.0 (compatible; Googlebot/2.1;  http://www.google.com/bot.html)"
120.52.120.5 - - [18/Oct/2017:04:33:17 -0400] "POST /xmlrpc.php HTTP/1.0" 403 3652 "-" "Mozilla/5.0 (compatible; Googlebot/2.1;  http://www.google.com/bot.html)"
120.52.120.5 - - [18/Oct/2017:04:47:18 -0400] "POST /xmlrpc.php HTTP/1.0" 403 3652 "-" "Mozilla/5.0 (compatible; Googlebot/2.1;  http://www.google.com/bot.html)"
120.52.120.5 - - [18/Oct/2017:04:50:58 -0400] "POST /xmlrpc.php HTTP/1.0" 403 3652 "-" "Mozilla/5.0 (compatible; Googlebot/2.1;  http://www.google.com/bot.html)"
120.52.120.5 - - [18/Oct/2017:04:54:39 -0400] "POST /xmlrpc.php HTTP/1.0" 403 3652 "-" "Mozilla/5.0 (compatible; Googlebot/2.1;  http://www.google.com/bot.html)"
220.181.108.145 - - [18/Oct/2017:04:55:02 -0400] "GET / HTTP/1.1" 200 2947 "-" "Mozilla/5.0 (compatible; Baiduspider/2.0; +http://www.baidu.com/search/spider.html)"
120.52.120.5 - - [18/Oct/2017:05:03:27 -0400] "POST /xmlrpc.php HTTP/1.0" 403 3652 "-" "Mozilla/5.0 (compatible; Googlebot/2.1;  http://www.google.com/bot.html)"
120.52.120.5 - - [18/Oct/2017:05:14:28 -0400] "POST /xmlrpc.php HTTP/1.0" 403 3652 "-" "Mozilla/5.0 (compatible; Googlebot/2.1;  http://www.google.com/bot.html)"
52.235.42.254 - - [18/Oct/2017:05:49:54 -0400] "GET /pma2005/scripts/setup.php HTTP/1.1" 403 1338 "-" "ZmEu"
52.235.42.254 - - [18/Oct/2017:05:49:54 -0400] "GET /PMA2005/scripts/setup.php HTTP/1.1" 403 1338 "-" "ZmEu"
52.235.42.254 - - [18/Oct/2017:05:49:54 -0400] "GET  HTTP/1.1" 400 173 "-" "-"
52.235.42.254 - - [18/Oct/2017:05:49:54 -0400] "GET /phpmanager/scripts/setup.php HTTP/1.1" 403 1338 "-" "ZmEu"
52.235.42.254 - - [18/Oct/2017:05:49:54 -0400] "GET /phpmyadmin1/scripts/setup.php HTTP/1.1" 403 1338 "-" "ZmEu"
52.235.42.254 - - [18/Oct/2017:05:49:54 -0400] "GET /mysqladmin/scripts/setup.php HTTP/1.1" 403 1338 "-" "ZmEu"
52.235.42.254 - - [18/Oct/2017:05:49:54 -0400] "GET /websql/scripts/setup.php HTTP/1.1" 403 1338 "-" "ZmEu"
52.235.42.254 - - [18/Oct/2017:05:49:54 -0400] "GET /xampp/phpmyadmin/scripts/setup.php HTTP/1.1" 403 1338 "-" "ZmEu"
52.235.42.254 - - [18/Oct/2017:05:49:54 -0400] "GET /p/m/a/scripts/setup.php HTTP/1.1" 403 1338 "-" "ZmEu"
52.235.42.254 - - [18/Oct/2017:05:49:54 -0400] "GET /mysqlmanager/scripts/setup.php HTTP/1.1" 403 1338 "-" "ZmEu"
52.235.42.254 - - [18/Oct/2017:05:49:54 -0400] "GET /sqlweb/scripts/setup.php HTTP/1.1" 403 1338 "-" "ZmEu"
52.235.42.254 - - [18/Oct/2017:05:49:54 -0400] "GET /myadmin/scripts/setup.php HTTP/1.1" 403 1338 "-" "ZmEu"
52.235.42.254 - - [18/Oct/2017:05:49:54 -0400] "GET /dbadmin/scripts/setup.php HTTP/1.1" 403 1338 "-" "ZmEu"
52.235.42.254 - - [18/Oct/2017:05:49:54 -0400] "GET /webdb/scripts/setup.php HTTP/1.1" 403 1338 "-" "ZmEu"
52.235.42.254 - - [18/Oct/2017:05:49:54 -0400] "GET /php-my-admin/scripts/setup.php HTTP/1.1" 403 1338 "-" "ZmEu"
52.235.42.254 - - [18/Oct/2017:05:49:54 -0400] "GET /db/scripts/setup.php HTTP/1.1" 403 1338 "-" "ZmEu"
52.235.42.254 - - [18/Oct/2017:05:49:54 -0400] "GET /mysql/scripts/setup.php HTTP/1.1" 403 1338 "-" "ZmEu"
52.235.42.254 - - [18/Oct/2017:05:49:54 -0400] "GET /myadmin/scripts/setup.php HTTP/1.1" 403 1338 "-" "ZmEu"
52.235.42.254 - - [18/Oct/2017:05:49:54 -0400] "GET /pma/scripts/setup.php HTTP/1.1" 403 1338 "-" "ZmEu"
52.235.42.254 - - [18/Oct/2017:05:49:54 -0400] "GET /scripts/setup.php HTTP/1.1" 403 1338 "-" "ZmEu"
52.235.42.254 - - [18/Oct/2017:05:49:54 -0400] "GET /web/phpMyAdmin/scripts/setup.php HTTP/1.1" 403 1338 "-" "ZmEu"
52.235.42.254 - - [18/Oct/2017:05:49:54 -0400] "GET /php-my-admin/scripts/setup.php HTTP/1.1" 403 1338 "-" "ZmEu"
52.235.42.254 - - [18/Oct/2017:05:49:54 -0400] "GET /w00tw00t.at.blackhats.romanian.anti-sec:) HTTP/1.1" 404 1386 "-" "ZmEu"
52.235.42.254 - - [18/Oct/2017:05:49:54 -0400] "GET /phpMyAdmin-2/scripts/setup.php HTTP/1.1" 403 1338 "-" "ZmEu"
52.235.42.254 - - [18/Oct/2017:05:49:54 -0400] "GET /phpadmin/scripts/setup.php HTTP/1.1" 403 1338 "-" "ZmEu"
52.235.42.254 - - [18/Oct/2017:05:49:54 -0400] "GET /admin/phpmyadmin/scripts/setup.php HTTP/1.1" 403 1338 "-" "ZmEu"
52.235.42.254 - - [18/Oct/2017:05:49:54 -0400] "GET /admin/pma/scripts/setup.php HTTP/1.1" 403 1338 "-" "ZmEu"
52.235.42.254 - - [18/Oct/2017:05:49:54 -0400] "GET /admin/scripts/setup.php HTTP/1.1" 403 1338 "-" "ZmEu"
52.235.42.254 - - [18/Oct/2017:05:49:54 -0400] "GET /phpMyAdmin/scripts/setup.php HTTP/1.1" 403 1338 "-" "ZmEu"
52.235.42.254 - - [18/Oct/2017:05:49:54 -0400] "GET /MyAdmin/scripts/setup.php HTTP/1.1" 403 1338 "-" "ZmEu"
120.52.120.5 - - [18/Oct/2017:05:58:43 -0400] "POST /xmlrpc.php HTTP/1.0" 403 3652 "-" "Mozilla/5.0 (compatible; Googlebot/2.1;  http://www.google.com/bot.html)"
120.52.120.5 - - [18/Oct/2017:06:10:20 -0400] "POST /xmlrpc.php HTTP/1.0" 403 3652 "-" "Mozilla/5.0 (compatible; Googlebot/2.1;  http://www.google.com/bot.html)"
120.52.120.5 - - [18/Oct/2017:06:15:06 -0400] "POST /xmlrpc.php HTTP/1.0" 403 3652 "-" "Mozilla/5.0 (compatible; Googlebot/2.1;  http://www.google.com/bot.html)"
120.52.120.5 - - [18/Oct/2017:06:23:34 -0400] "POST /xmlrpc.php HTTP/1.0" 403 3652 "-" "Mozilla/5.0 (compatible; Googlebot/2.1;  http://www.google.com/bot.html)"
120.52.120.5 - - [18/Oct/2017:06:26:28 -0400] "POST /xmlrpc.php HTTP/1.0" 403 3652 "-" "Mozilla/5.0 (compatible; Googlebot/2.1;  http://www.google.com/bot.html)"
120.52.120.5 - - [18/Oct/2017:06:36:06 -0400] "POST /xmlrpc.php HTTP/1.0" 403 3652 "-" "Mozilla/5.0 (compatible; Googlebot/2.1;  http://www.google.com/bot.html)"
139.162.119.197 - - [18/Oct/2017:06:39:04 -0400] "GET / HTTP/1.1" 200 10397 "-" "Mozilla/5.0 (Windows NT 10.0; WOW64) AppleWebKit/537.36 (KHTML, like Gecko) Chrome/50.0.2661.102 Safari/537.36"
120.52.120.5 - - [18/Oct/2017:06:40:35 -0400] "POST /xmlrpc.php HTTP/1.0" 403 3652 "-" "Mozilla/5.0 (compatible; Googlebot/2.1;  http://www.google.com/bot.html)"
120.52.120.5 - - [18/Oct/2017:06:43:43 -0400] "POST /xmlrpc.php HTTP/1.0" 403 3652 "-" "Mozilla/5.0 (compatible; Googlebot/2.1;  http://www.google.com/bot.html)"
184.105.247.196 - - [18/Oct/2017:06:52:16 -0400] "GET / HTTP/1.1" 200 10397 "-" "-"
120.52.120.5 - - [18/Oct/2017:06:58:15 -0400] "POST /xmlrpc.php HTTP/1.0" 403 3652 "-" "Mozilla/5.0 (compatible; Googlebot/2.1;  http://www.google.com/bot.html)"
120.52.120.5 - - [18/Oct/2017:07:01:08 -0400] "POST /xmlrpc.php HTTP/1.0" 403 3652 "-" "Mozilla/5.0 (compatible; Googlebot/2.1;  http://www.google.com/bot.html)"
120.52.120.5 - - [18/Oct/2017:07:12:29 -0400] "POST /xmlrpc.php HTTP/1.0" 403 3652 "-" "Mozilla/5.0 (compatible; Googlebot/2.1;  http://www.google.com/bot.html)"
120.52.120.5 - - [18/Oct/2017:07:15:04 -0400] "POST /xmlrpc.php HTTP/1.0" 403 3652 "-" "Mozilla/5.0 (compatible; Googlebot/2.1;  http://www.google.com/bot.html)"
120.52.120.5 - - [18/Oct/2017:07:18:13 -0400] "POST /xmlrpc.php HTTP/1.0" 403 3652 "-" "Mozilla/5.0 (compatible; Googlebot/2.1;  http://www.google.com/bot.html)"
46.229.168.77 - - [18/Oct/2017:07:27:23 -0400] "GET / HTTP/1.1" 200 2947 "-" "Mozilla/5.0 (compatible; SemrushBot/1.2~bl; +http://www.semrush.com/bot.html)"
46.229.168.73 - - [18/Oct/2017:07:27:40 -0400] "GET /index.html HTTP/1.1" 200 2947 "-" "Mozilla/5.0 (compatible; SemrushBot/1.2~bl; +http://www.semrush.com/bot.html)"
46.229.168.80 - - [18/Oct/2017:07:27:53 -0400] "GET /backend.html HTTP/1.1" 200 3944 "-" "Mozilla/5.0 (compatible; SemrushBot/1.2~bl; +http://www.semrush.com/bot.html)"
120.52.120.5 - - [18/Oct/2017:07:33:48 -0400] "POST /xmlrpc.php HTTP/1.0" 403 3652 "-" "Mozilla/5.0 (compatible; Googlebot/2.1;  http://www.google.com/bot.html)"
120.52.120.5 - - [18/Oct/2017:07:37:51 -0400] "POST /xmlrpc.php HTTP/1.0" 403 3652 "-" "Mozilla/5.0 (compatible; Googlebot/2.1;  http://www.google.com/bot.html)"
120.52.120.5 - - [18/Oct/2017:07:41:31 -0400] "POST /xmlrpc.php HTTP/1.0" 403 3652 "-" "Mozilla/5.0 (compatible; Googlebot/2.1;  http://www.google.com/bot.html)"
157.55.39.241 - - [18/Oct/2017:07:42:02 -0400] "GET / HTTP/1.1" 200 2947 "-" "Mozilla/5.0 (compatible; bingbot/2.0; +http://www.bing.com/bingbot.htm)"
120.52.120.5 - - [18/Oct/2017:07:45:27 -0400] "POST /xmlrpc.php HTTP/1.0" 403 3652 "-" "Mozilla/5.0 (compatible; Googlebot/2.1;  http://www.google.com/bot.html)"
120.52.120.5 - - [18/Oct/2017:07:49:49 -0400] "POST /xmlrpc.php HTTP/1.0" 403 3652 "-" "Mozilla/5.0 (compatible; Googlebot/2.1;  http://www.google.com/bot.html)"
120.52.120.5 - - [18/Oct/2017:07:53:57 -0400] "POST /xmlrpc.php HTTP/1.0" 403 3652 "-" "Mozilla/5.0 (compatible; Googlebot/2.1;  http://www.google.com/bot.html)"
120.52.120.5 - - [18/Oct/2017:07:58:04 -0400] "POST /xmlrpc.php HTTP/1.0" 403 3652 "-" "Mozilla/5.0 (compatible; Googlebot/2.1;  http://www.google.com/bot.html)"
120.52.120.5 - - [18/Oct/2017:08:01:00 -0400] "POST /xmlrpc.php HTTP/1.0" 403 3652 "-" "Mozilla/5.0 (compatible; Googlebot/2.1;  http://www.google.com/bot.html)"
120.52.120.5 - - [18/Oct/2017:08:03:59 -0400] "POST /xmlrpc.php HTTP/1.0" 403 3652 "-" "Mozilla/5.0 (compatible; Googlebot/2.1;  http://www.google.com/bot.html)"
120.52.120.5 - - [18/Oct/2017:08:06:51 -0400] "POST /xmlrpc.php HTTP/1.0" 403 3652 "-" "Mozilla/5.0 (compatible; Googlebot/2.1;  http://www.google.com/bot.html)"
120.52.120.5 - - [18/Oct/2017:08:10:01 -0400] "POST /xmlrpc.php HTTP/1.0" 403 3652 "-" "Mozilla/5.0 (compatible; Googlebot/2.1;  http://www.google.com/bot.html)"
120.52.120.5 - - [18/Oct/2017:08:14:56 -0400] "POST /xmlrpc.php HTTP/1.0" 403 3652 "-" "Mozilla/5.0 (compatible; Googlebot/2.1;  http://www.google.com/bot.html)"
120.52.120.5 - - [18/Oct/2017:08:18:56 -0400] "POST /xmlrpc.php HTTP/1.0" 403 3652 "-" "Mozilla/5.0 (compatible; Googlebot/2.1;  http://www.google.com/bot.html)"
120.52.120.5 - - [18/Oct/2017:08:22:24 -0400] "POST /xmlrpc.php HTTP/1.0" 403 3652 "-" "Mozilla/5.0 (compatible; Googlebot/2.1;  http://www.google.com/bot.html)"
120.52.120.5 - - [18/Oct/2017:08:26:09 -0400] "POST /xmlrpc.php HTTP/1.0" 403 3652 "-" "Mozilla/5.0 (compatible; Googlebot/2.1;  http://www.google.com/bot.html)"
184.168.193.195 - - [18/Oct/2017:08:28:28 -0400] "GET /dump.sql HTTP/1.1" 404 3732 "http://getrepsheet.com" "-"
120.52.120.5 - - [18/Oct/2017:08:36:06 -0400] "POST /xmlrpc.php HTTP/1.0" 403 3652 "-" "Mozilla/5.0 (compatible; Googlebot/2.1;  http://www.google.com/bot.html)"
120.52.120.5 - - [18/Oct/2017:08:38:42 -0400] "POST /xmlrpc.php HTTP/1.0" 403 3652 "-" "Mozilla/5.0 (compatible; Googlebot/2.1;  http://www.google.com/bot.html)"
120.52.120.5 - - [18/Oct/2017:08:42:18 -0400] "POST /xmlrpc.php HTTP/1.0" 403 3652 "-" "Mozilla/5.0 (compatible; Googlebot/2.1;  http://www.google.com/bot.html)"
120.52.120.5 - - [18/Oct/2017:08:56:21 -0400] "POST /xmlrpc.php HTTP/1.0" 403 3652 "-" "Mozilla/5.0 (compatible; Googlebot/2.1;  http://www.google.com/bot.html)"
120.52.120.5 - - [18/Oct/2017:08:59:12 -0400] "POST /xmlrpc.php HTTP/1.0" 403 3652 "-" "Mozilla/5.0 (compatible; Googlebot/2.1;  http://www.google.com/bot.html)"
120.52.120.5 - - [18/Oct/2017:09:04:00 -0400] "POST /xmlrpc.php HTTP/1.0" 403 3652 "-" "Mozilla/5.0 (compatible; Googlebot/2.1;  http://www.google.com/bot.html)"
120.52.120.5 - - [18/Oct/2017:09:21:30 -0400] "POST /xmlrpc.php HTTP/1.0" 403 3652 "-" "Mozilla/5.0 (compatible; Googlebot/2.1;  http://www.google.com/bot.html)"
120.52.120.5 - - [18/Oct/2017:09:24:45 -0400] "POST /xmlrpc.php HTTP/1.0" 403 3652 "-" "Mozilla/5.0 (compatible; Googlebot/2.1;  http://www.google.com/bot.html)"
173.201.196.103 - - [18/Oct/2017:09:35:41 -0400] "GET /backup.sql HTTP/1.1" 404 3732 "http://getrepsheet.com" "-"
37.187.130.94 - - [18/Oct/2017:09:38:04 -0400] "GET /w00tw00t.at.ISC.SANS.DFind:) HTTP/1.1" 400 173 "-" "-"
71.6.202.198 - - [18/Oct/2017:10:00:28 -0400] "GET /xxbb HTTP/1.1" 404 1386 "-" "Mozilla/5.0 zgrab/0.x"
77.75.77.54 - - [18/Oct/2017:10:00:50 -0400] "GET /robots.txt HTTP/1.1" 200 24 "-" "Mozilla/5.0 (compatible; SeznamBot/3.2; +http://napoveda.seznam.cz/en/seznambot-intro/)"
77.75.77.54 - - [18/Oct/2017:10:00:52 -0400] "GET /mod_repsheet.html HTTP/1.1" 200 5217 "-" "Mozilla/5.0 (compatible; SeznamBot/3.2; +http://napoveda.seznam.cz/en/seznambot-intro/)"
77.75.77.54 - - [18/Oct/2017:10:00:52 -0400] "GET /downloads.html HTTP/1.1" 200 1815 "-" "Mozilla/5.0 (compatible; SeznamBot/3.2; +http://napoveda.seznam.cz/en/seznambot-intro/)"
66.249.66.18 - - [18/Oct/2017:10:19:52 -0400] "GET /robots.txt HTTP/1.1" 200 24 "-" "Mozilla/5.0 (compatible; Googlebot/2.1; +http://www.google.com/bot.html)"
66.249.66.18 - - [18/Oct/2017:10:19:52 -0400] "GET / HTTP/1.1" 200 2947 "-" "Mozilla/5.0 (compatible; Googlebot/2.1; +http://www.google.com/bot.html)"
120.52.120.5 - - [18/Oct/2017:10:22:03 -0400] "POST /xmlrpc.php HTTP/1.0" 403 3652 "-" "Mozilla/5.0 (compatible; Googlebot/2.1;  http://www.google.com/bot.html)"
120.52.120.5 - - [18/Oct/2017:10:25:03 -0400] "POST /xmlrpc.php HTTP/1.0" 403 3652 "-" "Mozilla/5.0 (compatible; Googlebot/2.1;  http://www.google.com/bot.html)"
120.52.120.5 - - [18/Oct/2017:10:31:04 -0400] "POST /xmlrpc.php HTTP/1.0" 403 3652 "-" "Mozilla/5.0 (compatible; Googlebot/2.1;  http://www.google.com/bot.html)"
97.74.24.134 - - [18/Oct/2017:10:41:41 -0400] "GET /sql.tar HTTP/1.1" 404 3732 "http://getrepsheet.com" "-"
180.76.15.18 - - [18/Oct/2017:10:42:31 -0400] "GET /downloads.html HTTP/1.1" 304 0 "-" "Mozilla/5.0 (compatible; Baiduspider/2.0; +http://www.baidu.com/search/spider.html)"
120.52.120.5 - - [18/Oct/2017:10:49:38 -0400] "POST /xmlrpc.php HTTP/1.0" 403 3652 "-" "Mozilla/5.0 (compatible; Googlebot/2.1;  http://www.google.com/bot.html)"
120.52.120.5 - - [18/Oct/2017:10:55:51 -0400] "POST /xmlrpc.php HTTP/1.0" 403 3652 "-" "Mozilla/5.0 (compatible; Googlebot/2.1;  http://www.google.com/bot.html)"
120.52.120.5 - - [18/Oct/2017:11:02:05 -0400] "POST /xmlrpc.php HTTP/1.0" 403 3652 "-" "Mozilla/5.0 (compatible; Googlebot/2.1;  http://www.google.com/bot.html)"
120.52.120.5 - - [18/Oct/2017:11:04:52 -0400] "POST /xmlrpc.php HTTP/1.0" 403 3652 "-" "Mozilla/5.0 (compatible; Googlebot/2.1;  http://www.google.com/bot.html)"
120.52.120.5 - - [18/Oct/2017:11:07:36 -0400] "POST /xmlrpc.php HTTP/1.0" 403 3652 "-" "Mozilla/5.0 (compatible; Googlebot/2.1;  http://www.google.com/bot.html)"
69.195.124.94 - - [18/Oct/2017:11:15:52 -0400] "GET /dump.sql.zip HTTP/1.1" 404 3732 "http://getrepsheet.com" "-"
120.52.120.5 - - [18/Oct/2017:11:16:38 -0400] "POST /xmlrpc.php HTTP/1.0" 403 3652 "-" "Mozilla/5.0 (compatible; Googlebot/2.1;  http://www.google.com/bot.html)"
167.114.219.41 - - [18/Oct/2017:11:17:17 -0400] "GET /robots.txt HTTP/1.1" 200 24 "-" "Mozilla/5.0 (compatible; SiteExplorer/1.1b; +http://siteexplorer.info/Backlink-Checker-Spider/)"
167.114.219.41 - - [18/Oct/2017:11:17:29 -0400] "GET /backend.html HTTP/1.1" 200 3944 "-" "Mozilla/5.0 (compatible; SiteExplorer/1.1b; +http://siteexplorer.info/Backlink-Checker-Spider/)"
167.114.219.41 - - [18/Oct/2017:11:17:51 -0400] "GET /mod_repsheet.html HTTP/1.1" 200 5217 "-" "Mozilla/5.0 (compatible; SiteExplorer/1.1b; +http://siteexplorer.info/Backlink-Checker-Spider/)"
120.52.120.5 - - [18/Oct/2017:11:20:52 -0400] "POST /xmlrpc.php HTTP/1.0" 403 3652 "-" "Mozilla/5.0 (compatible; Googlebot/2.1;  http://www.google.com/bot.html)"
104.238.127.146 - - [18/Oct/2017:11:48:42 -0400] "GET /db.sql.bz2 HTTP/1.1" 404 3732 "http://getrepsheet.com" "-"
120.52.120.5 - - [18/Oct/2017:11:55:20 -0400] "POST /xmlrpc.php HTTP/1.0" 403 3652 "-" "Mozilla/5.0 (compatible; Googlebot/2.1;  http://www.google.com/bot.html)"
120.52.120.5 - - [18/Oct/2017:11:58:24 -0400] "POST /xmlrpc.php HTTP/1.0" 403 3652 "-" "Mozilla/5.0 (compatible; Googlebot/2.1;  http://www.google.com/bot.html)"
120.52.120.5 - - [18/Oct/2017:12:02:46 -0400] "POST /xmlrpc.php HTTP/1.0" 403 3652 "-" "Mozilla/5.0 (compatible; Googlebot/2.1;  http://www.google.com/bot.html)"
213.167.244.55 - - [18/Oct/2017:12:21:11 -0400] "GET /dump.tar HTTP/1.1" 404 3732 "http://getrepsheet.com" "-"
120.52.120.5 - - [18/Oct/2017:12:25:06 -0400] "POST /xmlrpc.php HTTP/1.0" 403 3652 "-" "Mozilla/5.0 (compatible; Googlebot/2.1;  http://www.google.com/bot.html)"
120.52.120.5 - - [18/Oct/2017:12:28:19 -0400] "POST /xmlrpc.php HTTP/1.0" 403 3652 "-" "Mozilla/5.0 (compatible; Googlebot/2.1;  http://www.google.com/bot.html)"
120.52.120.5 - - [18/Oct/2017:12:31:20 -0400] "POST /xmlrpc.php HTTP/1.0" 403 3652 "-" "Mozilla/5.0 (compatible; Googlebot/2.1;  http://www.google.com/bot.html)"
58.20.108.148 - - [18/Oct/2017:12:37:44 -0400] "GET / HTTP/1.1" 200 2947 "-" "Mozilla/5.0 (Windows NT 6.2; WOW64)"
58.20.108.148 - - [18/Oct/2017:12:37:44 -0400] "GET /index.html HTTP/1.1" 200 2947 "-" "Mozilla/5.0 (Windows NT 6.2; WOW64)"
155.94.88.58 - - [18/Oct/2017:12:38:10 -0400] "GET / HTTP/1.0" 200 10397 "-" "sysscan/1.0 (https://github.com/robertdavidgraham/sysscan)"
120.52.120.5 - - [18/Oct/2017:12:47:07 -0400] "POST /xmlrpc.php HTTP/1.0" 403 3652 "-" "Mozilla/5.0 (compatible; Googlebot/2.1;  http://www.google.com/bot.html)"
123.125.71.32 - - [18/Oct/2017:12:49:28 -0400] "GET / HTTP/1.1" 200 2947 "-" "Mozilla/5.0 (compatible; Baiduspider/2.0; +http://www.baidu.com/search/spider.html)"
188.124.8.82 - - [18/Oct/2017:12:53:08 -0400] "GET /mysql.zip HTTP/1.1" 404 3732 "http://getrepsheet.com" "-"
120.52.120.5 - - [18/Oct/2017:12:56:22 -0400] "POST /xmlrpc.php HTTP/1.0" 403 3652 "-" "Mozilla/5.0 (compatible; Googlebot/2.1;  http://www.google.com/bot.html)"
120.52.120.5 - - [18/Oct/2017:12:59:45 -0400] "POST /xmlrpc.php HTTP/1.0" 403 3652 "-" "Mozilla/5.0 (compatible; Googlebot/2.1;  http://www.google.com/bot.html)"
120.52.120.5 - - [18/Oct/2017:13:03:06 -0400] "POST /xmlrpc.php HTTP/1.0" 403 3652 "-" "Mozilla/5.0 (compatible; Googlebot/2.1;  http://www.google.com/bot.html)"
120.52.120.5 - - [18/Oct/2017:13:05:39 -0400] "POST /xmlrpc.php HTTP/1.0" 403 3652 "-" "Mozilla/5.0 (compatible; Googlebot/2.1;  http://www.google.com/bot.html)"
120.52.120.5 - - [18/Oct/2017:13:21:20 -0400] "POST /xmlrpc.php HTTP/1.0" 403 3652 "-" "Mozilla/5.0 (compatible; Googlebot/2.1;  http://www.google.com/bot.html)"
194.152.248.44 - - [18/Oct/2017:13:29:31 -0400] "GET /backup.sql.bz2 HTTP/1.1" 404 3732 "http://getrepsheet.com" "-"
120.52.120.5 - - [18/Oct/2017:13:41:06 -0400] "POST /xmlrpc.php HTTP/1.0" 403 3652 "-" "Mozilla/5.0 (compatible; Googlebot/2.1;  http://www.google.com/bot.html)"
120.52.120.5 - - [18/Oct/2017:13:43:53 -0400] "POST /xmlrpc.php HTTP/1.0" 403 3652 "-" "Mozilla/5.0 (compatible; Googlebot/2.1;  http://www.google.com/bot.html)"
120.52.120.5 - - [18/Oct/2017:13:46:38 -0400] "POST /xmlrpc.php HTTP/1.0" 403 3652 "-" "Mozilla/5.0 (compatible; Googlebot/2.1;  http://www.google.com/bot.html)"
120.52.120.5 - - [18/Oct/2017:13:50:03 -0400] "POST /xmlrpc.php HTTP/1.0" 403 3652 "-" "Mozilla/5.0 (compatible; Googlebot/2.1;  http://www.google.com/bot.html)"
120.52.120.5 - - [18/Oct/2017:13:52:44 -0400] "POST /xmlrpc.php HTTP/1.0" 403 3652 "-" "Mozilla/5.0 (compatible; Googlebot/2.1;  http://www.google.com/bot.html)"
120.52.120.5 - - [18/Oct/2017:13:56:07 -0400] "POST /xmlrpc.php HTTP/1.0" 403 3652 "-" "Mozilla/5.0 (compatible; Googlebot/2.1;  http://www.google.com/bot.html)"
72.167.190.40 - - [18/Oct/2017:13:58:34 -0400] "GET /dump.sql.tgz HTTP/1.1" 404 3732 "http://getrepsheet.com" "-"
120.52.120.5 - - [18/Oct/2017:14:11:28 -0400] "POST /xmlrpc.php HTTP/1.0" 403 3652 "-" "Mozilla/5.0 (compatible; Googlebot/2.1;  http://www.google.com/bot.html)"
120.52.120.5 - - [18/Oct/2017:14:14:17 -0400] "POST /xmlrpc.php HTTP/1.0" 403 3652 "-" "Mozilla/5.0 (compatible; Googlebot/2.1;  http://www.google.com/bot.html)"
120.52.120.5 - - [18/Oct/2017:14:17:14 -0400] "POST /xmlrpc.php HTTP/1.0" 403 3652 "-" "Mozilla/5.0 (compatible; Googlebot/2.1;  http://www.google.com/bot.html)"
120.52.120.5 - - [18/Oct/2017:14:21:52 -0400] "POST /xmlrpc.php HTTP/1.0" 403 3652 "-" "Mozilla/5.0 (compatible; Googlebot/2.1;  http://www.google.com/bot.html)"
23.91.70.105 - - [18/Oct/2017:14:31:54 -0400] "GET /dbdump.sql.gz HTTP/1.1" 404 3732 "http://getrepsheet.com" "-"
120.52.120.5 - - [18/Oct/2017:14:32:53 -0400] "POST /xmlrpc.php HTTP/1.0" 403 3652 "-" "Mozilla/5.0 (compatible; Googlebot/2.1;  http://www.google.com/bot.html)"
120.52.120.5 - - [18/Oct/2017:14:35:38 -0400] "POST /xmlrpc.php HTTP/1.0" 403 3652 "-" "Mozilla/5.0 (compatible; Googlebot/2.1;  http://www.google.com/bot.html)"
120.52.120.5 - - [18/Oct/2017:14:45:20 -0400] "POST /xmlrpc.php HTTP/1.0" 403 3652 "-" "Mozilla/5.0 (compatible; Googlebot/2.1;  http://www.google.com/bot.html)"
5.188.211.16 - - [18/Oct/2017:14:46:58 -0400] "GET /mod_repsheet.html HTTP/1.1" 200 18305 "-" "Mozilla/4.0 (compatible; MSIE 6.0; Windows NT 5.1; SV1)"
5.188.211.16 - - [18/Oct/2017:14:46:58 -0400] "GET /index.html HTTP/1.1" 200 10397 "-" "Mozilla/4.0 (compatible; MSIE 6.0; Windows NT 5.1; SV1)"
5.188.211.16 - - [18/Oct/2017:14:46:58 -0400] "GET /downloads.html HTTP/1.1" 200 6454 "-" "Mozilla/4.0 (compatible; MSIE 6.0; Windows NT 5.1; SV1)"
5.188.211.16 - - [18/Oct/2017:14:46:59 -0400] "GET /modsecurity.org HTTP/1.1" 404 3732 "-" "Mozilla/4.0 (compatible; MSIE 6.0; Windows NT 5.1; SV1)"
120.52.120.5 - - [18/Oct/2017:14:48:36 -0400] "POST /xmlrpc.php HTTP/1.0" 403 3652 "-" "Mozilla/5.0 (compatible; Googlebot/2.1;  http://www.google.com/bot.html)"
120.52.120.5 - - [18/Oct/2017:14:52:08 -0400] "POST /xmlrpc.php HTTP/1.0" 403 3652 "-" "Mozilla/5.0 (compatible; Googlebot/2.1;  http://www.google.com/bot.html)"
120.52.120.5 - - [18/Oct/2017:14:56:49 -0400] "POST /xmlrpc.php HTTP/1.0" 403 3652 "-" "Mozilla/5.0 (compatible; Googlebot/2.1;  http://www.google.com/bot.html)"
120.52.120.5 - - [18/Oct/2017:15:00:11 -0400] "POST /xmlrpc.php HTTP/1.0" 403 3652 "-" "Mozilla/5.0 (compatible; Googlebot/2.1;  http://www.google.com/bot.html)"
201.18.18.173 - - [18/Oct/2017:15:04:22 -0400] "GET / HTTP/1.1" 200 10397 "-" "Mozilla/5.0 (Windows NT 10.0; Win64; x64) AppleWebKit/537.36 (KHTML, like Gecko) Chrome/61.0.3163.100 Safari/537.36"
201.18.18.173 - - [18/Oct/2017:15:04:22 -0400] "GET /wp-includes/wlwmanifest.xml HTTP/1.1" 404 3732 "-" "Mozilla/5.0 (Windows NT 10.0; Win64; x64) AppleWebKit/537.36 (KHTML, like Gecko) Chrome/61.0.3163.100 Safari/537.36"
201.18.18.173 - - [18/Oct/2017:15:04:22 -0400] "GET /xmlrpc.php?rsd HTTP/1.1" 403 3652 "-" "Mozilla/5.0 (Windows NT 10.0; Win64; x64) AppleWebKit/537.36 (KHTML, like Gecko) Chrome/61.0.3163.100 Safari/537.36"
201.18.18.173 - - [18/Oct/2017:15:04:22 -0400] "GET / HTTP/1.1" 200 10397 "-" "Mozilla/5.0 (Windows NT 10.0; Win64; x64) AppleWebKit/537.36 (KHTML, like Gecko) Chrome/61.0.3163.100 Safari/537.36"
201.18.18.173 - - [18/Oct/2017:15:04:22 -0400] "GET /blog/wp-includes/wlwmanifest.xml HTTP/1.1" 404 3732 "-" "Mozilla/5.0 (Windows NT 10.0; Win64; x64) AppleWebKit/537.36 (KHTML, like Gecko) Chrome/61.0.3163.100 Safari/537.36"
201.18.18.173 - - [18/Oct/2017:15:04:22 -0400] "GET /wordpress/wp-includes/wlwmanifest.xml HTTP/1.1" 404 3732 "-" "Mozilla/5.0 (Windows NT 10.0; Win64; x64) AppleWebKit/537.36 (KHTML, like Gecko) Chrome/61.0.3163.100 Safari/537.36"
201.18.18.173 - - [18/Oct/2017:15:04:22 -0400] "GET /wp/wp-includes/wlwmanifest.xml HTTP/1.1" 404 3732 "-" "Mozilla/5.0 (Windows NT 10.0; Win64; x64) AppleWebKit/537.36 (KHTML, like Gecko) Chrome/61.0.3163.100 Safari/537.36"
201.18.18.173 - - [18/Oct/2017:15:04:23 -0400] "GET /site/wp-includes/wlwmanifest.xml HTTP/1.1" 404 3732 "-" "Mozilla/5.0 (Windows NT 10.0; Win64; x64) AppleWebKit/537.36 (KHTML, like Gecko) Chrome/61.0.3163.100 Safari/537.36"
201.18.18.173 - - [18/Oct/2017:15:04:23 -0400] "GET /cms/wp-includes/wlwmanifest.xml HTTP/1.1" 404 3732 "-" "Mozilla/5.0 (Windows NT 10.0; Win64; x64) AppleWebKit/537.36 (KHTML, like Gecko) Chrome/61.0.3163.100 Safari/537.36"
178.210.90.90 - - [18/Oct/2017:15:04:59 -0400] "GET /dump.tgz HTTP/1.0" 404 3732 "http://getrepsheet.com" "-"
120.52.120.5 - - [18/Oct/2017:15:13:58 -0400] "POST /xmlrpc.php HTTP/1.0" 403 3652 "-" "Mozilla/5.0 (compatible; Googlebot/2.1;  http://www.google.com/bot.html)"
120.52.120.5 - - [18/Oct/2017:15:17:23 -0400] "POST /xmlrpc.php HTTP/1.0" 403 3652 "-" "Mozilla/5.0 (compatible; Googlebot/2.1;  http://www.google.com/bot.html)"
120.52.120.5 - - [18/Oct/2017:15:19:55 -0400] "POST /xmlrpc.php HTTP/1.0" 403 3652 "-" "Mozilla/5.0 (compatible; Googlebot/2.1;  http://www.google.com/bot.html)"
120.52.120.5 - - [18/Oct/2017:15:31:03 -0400] "POST /xmlrpc.php HTTP/1.0" 403 3652 "-" "Mozilla/5.0 (compatible; Googlebot/2.1;  http://www.google.com/bot.html)"
157.55.39.8 - - [18/Oct/2017:15:34:00 -0400] "GET /robots.txt HTTP/1.1" 200 24 "-" "Mozilla/5.0 (compatible; bingbot/2.0; +http://www.bing.com/bingbot.htm)"
207.46.13.53 - - [18/Oct/2017:15:37:21 -0400] "GET / HTTP/1.1" 200 2947 "-" "Mozilla/5.0 (compatible; bingbot/2.0; +http://www.bing.com/bingbot.htm)"
87.242.64.169 - - [18/Oct/2017:15:39:38 -0400] "GET /db.tar HTTP/1.1" 404 3732 "http://getrepsheet.com" "-"
120.52.120.5 - - [18/Oct/2017:15:40:07 -0400] "POST /xmlrpc.php HTTP/1.0" 403 3652 "-" "Mozilla/5.0 (compatible; Googlebot/2.1;  http://www.google.com/bot.html)"
182.50.130.192 - - [18/Oct/2017:16:09:12 -0400] "GET /dump.gz HTTP/1.1" 404 3732 "http://getrepsheet.com" "-"
184.96.13.117 - - [18/Oct/2017:16:11:55 -0400] "GET / HTTP/1.1" 200 2947 "-" "Mozilla/5.0 (Macintosh; Intel Mac OS X 10_13) AppleWebKit/604.1.38 (KHTML, like Gecko)"
184.96.13.117 - - [18/Oct/2017:16:11:55 -0400] "GET /apple-touch-icon-precomposed.png HTTP/1.1" 200 4480 "-" "Safari/13604.1.38.1.6 CFNetwork/887 Darwin/17.0.0 (x86_64)"
120.52.120.5 - - [18/Oct/2017:16:14:08 -0400] "POST /xmlrpc.php HTTP/1.0" 403 3652 "-" "Mozilla/5.0 (compatible; Googlebot/2.1;  http://www.google.com/bot.html)"
120.52.120.5 - - [18/Oct/2017:16:16:59 -0400] "POST /xmlrpc.php HTTP/1.0" 403 3652 "-" "Mozilla/5.0 (compatible; Googlebot/2.1;  http://www.google.com/bot.html)"
120.52.120.5 - - [18/Oct/2017:16:32:32 -0400] "POST /xmlrpc.php HTTP/1.0" 403 3652 "-" "Mozilla/5.0 (compatible; Googlebot/2.1;  http://www.google.com/bot.html)"
120.52.120.5 - - [18/Oct/2017:16:35:18 -0400] "POST /xmlrpc.php HTTP/1.0" 403 3652 "-" "Mozilla/5.0 (compatible; Googlebot/2.1;  http://www.google.com/bot.html)"
164.138.19.2 - - [18/Oct/2017:16:41:03 -0400] "GET /db.sql.zip HTTP/1.1" 404 3732 "http://getrepsheet.com" "-"
120.52.120.5 - - [18/Oct/2017:16:44:31 -0400] "POST /xmlrpc.php HTTP/1.0" 403 3652 "-" "Mozilla/5.0 (compatible; Googlebot/2.1;  http://www.google.com/bot.html)"
120.52.120.5 - - [18/Oct/2017:16:47:07 -0400] "POST /xmlrpc.php HTTP/1.0" 403 3652 "-" "Mozilla/5.0 (compatible; Googlebot/2.1;  http://www.google.com/bot.html)"
120.52.120.5 - - [18/Oct/2017:16:50:36 -0400] "POST /xmlrpc.php HTTP/1.0" 403 3652 "-" "Mozilla/5.0 (compatible; Googlebot/2.1;  http://www.google.com/bot.html)"
120.52.120.5 - - [18/Oct/2017:17:33:10 -0400] "POST /xmlrpc.php HTTP/1.0" 403 3652 "-" "Mozilla/5.0 (compatible; Googlebot/2.1;  http://www.google.com/bot.html)"
182.50.132.92 - - [18/Oct/2017:17:34:17 -0400] "GET /sql.zip HTTP/1.1" 404 3732 "http://getrepsheet.com" "-"
120.52.120.5 - - [18/Oct/2017:17:36:04 -0400] "POST /xmlrpc.php HTTP/1.0" 403 3652 "-" "Mozilla/5.0 (compatible; Googlebot/2.1;  http://www.google.com/bot.html)"
120.52.120.5 - - [18/Oct/2017:17:40:17 -0400] "POST /xmlrpc.php HTTP/1.0" 403 3652 "-" "Mozilla/5.0 (compatible; Googlebot/2.1;  http://www.google.com/bot.html)"
120.52.120.5 - - [18/Oct/2017:17:52:50 -0400] "POST /xmlrpc.php HTTP/1.0" 403 3652 "-" "Mozilla/5.0 (compatible; Googlebot/2.1;  http://www.google.com/bot.html)"
82.207.137.1 - - [18/Oct/2017:17:54:35 -0400] "GET / HTTP/1.1" 200 2947 "-" "wonderbot/JS 1.0"
82.207.137.1 - - [18/Oct/2017:17:54:35 -0400] "GET /index.html HTTP/1.1" 200 2947 "-" "wonderbot/JS 1.0"
82.207.137.1 - - [18/Oct/2017:17:54:35 -0400] "GET /index.html HTTP/1.1" 200 2947 "-" "wonderbot/JS 1.0"
155.133.82.226 - - [18/Oct/2017:17:55:46 -0400] "GET /struts2-showcase/showcase.action HTTP/1.1" 404 3732 "-" "Mozilla/5.0 (Macintosh; Intel Mac OS X 10_12_3) AppleWebKit/537.36 (KHTML, like Gecko) Chrome/56.0.2924.87 Safari/537.36"
173.201.196.210 - - [18/Oct/2017:18:06:34 -0400] "GET /dump.zip HTTP/1.1" 404 3732 "http://getrepsheet.com" "-"
120.52.120.5 - - [18/Oct/2017:18:17:37 -0400] "POST /xmlrpc.php HTTP/1.0" 403 3652 "-" "Mozilla/5.0 (compatible; Googlebot/2.1;  http://www.google.com/bot.html)"
120.52.120.5 - - [18/Oct/2017:18:22:17 -0400] "POST /xmlrpc.php HTTP/1.0" 403 3652 "-" "Mozilla/5.0 (compatible; Googlebot/2.1;  http://www.google.com/bot.html)"
72.167.190.169 - - [18/Oct/2017:18:38:44 -0400] "GET /1.sql HTTP/1.1" 404 3732 "http://getrepsheet.com" "-"
120.52.120.5 - - [18/Oct/2017:18:46:25 -0400] "POST /xmlrpc.php HTTP/1.0" 403 3652 "-" "Mozilla/5.0 (compatible; Googlebot/2.1;  http://www.google.com/bot.html)"
120.52.120.5 - - [18/Oct/2017:19:08:58 -0400] "POST /xmlrpc.php HTTP/1.0" 403 3652 "-" "Mozilla/5.0 (compatible; Googlebot/2.1;  http://www.google.com/bot.html)"
184.168.193.173 - - [18/Oct/2017:19:12:13 -0400] "GET /sql.tar.gz HTTP/1.1" 404 3732 "http://getrepsheet.com" "-"
120.52.120.5 - - [18/Oct/2017:19:13:26 -0400] "POST /xmlrpc.php HTTP/1.0" 403 3652 "-" "Mozilla/5.0 (compatible; Googlebot/2.1;  http://www.google.com/bot.html)"
185.172.110.38 - - [18/Oct/2017:19:22:17 -0400] "GET //MyAdmin/scripts/setup.php HTTP/1.1" 403 1338 "-" "-"
185.172.110.38 - - [18/Oct/2017:19:22:17 -0400] "GET //pma/scripts/setup.php HTTP/1.1" 403 1338 "-" "-"
185.172.110.38 - - [18/Oct/2017:19:22:17 -0400] "GET //phpMyAdmin/scripts/setup.php HTTP/1.1" 403 1338 "-" "-"
185.172.110.38 - - [18/Oct/2017:19:22:17 -0400] "GET //phpmyadmin/scripts/setup.php HTTP/1.1" 403 1338 "-" "-"
185.172.110.38 - - [18/Oct/2017:19:22:17 -0400] "GET /muieblackcat HTTP/1.1" 404 1386 "-" "-"
185.172.110.38 - - [18/Oct/2017:19:22:17 -0400] "GET //myadmin/scripts/setup.php HTTP/1.1" 403 1338 "-" "-"
120.52.120.5 - - [18/Oct/2017:19:24:26 -0400] "POST /xmlrpc.php HTTP/1.0" 403 3652 "-" "Mozilla/5.0 (compatible; Googlebot/2.1;  http://www.google.com/bot.html)"
34.214.6.23 - - [18/Oct/2017:19:25:45 -0400] "OPTIONS / HTTP/1.1" 405 575 "-" "Mozilla/5.0 (Macintosh; Intel Mac OS X 10_11_5) AppleWebKit/537.36 (KHTML, like Gecko) Chrome/50.0.2661.102 Safari/537.36"
184.168.152.154 - - [18/Oct/2017:19:44:10 -0400] "GET /site.sql HTTP/1.1" 404 3732 "http://getrepsheet.com" "-"
120.52.120.5 - - [18/Oct/2017:19:46:20 -0400] "POST /xmlrpc.php HTTP/1.0" 403 3652 "-" "Mozilla/5.0 (compatible; Googlebot/2.1;  http://www.google.com/bot.html)"
120.52.120.5 - - [18/Oct/2017:19:49:20 -0400] "POST /xmlrpc.php HTTP/1.0" 403 3652 "-" "Mozilla/5.0 (compatible; Googlebot/2.1;  http://www.google.com/bot.html)"
120.52.120.5 - - [18/Oct/2017:20:12:11 -0400] "POST /xmlrpc.php HTTP/1.0" 403 3652 "-" "Mozilla/5.0 (compatible; Googlebot/2.1;  http://www.google.com/bot.html)"
120.52.120.5 - - [18/Oct/2017:20:15:28 -0400] "POST /xmlrpc.php HTTP/1.0" 403 3652 "-" "Mozilla/5.0 (compatible; Googlebot/2.1;  http://www.google.com/bot.html)"
31.220.17.215 - - [18/Oct/2017:20:16:17 -0400] "GET /data.sql HTTP/1.1" 404 3732 "http://getrepsheet.com" "-"
157.55.39.18 - - [18/Oct/2017:20:20:38 -0400] "GET /robots.txt HTTP/1.1" 200 24 "-" "Mozilla/5.0 (compatible; bingbot/2.0; +http://www.bing.com/bingbot.htm)"
180.76.15.147 - - [18/Oct/2017:20:30:39 -0400] "GET / HTTP/1.1" 200 2947 "-" "Mozilla/5.0 (compatible; Baiduspider/2.0; +http://www.baidu.com/search/spider.html)"
120.52.120.5 - - [18/Oct/2017:20:37:13 -0400] "POST /xmlrpc.php HTTP/1.0" 403 3652 "-" "Mozilla/5.0 (compatible; Googlebot/2.1;  http://www.google.com/bot.html)"
207.46.13.189 - - [18/Oct/2017:20:39:52 -0400] "GET / HTTP/1.1" 200 2947 "-" "Mozilla/5.0 (compatible; bingbot/2.0; +http://www.bing.com/bingbot.htm)"
120.52.120.5 - - [18/Oct/2017:20:41:33 -0400] "POST /xmlrpc.php HTTP/1.0" 403 3652 "-" "Mozilla/5.0 (compatible; Googlebot/2.1;  http://www.google.com/bot.html)"
120.52.120.5 - - [18/Oct/2017:20:45:30 -0400] "POST /xmlrpc.php HTTP/1.0" 403 3652 "-" "Mozilla/5.0 (compatible; Googlebot/2.1;  http://www.google.com/bot.html)"
220.181.108.171 - - [18/Oct/2017:20:48:29 -0400] "GET / HTTP/1.1" 200 2947 "-" "Mozilla/5.0 (compatible; Baiduspider/2.0; +http://www.baidu.com/search/spider.html)"
120.52.120.5 - - [18/Oct/2017:21:01:15 -0400] "POST /xmlrpc.php HTTP/1.0" 403 3652 "-" "Mozilla/5.0 (compatible; Googlebot/2.1;  http://www.google.com/bot.html)"
120.52.120.5 - - [18/Oct/2017:21:04:41 -0400] "POST /xmlrpc.php HTTP/1.0" 403 3652 "-" "Mozilla/5.0 (compatible; Googlebot/2.1;  http://www.google.com/bot.html)"
66.147.244.224 - - [18/Oct/2017:21:22:29 -0400] "GET /dbdump.sql HTTP/1.1" 404 3732 "http://getrepsheet.com" "-"
120.52.120.5 - - [18/Oct/2017:21:24:19 -0400] "POST /xmlrpc.php HTTP/1.0" 403 3652 "-" "Mozilla/5.0 (compatible; Googlebot/2.1;  http://www.google.com/bot.html)"
120.52.120.5 - - [18/Oct/2017:21:33:37 -0400] "POST /xmlrpc.php HTTP/1.0" 403 3652 "-" "Mozilla/5.0 (compatible; Googlebot/2.1;  http://www.google.com/bot.html)"
120.52.120.5 - - [18/Oct/2017:21:36:34 -0400] "POST /xmlrpc.php HTTP/1.0" 403 3652 "-" "Mozilla/5.0 (compatible; Googlebot/2.1;  http://www.google.com/bot.html)"
66.147.244.75 - - [18/Oct/2017:21:55:17 -0400] "GET /db.tar.gz HTTP/1.1" 404 3732 "http://getrepsheet.com" "-"
120.52.120.5 - - [18/Oct/2017:22:26:36 -0400] "POST /xmlrpc.php HTTP/1.0" 403 3652 "-" "Mozilla/5.0 (compatible; Googlebot/2.1;  http://www.google.com/bot.html)"
72.167.190.39 - - [18/Oct/2017:22:27:40 -0400] "GET /db.zip HTTP/1.1" 404 3732 "http://getrepsheet.com" "-"
120.52.120.5 - - [18/Oct/2017:22:35:25 -0400] "POST /xmlrpc.php HTTP/1.0" 403 3652 "-" "Mozilla/5.0 (compatible; Googlebot/2.1;  http://www.google.com/bot.html)"
216.244.66.240 - - [18/Oct/2017:22:56:47 -0400] "GET /robots.txt HTTP/1.1" 200 24 "-" "Mozilla/5.0 (compatible; DotBot/1.1; http://www.opensiteexplorer.org/dotbot, help@moz.com)"
120.52.120.5 - - [18/Oct/2017:22:58:39 -0400] "POST /xmlrpc.php HTTP/1.0" 403 3652 "-" "Mozilla/5.0 (compatible; Googlebot/2.1;  http://www.google.com/bot.html)"
120.52.120.5 - - [18/Oct/2017:23:01:28 -0400] "POST /xmlrpc.php HTTP/1.0" 403 3652 "-" "Mozilla/5.0 (compatible; Googlebot/2.1;  http://www.google.com/bot.html)"
120.52.120.5 - - [18/Oct/2017:23:04:33 -0400] "POST /xmlrpc.php HTTP/1.0" 403 3652 "-" "Mozilla/5.0 (compatible; Googlebot/2.1;  http://www.google.com/bot.html)"
216.244.66.240 - - [18/Oct/2017:23:09:19 -0400] "GET /modsecurity.org HTTP/1.1" 404 3732 "-" "Mozilla/5.0 (compatible; DotBot/1.1; http://www.opensiteexplorer.org/dotbot, help@moz.com)"
160.153.153.157 - - [18/Oct/2017:23:24:04 -0400] "GET /temp.sql HTTP/1.1" 404 3732 "http://getrepsheet.com" "-"
37.187.130.94 - - [18/Oct/2017:23:41:30 -0400] "GET / HTTP/1.1" 200 10397 "-" "Python-urllib/2.7"
37.187.130.94 - - [18/Oct/2017:23:41:43 -0400] "GET /script HTTP/1.1" 404 3732 "-" "Python-urllib/2.7"
37.187.130.94 - - [18/Oct/2017:23:41:54 -0400] "GET /jenkins/script HTTP/1.1" 404 3732 "-" "Python-urllib/2.7"
37.187.130.94 - - [18/Oct/2017:23:42:04 -0400] "GET /login HTTP/1.1" 404 3732 "-" "Python-urllib/2.7"
37.187.130.94 - - [18/Oct/2017:23:42:16 -0400] "GET /jmx-console HTTP/1.1" 404 3732 "-" "Python-urllib/2.7"
37.187.130.94 - - [18/Oct/2017:23:42:25 -0400] "GET /manager/html HTTP/1.1" 404 3732 "-" "Python-urllib/2.7"
37.187.130.94 - - [18/Oct/2017:23:42:36 -0400] "GET /msd HTTP/1.1" 404 3732 "-" "Python-urllib/2.7"
37.187.130.94 - - [18/Oct/2017:23:42:46 -0400] "GET /mySqlDumper HTTP/1.1" 404 3732 "-" "Python-urllib/2.7"
37.187.130.94 - - [18/Oct/2017:23:42:57 -0400] "GET /msd1.24stable HTTP/1.1" 404 3732 "-" "Python-urllib/2.7"
37.187.130.94 - - [18/Oct/2017:23:43:09 -0400] "GET /msd1.24.4 HTTP/1.1" 404 3732 "-" "Python-urllib/2.7"
37.187.130.94 - - [18/Oct/2017:23:43:19 -0400] "GET /mysqldumper HTTP/1.1" 404 3732 "-" "Python-urllib/2.7"
37.187.130.94 - - [18/Oct/2017:23:43:29 -0400] "GET /MySQLDumper HTTP/1.1" 404 3732 "-" "Python-urllib/2.7"
37.187.130.94 - - [18/Oct/2017:23:43:40 -0400] "GET /mysql HTTP/1.1" 404 3732 "-" "Python-urllib/2.7"
120.52.120.5 - - [18/Oct/2017:23:43:41 -0400] "POST /xmlrpc.php HTTP/1.0" 403 3652 "-" "Mozilla/5.0 (compatible; Googlebot/2.1;  http://www.google.com/bot.html)"
182.239.42.27 - - [18/Oct/2017:23:43:45 -0400] "GET /db_backup.sql HTTP/1.1" 404 3732 "http://getrepsheet.com" "-"
37.187.130.94 - - [18/Oct/2017:23:43:50 -0400] "GET /sql HTTP/1.1" 404 3732 "-" "Python-urllib/2.7"
37.187.130.94 - - [18/Oct/2017:23:44:02 -0400] "GET /phpmyadmin HTTP/1.1" 403 169 "-" "Python-urllib/2.7"
37.187.130.94 - - [18/Oct/2017:23:44:13 -0400] "GET /phpMyAdmin HTTP/1.1" 403 169 "-" "Python-urllib/2.7"
37.187.130.94 - - [18/Oct/2017:23:44:23 -0400] "GET /mysql HTTP/1.1" 403 169 "-" "Python-urllib/2.7"
37.187.130.94 - - [18/Oct/2017:23:44:33 -0400] "GET /sql HTTP/1.1" 403 169 "-" "Python-urllib/2.7"
37.187.130.94 - - [18/Oct/2017:23:44:43 -0400] "GET /myadmin HTTP/1.1" 403 169 "-" "Python-urllib/2.7"
37.187.130.94 - - [18/Oct/2017:23:44:52 -0400] "GET /phpMyAdmin-4.2.1-all-languages HTTP/1.1" 403 169 "-" "Python-urllib/2.7"
37.187.130.94 - - [18/Oct/2017:23:45:01 -0400] "GET /phpMyAdmin-4.2.1-english HTTP/1.1" 403 169 "-" "Python-urllib/2.7"
37.187.130.94 - - [18/Oct/2017:23:45:17 -0400] "GET / HTTP/1.1" 403 169 "-" "Python-urllib/2.7"
37.187.130.94 - - [18/Oct/2017:23:45:23 -0400] "GET /sqlite/main.php HTTP/1.1" 403 169 "-" "Python-urllib/2.7"
37.187.130.94 - - [18/Oct/2017:23:45:33 -0400] "GET /SQLite/SQLiteManager-1.2.4/main.php HTTP/1.1" 403 169 "-" "Python-urllib/2.7"
37.187.130.94 - - [18/Oct/2017:23:45:42 -0400] "GET /SQLiteManager-1.2.4/main.php HTTP/1.1" 403 169 "-" "Python-urllib/2.7"
37.187.130.94 - - [18/Oct/2017:23:45:52 -0400] "GET /sqlitemanager/main.php HTTP/1.1" 403 169 "-" "Python-urllib/2.7"
37.187.130.94 - - [18/Oct/2017:23:46:02 -0400] "GET /SQlite/main.php HTTP/1.1" 403 169 "-" "Python-urllib/2.7"
37.187.130.94 - - [18/Oct/2017:23:46:14 -0400] "GET /SQLiteManager/main.php HTTP/1.1" 403 169 "-" "Python-urllib/2.7"
184.168.152.9 - - [19/Oct/2017:00:23:07 -0400] "GET /sql.gz HTTP/1.1" 404 3732 "http://getrepsheet.com" "-"
187.106.185.64 - - [19/Oct/2017:00:36:31 -0400] "GET /hndUnblock.cgi HTTP/1.1" 404 3732 "-" "Wget(linux)"
187.106.185.64 - - [19/Oct/2017:00:36:34 -0400] "GET /tmUnblock.cgi HTTP/1.1" 404 3732 "-" "Wget(linux)"
187.106.185.64 - - [19/Oct/2017:00:36:38 -0400] "GET /moo HTTP/1.1" 404 3732 "-" "Wget(linux)"
187.106.185.64 - - [19/Oct/2017:00:36:41 -0400] "POST /getcfg.php HTTP/1.1" 403 3652 "-" "Wget(linux)"
187.106.185.64 - - [19/Oct/2017:00:36:47 -0400] "POST /getcfg.php HTTP/1.1" 403 3652 "-" "Wget(linux)"
184.168.152.213 - - [19/Oct/2017:00:49:23 -0400] "GET /backup.sql.gz HTTP/1.1" 404 3732 "http://getrepsheet.com" "-"
5.8.10.202 - - [19/Oct/2017:00:51:25 -0400] "GET / HTTP/1.1" 400 173 "-" "-"
120.52.120.5 - - [19/Oct/2017:01:00:47 -0400] "POST /xmlrpc.php HTTP/1.0" 403 3652 "-" "Mozilla/5.0 (compatible; Googlebot/2.1;  http://www.google.com/bot.html)"
120.52.120.5 - - [19/Oct/2017:01:03:42 -0400] "POST /xmlrpc.php HTTP/1.0" 403 3652 "-" "Mozilla/5.0 (compatible; Googlebot/2.1;  http://www.google.com/bot.html)"
120.52.120.5 - - [19/Oct/2017:01:06:37 -0400] "POST /xmlrpc.php HTTP/1.0" 403 3652 "-" "Mozilla/5.0 (compatible; Googlebot/2.1;  http://www.google.com/bot.html)"
120.52.120.5 - - [19/Oct/2017:01:15:51 -0400] "POST /xmlrpc.php HTTP/1.0" 403 3652 "-" "Mozilla/5.0 (compatible; Googlebot/2.1;  http://www.google.com/bot.html)"
178.210.90.90 - - [19/Oct/2017:01:22:26 -0400] "GET /db.sql.gz HTTP/1.0" 404 3732 "http://getrepsheet.com" "-"
155.94.88.58 - - [19/Oct/2017:01:26:01 -0400] "GET / HTTP/1.0" 200 10397 "-" "sysscan/1.0 (https://github.com/robertdavidgraham/sysscan)"
84.201.133.71 - - [19/Oct/2017:01:30:28 -0400] "GET /robots.txt HTTP/1.1" 200 24 "-" "Mozilla/5.0 (compatible; YandexBot/3.0; +http://yandex.com/bots)"
93.158.161.42 - - [19/Oct/2017:01:30:28 -0400] "GET /robots.txt HTTP/1.1" 200 24 "-" "Mozilla/5.0 (compatible; YandexBot/3.0; +http://yandex.com/bots)"
84.201.133.71 - - [19/Oct/2017:01:30:32 -0400] "GET / HTTP/1.1" 200 2947 "-" "Mozilla/5.0 (compatible; YandexBot/3.0; +http://yandex.com/bots)"
93.158.161.42 - - [19/Oct/2017:01:30:32 -0400] "GET / HTTP/1.1" 200 2947 "-" "Mozilla/5.0 (compatible; YandexBot/3.0; +http://yandex.com/bots)"
120.52.120.5 - - [19/Oct/2017:01:33:01 -0400] "POST /xmlrpc.php HTTP/1.0" 403 3652 "-" "Mozilla/5.0 (compatible; Googlebot/2.1;  http://www.google.com/bot.html)"
120.52.120.5 - - [19/Oct/2017:01:39:11 -0400] "POST /xmlrpc.php HTTP/1.0" 403 3652 "-" "Mozilla/5.0 (compatible; Googlebot/2.1;  http://www.google.com/bot.html)"
120.52.120.5 - - [19/Oct/2017:01:42:39 -0400] "POST /xmlrpc.php HTTP/1.0" 403 3652 "-" "Mozilla/5.0 (compatible; Googlebot/2.1;  http://www.google.com/bot.html)"
120.52.120.5 - - [19/Oct/2017:01:47:22 -0400] "POST /xmlrpc.php HTTP/1.0" 403 3652 "-" "Mozilla/5.0 (compatible; Googlebot/2.1;  http://www.google.com/bot.html)"
120.52.120.5 - - [19/Oct/2017:01:50:05 -0400] "POST /xmlrpc.php HTTP/1.0" 403 3652 "-" "Mozilla/5.0 (compatible; Googlebot/2.1;  http://www.google.com/bot.html)"
184.168.193.124 - - [19/Oct/2017:02:04:27 -0400] "GET /sql.tgz HTTP/1.1" 404 3732 "http://getrepsheet.com" "-"
120.52.120.5 - - [19/Oct/2017:02:18:23 -0400] "POST /xmlrpc.php HTTP/1.0" 403 3652 "-" "Mozilla/5.0 (compatible; Googlebot/2.1;  http://www.google.com/bot.html)"
120.52.120.5 - - [19/Oct/2017:02:22:07 -0400] "POST /xmlrpc.php HTTP/1.0" 403 3652 "-" "Mozilla/5.0 (compatible; Googlebot/2.1;  http://www.google.com/bot.html)"
92.63.104.164 - - [19/Oct/2017:02:28:41 -0400] "GET /dump.tar.gz HTTP/1.1" 404 3732 "http://getrepsheet.com" "-"
120.52.120.5 - - [19/Oct/2017:02:34:33 -0400] "POST /xmlrpc.php HTTP/1.0" 403 3652 "-" "Mozilla/5.0 (compatible; Googlebot/2.1;  http://www.google.com/bot.html)"
120.52.120.5 - - [19/Oct/2017:02:52:17 -0400] "POST /xmlrpc.php HTTP/1.0" 403 3652 "-" "Mozilla/5.0 (compatible; Googlebot/2.1;  http://www.google.com/bot.html)"
120.52.120.5 - - [19/Oct/2017:02:55:06 -0400] "POST /xmlrpc.php HTTP/1.0" 403 3652 "-" "Mozilla/5.0 (compatible; Googlebot/2.1;  http://www.google.com/bot.html)"
184.168.152.140 - - [19/Oct/2017:03:01:42 -0400] "GET /dump.sql.gz HTTP/1.1" 404 3732 "http://getrepsheet.com" "-"
